{
  "step143000_t256": {
    "label": "pythia-1.4b-deduped, step 143000 (trained)",
    "n_pairs": 60,
    "valid_pair_rate": 1.0,
    "valid_ctx_rate": 1.0,
    "fail_counts_context": {
      "span": 0,
      "mono": 0,
      "single": 0
    },
    "max_backslide": 0.0,
    "median_w": 0.5411863691925352,
    "iqr_w": 0.16856086905861256,
    "median_edge_drift": 0.07594616075471095,
    "edge_drift_linear": 0.18367346938775514,
    "spearman_jsdB_w": -0.5247013059183108,
    "ci": [
      -0.7005728059139988,
      -0.30350988346737034
    ],
    "p": 1.6806191842036073e-05,
    "n": 60,
    "spearman_jsdB_outjsd": 0.7508752431230898,
    "ci_outjsd": [
      0.6148487532167318,
      0.8428258180500431
    ],
    "p_outjsd": 4.873503433356934e-12,
    "spearman_jsdB_edge": -0.5195332036676856,
    "ci_edge": [
      -0.6887233130568328,
      -0.30771937634930874
    ],
    "p_edge": 2.102678613911142e-05,
    "partial_spearman_jsdB_w": -0.3841622672964713,
    "n_partial": 60,
    "spearman_w_edge": 0.9711030841900531,
    "median_w_by_bin": {
      "0": 0.6187304719608089,
      "1": 0.6083028580356349,
      "2": 0.4623976344077868,
      "3": 0.5023085733653774,
      "4": 0.47897032267955086
    }
  },
  "step0_t256": {
    "label": "pythia-1.4b-deduped, step 0 (untrained)",
    "n_pairs": 60,
    "valid_pair_rate": 1.0,
    "valid_ctx_rate": 1.0,
    "fail_counts_context": {
      "span": 0,
      "mono": 0,
      "single": 0
    },
    "max_backslide": 0.0,
    "median_w": 0.8312273294395396,
    "iqr_w": 0.006128231457259381,
    "median_edge_drift": 0.2126566425399574,
    "edge_drift_linear": 0.18367346938775514,
    "spearman_jsdB_w": -0.055793275909975,
    "ci": [
      -0.31422141307655477,
      0.2106412260184841
    ],
    "p": 0.6719948778859471,
    "n": 60,
    "spearman_jsdB_outjsd": 0.14459572103362045,
    "ci_outjsd": [
      -0.12244658002209921,
      0.3939197472786255
    ],
    "p_outjsd": 0.27034101521236764,
    "spearman_jsdB_edge": -0.0449569324812448,
    "ci_edge": [
      -0.3018632779933001,
      0.21332010353919112
    ],
    "p_edge": 0.7330418843315099,
    "partial_spearman_jsdB_w": -0.14231731036399003,
    "n_partial": 60,
    "spearman_w_edge": 0.9947763267574329,
    "median_w_by_bin": {
      "0": 0.8313692043464851,
      "1": 0.8319222426739599,
      "2": 0.8328673835750736,
      "3": 0.8298610034387189,
      "4": 0.8283738089920127
    }
  },
  "step143000_410m_t256": {
    "label": "pythia-410m-dedup
formation: [
 {
  "step": 0,
  "rho_w": -0.055793275909975,
  "ci_w": [
   -0.31399278263772495,
   0.20582314288935424
  ],
  "p_w": 0.6719948778859471,
  "rho_out": 0.14459572103362045,
  "median_w": 0.8312273294395396,
  "iqr_w": 0.006128231457259381,
  "median_edge_drift": 0.2126566425399574,
  "valid_pair_rate": 1.0
 },
 {
  "step": 1000,
  "rho_w": -0.5824951375382053,
  "ci_w": [
   -0.7655120345876839,
   -0.3555900189664348
  ],
  "p_w": 1.0472344224751853e-06,
  "rho_out": 0.7905529313698252,
  "median_w": 0.7529405041424763,
  "iqr_w": 0.10660163546336365,
  "median_edge_drift": 0.15303639521966944,
  "valid_pair_rate": 1.0
 },
 {
  "step": 8000,
  "rho_w": -0.45551542095026404,
  "ci_w": [
   -0.657365109184619,
   -0.21087069946203282
  ],
  "p_w": 0.0002550410326783814,
  "rho_out": 0.7212559044178941,
  "median_w": 0.6005607625830597,
  "iqr_w": 0.14984080461058813,
  "median_edge_drift": 0.08815219226363524,
  "valid_pair_rate": 1.0
 },
 {
  "step": 32000,
  "rho_w": -0.408335648791331,
  "ci_w": [
   -0.6244806012030206,
   -0.15791179552922047
  ],
  "p_w": 0.0012000977872967137,
  "rho_out": 0.7656571269797168,
  "median_w": 0.5548477922723749,
  "iqr_w": 0.130775257871811,
