Warning: You are sending unauthenticated requests to the HF Hub. Please set a HF_TOKEN to enable higher rate limits and faster downloads.
Loading weights:   0%|          | 0/292 [00:00<?, ?it/s]Loading weights:   0%|          | 1/292 [00:00<00:33,  8.70it/s]Loading weights:  37%|███▋      | 108/292 [00:00<00:00, 582.81it/s]Loading weights:  62%|██████▏   | 180/292 [00:00<00:00, 628.64it/s]Loading weights:  86%|████████▋ | 252/292 [00:00<00:00, 650.97it/s]Loading weights: 100%|██████████| 292/292 [00:00<00:00, 599.09it/s]
1/1000 ' my'/' your' w=0.827
11/1000 ' at'/' from' w=0.833
21/1000 ' actually'/' probably' w=0.831
31/1000 ' hard'/' difficult' w=0.833
41/1000 ' nice'/' amazing' w=0.828
51/1000 ' done'/' written' w=0.835
61/1000 ' strange'/' wonderful' w=0.832
71/1000 ' also'/' just' w=0.838
81/1000 ' interesting'/' impossible' w=0.828
91/1000 ' fun'/' easy' w=0.837
101/1000 ' some'/' most' w=0.823
111/1000 ' perfect'/' fine' w=0.834
121/1000 ' like'/' what' w=0.836
131/1000 ' about'/' because' w=0.834
141/1000 ' already'/' probably' w=0.827
151/1000 ' nothing'/' difficult' w=0.829
161/1000 ' nothing'/' easy' w=0.836
171/1000 ' already'/' simply' w=0.830
181/1000 ' now'/' made' w=0.832
191/1000 ' enough'/' bad' w=0.831
201/1000 ' up'/' well' w=0.829
211/1000 ' as'/' not' w=0.829
221/1000 ' better'/' hard' w=0.830
231/1000 ' good'/' much' w=0.836
241/1000 ' mostly'/' totally' w=0.834
251/1000 ' no'/' our' w=0.834
261/1000 ' big'/' fine' w=0.825
271/1000 ' his'/' no' w=0.834
281/1000 ' being'/' never' w=0.835
291/1000 ' called'/' working' w=0.833
301/1000 ' hot'/' amazing' w=0.829
311/1000 ' made'/' still' w=0.832
321/1000 ' better'/' big' w=0.830
331/1000 ' coming'/' fine' w=0.828
341/1000 ' always'/' getting' w=0.825
351/1000 ' too'/' true' w=0.827
361/1000 ' going'/' something' w=0.832
371/1000 ' one'/' there' w=0.829
381/1000 ' by'/' not' w=0.828
391/1000 ' actually'/' almost' w=0.831
401/1000 ' not'/' from' w=0.830
411/1000 ' almost'/' quite' w=0.824
421/1000 ' written'/' perfect' w=0.832
431/1000 ' hard'/' far' w=0.832
441/1000 ' after'/' being' w=0.830
451/1000 ' simply'/' worth' w=0.830
461/1000 ' not'/' this' w=0.835
471/1000 ' called'/' bad' w=0.832
481/1000 ' as'/' this' w=0.833
491/1000 ' simply'/' nice' w=0.830
501/1000 ' such'/' good' w=0.833
511/1000 ' mostly'/' wonderful' w=0.839
521/1000 ' true'/' kind' w=0.832
531/1000 ' me'/' when' w=0.829
541/1000 ' great'/' still' w=0.829
551/1000 ' most'/' really' w=0.831
561/1000 ' bad'/' exactly' w=0.830
571/1000 ' all'/' your' w=0.828
581/1000 ' most'/' different' w=0.829
591/1000 ' right'/' still' w=0.830
601/1000 ' perfect'/' completely' w=0.837
611/1000 ' hot'/' coming' w=0.830
621/1000 ' much'/' going' w=0.836
631/1000 ' his'/' about' w=0.836
641/1000 ' worth'/' obvious' w=0.833
651/1000 ' over'/' different' w=0.831
661/1000 ' my'/' about' w=0.830
671/1000 ' their'/' like' w=0.829
681/1000 ' worth'/' interesting' w=0.830
691/1000 ' easy'/' completely' w=0.838
701/1000 ' me'/' some' w=0.832
711/1000 ' there'/' over' w=0.831
721/1000 ' hard'/' taking' w=0.835
731/1000 ' out'/' no' w=0.841
741/1000 ' an'/' this' w=0.826
751/1000 ' there'/' about' w=0.827
761/1000 ' getting'/' pretty' w=0.828
771/1000 ' meant'/' absolutely' w=0.830
781/1000 ' just'/' different' w=0.832
791/1000 ' big'/' almost' w=0.832
801/1000 ' part'/' being' w=0.836
811/1000 ' mostly'/' extremely' w=0.830
821/1000 ' hot'/' exactly' w=0.832
831/1000 ' an'/' his' w=0.832
841/1000 ' real'/' getting' w=0.830
851/1000 ' completely'/' worth' w=0.836
861/1000 ' an'/' by' w=0.831
871/1000 ' under'/' good' w=0.827
881/1000 ' actually'/' difficult' w=0.834
891/1000 ' what'/' well' w=0.841
901/1000 ' never'/' enough' w=0.833
911/1000 ' hard'/' pretty' w=0.831
921/1000 ' you'/' his' w=0.831
931/1000 ' written'/' pretty' w=0.827
941/1000 ' there'/' some' w=0.825
951/1000 ' part'/' such' w=0.829
961/1000 ' extremely'/' wonderful' w=0.823
971/1000 ' un'/' either' w=0.831
981/1000 ' un'/' much' w=0.834
991/1000 ' un'/' made' w=0.828
valid-curve rate 1.000  median w 0.831  IQR(w) 0.005  max endpoint rel-err 3.96e-06
 me'/' when' w=0.829
541/1000 ' great'/' still' w=0.829
551/1000 ' most'/' really' w=0.831
561/1000 ' bad'/' exactly' w=0.830
571/1000 ' all'/' your' w=0.828
581/1000 ' most'/' different' w=0.829
591/1000 ' right'/' still' w=0.830
601/1000 ' perfect'/' completely' w=0.837
611/1000 ' hot'/' coming' w=0.830
621/1000 ' much'/' going' w=0.836
631/1000 ' his'/' about' w=0.836
641/1000 ' worth'/' obvious' w=0.833
651/1000 ' over'/' different' w=0.831
661/1000 ' my'/' about' w=0.830
671/1000 ' their'/' like' w=0.829
681/1000 ' worth'/' interesting' w=0.830
691/1000 ' easy'/' completely' w=0.838
701/1000 ' me'/' some' w=0.832
711/1000 ' there'/' over' w=0.831
721/1000 ' hard'/' taking' w=0.835
731/1000 ' out'/' no' w=0.841
741/1000 ' an'/' this' w=0.826
751/1000 ' there'/' about' w=0.827
761/1000 ' getting'/' pretty' w=0.828
771/1000 ' meant'/' absolutely' w=0.830
781/1000 ' just'/' different' w=0.832
791/1000 ' big'/' almost' w=0.832
801/1000 ' part'/' being' w=0.836
811/1000 ' mostly'/' extremely' w=0.830
821/1000 ' hot'/' exactly' w=0.832
831/1000 ' an'/' his' w=0.832
841/1000 ' real'/' getting' w=0.830
851/1000 ' completely'/' worth' w=0.836
861/1000 ' an'/' by' w=0.831
871/1000 ' under'/' good' w=0.827
881/1000 ' actually'/' difficult' w=0.834
891/1000 ' what'/' well' w=0.841
901/1000 ' never'/' enough' w=0.833
911/1000 ' hard'/' pretty' w=0.831
921/1000 ' you'/' his' w=0.831
931/1000 ' written'/' pretty' w=0.827
941/1000 ' there'/' some' w=0.825
951/1000 ' part'/' such' w=0.829
961/1000 ' extremely'/' wonderful' w=0.823
971/1000 ' un'/' either' w=0.831
981/1000 ' un'/' much' w=0.834
991/1000 ' un'/' made' w=0.828
valid-curve rate 1.000  median w 0.831  IQR(w) 0.005  max endpoint rel-err 3.96e-06
