splitA: 0/123 chunks already done
splitA: 1/123 chunks
splitA: 2/123 chunks
splitA: 3/123 chunks
splitA: 4/123 chunks
splitA: 5/123 chunks
splitA: 6/123 chunks
splitA: 7/123 chunks
splitA: 8/123 chunks
splitA: 9/123 chunks
splitA: 10/123 chunks
splitA: 11/123 chunks
splitA: 12/123 chunks
splitA: 13/123 chunks
splitA: 14/123 chunks
splitA: 15/123 chunks
splitA: 16/123 chunks
splitA: 17/123 chunks
splitA: 18/123 chunks
splitA: 19/123 chunks
splitA: 20/123 chunks
splitA: 21/123 chunks
splitA: 22/123 chunks
splitA: 23/123 chunks
splitA: 24/123 chunks
splitA: 25/123 chunks
splitA: 26/123 chunks
splitA: 27/123 chunks
splitA: 28/123 chunks
splitA: 29/123 chunks
splitA: 30/123 chunks
splitA: 31/123 chunks
splitA: 32/123 chunks
splitA: 33/123 chunks
splitA: 34/123 chunks
splitA: 35/123 chunks
splitA: 36/123 chunks
splitA: 37/123 chunks
splitA: 38/123 chunks
splitA: 39/123 chunks
splitA: 40/123 chunks
splitA: 41/123 chunks
splitA: 42/123 chunks
splitA: 43/123 chunks
splitA: 44/123 chunks
splitA: 45/123 chunks
splitA: 46/123 chunks
splitA: 47/123 chunks
splitA: 48/123 chunks
splitA: 49/123 chunks
splitA: 50/123 chunks
splitA: 51/123 chunks
splitA: 52/123 chunks
splitA: 53/123 chunks
splitA: 54/123 chunks
splitA: 55/123 chunks
splitA: 56/123 chunks
splitA: 57/123 chunks
splitA: 58/123 chunks
splitA: 59/123 chunks
splitA: 60/123 chunks
splitA: 61/123 chunks
splitA: 62/123 chunks
splitA: 63/123 chunks
splitA: 64/123 chunks
splitA: 65/123 chunks
splitA: 66/123 chunks
splitA: 67/123 chunks
splitA: 68/123 chunks
splitA: 69/123 chunks
splitA: 70/123 chunks
splitA: 71/123 chunks
splitA: 72/123 chunks
splitA: 73/123 chunks
splitA: 74/123 chunks
splitA: 75/123 chunks
splitA: 76/123 chunks
splitA: 77/123 chunks
splitA: 78/123 chunks
splitA: 79/123 chunks
splitA: 80/123 chunks
splitA: 81/123 chunks
splitA: 82/123 chunks
splitA: 83/123 chunks
splitA: 84/123 chunks
splitA: 85/123 chunks
splitA: 86/123 chunks
splitA: 87/123 chunks
splitA: 88/123 chunks
splitA: 89/123 chunks
splitA: 90/123 chunks
splitA: 91/123 chunks
splitA: 92/123 chunks
splitA: 93/123 chunks
splitA: 94/123 chunks
splitA: 95/123 chunks
splitA: 96/123 chunks
splitA: 97/123 chunks
splitA: 98/123 chunks
splitA: 99/123 chunks
splitA: 100/123 chunks
splitA: 101/123 chunks
splitA: 102/123 chunks
splitA: 103/123 chunks
splitA: 104/123 chunks
splitA: 105/123 chunks
splitA: 106/123 chunks
splitA: 107/123 chunks
splitA: 108/123 chunks
splitA: 109/123 chunks
splitA: 110/123 chunks
splitA: 111/123 chunks
splitA: 112/123 chunks
splitA: 113/123 chunks
splitA: 114/123 chunks
splitA: 115/123 chunks
splitA: 116/123 chunks
splitA: 117/123 chunks
splitA: 118/123 chunks
splitA: 119/123 chunks
splitA: 120/123 chunks
splitA: 121/123 chunks
splitA: 122/123 chunks
splitA: 123/123 chunks
splitB: 0/123 chunks already done
splitB: 1/123 chunks
splitB: 2/123 chunks
splitB: 3/123 chunks
splitB: 4/123 chunks
splitB: 5/123 chunks
splitB: 6/123 chunks
splitB: 7/123 chunks
splitB: 8/123 chunks
splitB: 9/123 chunks
splitB: 10/123 chunks
splitB: 11/123 chunks
splitB: 12/123 chunks
splitB: 13/123 chunks
splitB: 14/123 chunks
splitB: 15/123 chunks
splitB: 16/123 chunks
splitB: 17/123 chunks
splitB: 18/123 chunks
splitB: 19/123 chunks
splitB: 20/123 chunks
splitB: 21/123 chunks
splitB: 22/123 chunks
splitB: 23/123 chunks
splitB: 24/123 chunks
splitB: 25/123 chunks
splitB: 26/123 chunks
splitB: 27/123 chunks
splitB: 28/123 chunks
splitB: 29/123 chunks
splitB: 30/123 chunks
splitB: 31/123 chunks
splitB: 32/123 chunks
splitB: 33/123 chunks
splitB: 34/123 chunks
splitB: 35/123 chunks
splitB: 36/123 chunks
splitB: 37/123 chunks
splitB: 38/123 chunks
splitB: 39/123 chunks
splitB: 40/123 chunks
splitB: 41/123 chunks
splitB: 42/123 chunks
splitB: 43/123 chunks
splitB: 44/123 chunks
splitB: 45/123 chunks
splitB: 46/123 chunks
splitB: 47/123 chunks
splitB: 48/123 chunks
splitB: 49/123 chunks
splitB: 50/123 chunks
splitB: 51/123 chunks
splitB: 52/123 chunks
splitB: 53/123 chunks
splitB: 54/123 chunks
splitB: 55/123 chunks
splitB: 56/123 chunks
splitB: 57/123 chunks
splitB: 58/123 chunks
splitB: 59/123 chunks
splitB: 60/123 chunks
splitB: 61/123 chunks
splitB: 62/123 chunks
splitB: 63/123 chunks
splitB: 64/123 chunks
splitB: 65/123 chunks
splitB: 66/123 chunks
splitB: 67/123 chunks
splitB: 68/123 chunks
splitB: 69/123 chunks
splitB: 70/123 chunks
splitB: 71/123 chunks
splitB: 72/123 chunks
splitB: 73/123 chunks
splitB: 74/123 chunks
splitB: 75/123 chunks
splitB: 76/123 chunks
splitB: 77/123 chunks
splitB: 78/123 chunks
splitB: 79/123 chunks
splitB: 80/123 chunks
splitB: 81/123 chunks
splitB: 82/123 chunks
splitB: 83/123 chunks
splitB: 84/123 chunks
splitB: 85/123 chunks
splitB: 86/123 chunks
splitB: 87/123 chunks
splitB: 88/123 chunks
splitB: 89/123 chunks
splitB: 90/123 chunks
splitB: 91/123 chunks
splitB: 92/123 chunks
splitB: 93/123 chunks
splitB: 94/123 chunks
splitB: 95/123 chunks
splitB: 96/123 chunks
splitB: 97/123 chunks
splitB: 98/123 chunks
splitB: 99/123 chunks
splitB: 100/123 chunks
splitB: 101/123 chunks
splitB: 102/123 chunks
splitB: 103/123 chunks
splitB: 104/123 chunks
splitB: 105/123 chunks
splitB: 106/123 chunks
splitB: 107/123 chunks
splitB: 108/123 chunks
splitB: 109/123 chunks
splitB: 110/123 chunks
splitB: 111/123 chunks
splitB: 112/123 chunks
splitB: 113/123 chunks
splitB: 114/123 chunks
splitB: 115/123 chunks
splitB: 116/123 chunks
splitB: 117/123 chunks
splitB: 118/123 chunks
splitB: 119/123 chunks
splitB: 120/123 chunks
splitB: 121/123 chunks
splitB: 122/123 chunks
splitB: 123/123 chunks
done
