baseline {'Japan': {'margin': 9.526101112365723, 'p_tokyo': 0.18348456919193268, 'p_berlin': 1.33803214339423e-05, 'top1': ' Tokyo', 'p_is': 0.40870580077171326}, 'Germany': {'margin': -9.172065734863281, 'p_tokyo': 2.6233399694319814e-05, 'p_berlin': 0.252483069896698, 'top1': ' Berlin', 'p_is': 0.6005579829216003}}

== to_Berlin | site=is | signed margin shift at beta=1 (k=1,5,10) and beta=2 (k=10); * = margin reversed
  L    0 k_used=    2    0.02     0.02     0.02     0.04   top1(k10,b1)=' Tokyo' p_is=0.41 l2=0.25
  L    1 k_used=   10    0.15     0.22     0.23     0.81   top1(k10,b1)=' a' p_is=0.41 l2=1.10
  L    2 k_used=    8    0.03     0.07     0.07     0.11   top1(k10,b1)=' Tokyo' p_is=0.41 l2=0.70
  L    3 k_used=    6    0.01     0.02     0.02     0.04   top1(k10,b1)=' Tokyo' p_is=0.41 l2=0.11
  L    4 k_used=   10    0.05     0.11     0.12     0.26   top1(k10,b1)=' Tokyo' p_is=0.41 l2=0.51
  L    5 k_used=    1    0.04     0.04     0.04     0.09   top1(k10,b1)=' Tokyo' p_is=0.41 l2=0.26
  L    6 k_used=    1    0.12     0.12     0.12     0.26   top1(k10,b1)=' Tokyo' p_is=0.41 l2=0.66
  L    7 k_used=    4    0.06     0.10     0.10     0.21   top1(k10,b1)=' Tokyo' p_is=0.41 l2=0.80
  L    8 k_used=   10    0.14     0.42     0.48     1.14   top1(k10,b1)=' a' p_is=0.41 l2=1.91
  L    9 k_used=    6    0.08     0.13     0.13     0.28   top1(k10,b1)=' Tokyo' p_is=0.41 l2=0.82
  L   10 k_used=    7    0.28     0.45     0.47     0.97   top1(k10,b1)=' a' p_is=0.41 l2=2.74
  L   11 k_used=    7    0.04     0.07     0.07     0.14   top1(k10,b1)=' Tokyo' p_is=0.41 l2=0.75
  L   12 k_used=    8    0.10     0.15     0.16     0.33   top1(k10,b1)=' Tokyo' p_is=0.41 l2=1.08
  L   13 k_used=    6    0.01     0.03     0.03     0.06   top1(k10,b1)=' Tokyo' p_is=0.41 l2=0.38
  L   14 k_used=   10    0.08     0.23     0.29     0.57   top1(k10,b1)=' Tokyo' p_is=0.41 l2=3.49
  L   15 k_used=   10    0.07     0.12     0.12     0.26   top1(k10,b1)=' Tokyo' p_is=0.41 l2=1.62
  L   16 k_used=    7    0.05     0.17     0.17     0.35   top1(k10,b1)=' Tokyo' p_is=0.41 l2=3.26
  L   17 k_used=    6    0.14     0.25     0.25     0.52   top1(k10,b1)=' a' p_is=0.41 l2=3.27
  L   18 k_used=    8    0.04     0.12     0.13     0.26   top1(k10,b1)=' Tokyo' p_is=0.41 l2=2.46
  L   19 k_used=    4    0.15     0.21     0.21     0.41   top1(k10,b1)=' Tokyo' p_is=0.41 l2=6.25
  L   20 k_used=    9    1.19     2.57     2.58     5.86   top1(k10,b1)=' a' p_is=0.41 l2=26.34
  L   21 k_used=    9    1.18     2.56     2.56     5.96   top1(k10,b1)=' a' p_is=0.41 l2=48.81
  L   22 k_used=    8    3.92     4.33     4.38     7.77   top1(k10,b1)=' a' p_is=0.41 l2=94.87
  L   23 k_used=   10    2.52     3.81     3.95     7.33   top1(k10,b1)=' a' p_is=0.41 l2=96.06
  L   24 k_used=   10    0.23     0.66     0.74     1.49   top1(k10,b1)=' Tokyo' p_is=0.41 l2=51.90
  L   25 k_used=    8    0.22     0.32     0.32     0.77   top1(k10,b1)=' Tokyo' p_is=0.41 l2=49.05
  L   26 k_used=    2    0.15     0.15     0.15     0.36   top1(k10,b1)=' Tokyo' p_is=0.41 l2=37.39
  L   27 k_used=    4    0.16     0.18     0.18     0.36   top1(k10,b1)=' Tokyo' p_is=0.41 l2=14.60

== to_Berlin | site=country | signed margin shift at beta=1 (k=1,5,10) and beta=2 (k=10); * = margin reversed
  L    0 k_used=   10    0.36     0.72     0.78     1.39   top1(k10,b1)=' Tokyo' p_is=0.44 l2=2.87
  L    1 k_used=    6    0.37     0.55     0.55     0.13   top1(k10,b1)=' Tokyo' p_is=0.39 l2=3.52
  L    2 k_used=    8    0.06     0.20     0.20     0.24   top1(k10,b1)=' Tokyo' p_is=0.40 l2=2.20
  L    3 k_used=   10    0.38     1.00     1.00     1.02   top1(k10,b1)=' a' p_is=0.42 l2=4.85
  L    4 k_used=   10    0.44     1.21     0.94     1.02   top1(k10,b1)=' a' p_is=0.40 l2=6.29
  L    5 k_used=    3    0.29     0.54     0.54     0.94   top1(k10,b1)=' a' p_is=0.39 l2=5.25
  L    6 k_used=    5    0.19     0.41     0.41     0.89   top1(k10,b1)=' a' p_is=0.39 l2=4.70
  L    7 k_used=    5    1.05     2.77     2.77     7.74   top1(k10,b1)=' a' p_is=0.43 l2=6.56
  L    8 k_used=    6    0.20     0.41     0.53     1.38   top1(k10,b1)=' a' p_is=0.39 l2=6.10
  L    9 k_used=    8    0.50     1.19     1.25     2.41   top1(k10,b1)=' a' p_is=0.41 l2=6.01
  L   10 k_used=    6    0.80     0.87     0.88     2.44   top1(k10,b1)=' Tokyo' p_is=0.43 l2=7.84
  L   11 k_used=    6    0.08     0.17     0.17     0.35   top1(k10,b1)=' Tokyo' p_is=0.42 l2=4.49
  L   12 k_used=    5    0.08     0.13     0.13     0.27   top1(k10,b1)=' Tokyo' p_is=0.41 l2=4.16
  L   13 k_used=    7    0.05     0.10     0.10     0.21   top1(k10,b1)=' Tokyo' p_is=0.41 l2=1.66
  L   14 k_used=    4    0.14     0.15     0.15     0.31   top1(k10,b1)=' Tokyo' p_is=0.40 l2=2.85
  L   15 k_used=    7    0.08     0.13     0.13     0.28   top1(k10,b1)=' Tokyo' p_is=0.40 l2=4.44
  L   16 k_used=   10    1.11     5.73     7.06    16.04*  top1(k10,b1)=' a' p_is=0.45 l2=30.21
  L   17 k_used=    4    0.14     0.17     0.17     0.37   top1(k10,b1)=' Tokyo' p_is=0.37 l2=9.47
  L   18 k_used=    5    0.14     0.23     0.23     0.51   top1(k10,b1)=' Tokyo' p_is=0.41 l2=15.30
  L   19 k_used=    4    0.80     0.97     0.97     2.58   top1(k10,b1)=' Tokyo' p_is=0.43 l2=29.65
  L   20 k_used=    8    0.65     1.05     1.07     2.26   top1(k10,b1)=' Tokyo' p_is=0.42 l2=39.56
  L   21 k_used=    8    0.13     0.26     0.32     0.77   top1(k10,b1)=' Tokyo' p_is=0.40 l2=34.49
  L   22 k_used=    3    0.59     0.85     0.85     1.63   top1(k10,b1)=' Tokyo' p_is=0.37 l2=68.35
  L   23 k_used=    3    0.26     0.33     0.33     0.61   top1(k10,b1)=' Tokyo' p_is=0.42 l2=53.08
  L   24 k_used=    3    0.06     0.06     0.06     0.13   top1(k10,b1)=' Tokyo' p_is=0.42 l2=26.54
  L   25 k_used=    3    0.04     0.06     0.06     0.12   top1(k10,b1)=' Tokyo' p_is=0.40 l2=28.58
  L   26 k_used=    6    0.01     0.01     0.01     0.03   top1(k10,b1)=' Tokyo' p_is=0.41 l2=13.99
  L  0+1 k_used= 10+6    0.66     1.09     1.20     2.72   top1(k10,b1)=' Tokyo' p_is=0.41 l2=2.87+2.83
  L  1+2 k_used=  6+8    0.47     0.91     0.92     0.47   top1(k10,b1)=' a' p_is=0.39 l2=3.52+2.44
  L  2+3 k_used= 8+10    0.44     1.08     1.07     1.29   top1(k10,b1)=' a' p_is=0.41 l2=2.20+4.38
  L  3+4 k_used=10+10    0.72     1.57     1.44     2.85   top1(k10,b1)=' a' p_is=0.44 l2=4.85+5.35
  L  4+5 k_used= 10+3    0.64     1.53     1.29     1.51   top1(k10,b1)=' a' p_is=0.40 l2=6.29+5.11
  L  5+6 k_used=  3+5    0.45     0.79     0.79     1.37   top1(k10,b1)=' a' p_is=0.41 l2=5.25+4.49
  L  6+7 k_used=  5+5    1.16     3.04     3.04     7.85   top1(k10,b1)=' a' p_is=0.41 l2=4.70+6.84
  L  7+8 k_used=  5+6    1.11     2.76     2.87     6.43   top1(k10,b1)=' a' p_is=0.40 l2=6.56+5.28
  L  8+9 k_used=  6+8    0.66     1.48     1.61     2.82   top1(k10,b1)=' a' p_is=0.38 l2=6.10+6.38
  L 9+10 k_used=  8+6    1.43     2.18     2.24     4.66   top1(k10,b1)=' a' p_is=0.43 l2=6.01+7.87
  L10+11 k_used=  6+6    0.88     1.05     1.05     2.83   top1(k10,b1)=' Tokyo' p_is=0.43 l2=7.84+4.40
  L11+12 k_used=  6+5    0.16     0.28     0.29     0.57   top1(k10,b1)=' Tokyo' p_is=0.42 l2=4.49+4.19
  L12+13 k_used=  5+7    0.13     0.22     0.22     0.41   top1(k10,b1)=' a' p_is=0.41 l2=4.16+1.60
  L13+14 k_used=  7+4    0.19     0.26     0.26     0.53   top1(k10,b1)=' Tokyo' p_is=0.40 l2=1.66+2.83
  L14+15 k_used=  4+7    0.22     0.28     0.28     0.61   top1(k10,b1)=' Tokyo' p_is=0.40 l2=2.85+4.68
  L15+16 k_used= 7+10    1.17     5.82     7.17    15.90*  top1(k10,b1)=' a' p_is=0.45 l2=4.44+30.28
  L16+17 k_used= 10+4    1.30     5.99     7.38    15.99*  top1(k10,b1)=' a' p_is=0.42 l2=30.21+5.91
  L17+18 k_used=  4+5    0.30     0.42     0.42     0.94   top1(k10,b1)=' Tokyo' p_is=0.38 l2=9.47+15.32
  L18+19 k_used=  5+4    0.98     1.31     1.31     3.09   top1(k10,b1)=' Tokyo' p_is=0.44 l2=15.30+29.62
  L19+20 k_used=  4+8    1.47     2.27     2.26     4.53   top1(k10,b1)=' Tokyo' p_is=0.44 l2=29.65+34.44
  L20+21 k_used=  8+8    0.76     1.24     1.32     2.47   top1(k10,b1)=' Tokyo' p_is=0.40 l2=39.56+22.28
  L21+22 k_used=  8+3    0.71     1.15     1.26     2.21   top1(k10,b1)=' Tokyo' p_is=0.37 l2=34.49+68.36
  L22+23 k_used=  3+3    0.85     1.13     1.13     1.94   top1(k10,b1)=' Tokyo' p_is=0.38 l2=68.35+48.67
  L23+24 k_used=  3+3    0.31     0.38     0.38     0.68   top1(k10,b1)=' Tokyo' p_is=0.43 l2=53.08+23.82
  L24+25 k_used=  3+3    0.09     0.12     0.12     0.23   top1(k10,b1)=' Tokyo' p_is=0.41 l2=26.54+28.56
  L25+26 k_used=  3+6    0.04     0.07     0.07     0.14   top1(k10,b1)=' Tokyo' p_is=0.40 l2=28.58+10.65

== to_Tokyo | site=is | signed margin shift at beta=1 (k=1,5,10) and beta=2 (k=10); * = margin reversed
  L    0 k_used=    2    0.03     0.03     0.03     0.07   top1(k10,b1)=' Berlin' p_is=0.60 l2=0.16
  L    1 k_used=   10    0.03     0.04     0.05     0.06   top1(k10,b1)=' Berlin' p_is=0.60 l2=0.61
  L    2 k_used=    6    0.04     0.04     0.05     0.07   top1(k10,b1)=' Berlin' p_is=0.60 l2=0.45
  L    3 k_used=    7    0.08     0.17     0.18     0.37   top1(k10,b1)=' Berlin' p_is=0.60 l2=0.57
  L    4 k_used=    8    0.04     0.10     0.10     0.20   top1(k10,b1)=' Berlin' p_is=0.60 l2=0.48
  L    5 k_used=    4    0.49     0.64     0.64     1.49   top1(k10,b1)=' Berlin' p_is=0.60 l2=0.62
  L    6 k_used=    4    0.06     0.11     0.11     0.22   top1(k10,b1)=' Berlin' p_is=0.60 l2=0.29
  L    7 k_used=    2    0.00     0.00     0.00     0.01   top1(k10,b1)=' Berlin' p_is=0.60 l2=0.15
  L    8 k_used=    8    0.40     0.54     0.56     1.47   top1(k10,b1)=' Berlin' p_is=0.60 l2=1.56
  L    9 k_used=    4    0.20     0.26     0.26     0.56   top1(k10,b1)=' Berlin' p_is=0.60 l2=0.87
  L   10 k_used=    8    0.10     0.22     0.23     0.47   top1(k10,b1)=' Berlin' p_is=0.60 l2=1.14
  L   11 k_used=    3    0.05     0.08     0.08     0.15   top1(k10,b1)=' Berlin' p_is=0.60 l2=1.32
  L   12 k_used=    8    0.20     0.33     0.34     0.77   top1(k10,b1)=' Berlin' p_is=0.60 l2=1.82
  L   13 k_used=    8    0.07     0.26     0.27     0.57   top1(k10,b1)=' Berlin' p_is=0.60 l2=1.33
  L   14 k_used=    9    0.13     0.30     0.32     0.65   top1(k10,b1)=' Berlin' p_is=0.60 l2=2.35
  L   15 k_used=    6    0.05     0.08     0.08     0.16   top1(k10,b1)=' Berlin' p_is=0.60 l2=0.90
  L   16 k_used=    2    0.02     0.02     0.02     0.04   top1(k10,b1)=' Berlin' p_is=0.60 l2=0.65
  L   17 k_used=    5    0.24     0.35     0.35     0.89   top1(k10,b1)=' Berlin' p_is=0.60 l2=7.37
  L   18 k_used=   10    0.10     0.18     0.21     0.44   top1(k10,b1)=' Berlin' p_is=0.60 l2=3.35
  L   19 k_used=    7    0.24     0.31     0.31     0.62   top1(k10,b1)=' Berlin' p_is=0.60 l2=7.42
  L   20 k_used=   10    0.61     1.09     1.14     3.90   top1(k10,b1)=' Berlin' p_is=0.60 l2=32.96
  L   21 k_used=    4    2.75     2.82     2.82     5.61   top1(k10,b1)=' Berlin' p_is=0.60 l2=44.49
  L   22 k_used=    6    1.16     1.69     1.71     4.95   top1(k10,b1)=' Berlin' p_is=0.60 l2=93.85
  L   23 k_used=   10    3.86     4.32     4.39     8.20   top1(k10,b1)=' Berlin' p_is=0.60 l2=83.71
  L   24 k_used=    6    0.27     0.33     0.33     0.70   top1(k10,b1)=' Berlin' p_is=0.60 l2=26.82
  L   25 k_used=    8    0.36     0.72     0.73     1.54   top1(k10,b1)=' Berlin' p_is=0.60 l2=49.20
  L   26 k_used=    7    0.33     0.53     0.55     1.04   top1(k10,b1)=' Berlin' p_is=0.60 l2=54.88
  L   27 k_used=    6    0.50     0.57     0.57     1.12   top1(k10,b1)=' Berlin' p_is=0.60 l2=33.42

== to_Tokyo | site=country | signed margin shift at beta=1 (k=1,5,10) and beta=2 (k=10); * = margin reversed
  L    0 k_used=   10    0.26     0.88     1.30     3.11   top1(k10,b1)=' Berlin' p_is=0.62 l2=3.12
  L    1 k_used=    9    0.38     1.29     1.28     2.03   top1(k10,b1)=' Berlin' p_is=0.60 l2=3.41
  L    2 k_used=    8    0.34     1.16     1.22     3.07   top1(k10,b1)=' a' p_is=0.58 l2=2.58
  L    3 k_used=    6    0.35     0.65     0.65     1.50   top1(k10,b1)=' Berlin' p_is=0.62 l2=3.45
  L    4 k_used=    9    0.45     1.20     1.17     4.97   top1(k10,b1)=' Berlin' p_is=0.57 l2=5.64
  L    5 k_used=    6    0.57     1.47     1.60     3.11   top1(k10,b1)=' Berlin' p_is=0.55 l2=6.54
  L    6 k_used=    4    0.28     0.68     0.68     1.23   top1(k10,b1)=' Berlin' p_is=0.59 l2=4.82
  L    7 k_used=    7    0.16     0.68     0.69     3.01   top1(k10,b1)=' Berlin' p_is=0.55 l2=5.95
  L    8 k_used=    6    0.43     0.58     0.59     1.04   top1(k10,b1)=' Berlin' p_is=0.56 l2=5.27
  L    9 k_used=    4    0.87     0.99     0.99     2.34   top1(k10,b1)=' Berlin' p_is=0.60 l2=5.31
  L   10 k_used=    9    0.78     1.29     1.32     4.20   top1(k10,b1)=' Berlin' p_is=0.56 l2=8.05
  L   11 k_used=    4    0.19     0.37     0.37     0.74   top1(k10,b1)=' Berlin' p_is=0.59 l2=4.36
  L   12 k_used=    1    0.00     0.00     0.00     0.01   top1(k10,b1)=' Berlin' p_is=0.60 l2=0.06
  L   13 k_used=    7    0.07     0.10     0.10     0.21   top1(k10,b1)=' Berlin' p_is=0.61 l2=3.22
  L   14 k_used=    5    0.06     0.13     0.13     0.27   top1(k10,b1)=' Berlin' p_is=0.61 l2=3.26
  L   15 k_used=    5    0.07     0.09     0.09     0.18   top1(k10,b1)=' Berlin' p_is=0.59 l2=2.45
  L   16 k_used=   10    1.06     2.58     4.13    12.95*  top1(k10,b1)=' Berlin' p_is=0.56 l2=24.79
  L   17 k_used=    5    1.11     1.89     1.89     5.72   top1(k10,b1)=' Berlin' p_is=0.54 l2=22.00
  L   18 k_used=    3    0.21     0.22     0.22     0.46   top1(k10,b1)=' Berlin' p_is=0.63 l2=12.59
  L   19 k_used=    4    0.43     1.25     1.25     3.55   top1(k10,b1)=' Berlin' p_is=0.61 l2=34.69
  L   20 k_used=    7    0.50     1.17     1.18     2.28   top1(k10,b1)=' Berlin' p_is=0.51 l2=34.92
  L   21 k_used=    4    0.23     0.67     0.67     1.48   top1(k10,b1)=' Berlin' p_is=0.54 l2=43.14
  L   22 k_used=    3    0.25     0.43     0.43     0.96   top1(k10,b1)=' Berlin' p_is=0.66 l2=68.89
  L   23 k_used=    3    0.68     0.73     0.73     1.50   top1(k10,b1)=' Berlin' p_is=0.55 l2=53.63
  L   24 k_used=    3    0.01     0.03     0.03     0.06   top1(k10,b1)=' Berlin' p_is=0.57 l2=23.63
  L   25 k_used=    1    0.05     0.05     0.05     0.10   top1(k10,b1)=' Berlin' p_is=0.57 l2=24.25
  L   26 k_used=    6    0.01     0.02     0.02     0.04   top1(k10,b1)=' Berlin' p_is=0.60 l2=17.94
  L  0+1 k_used= 10+9    0.61     1.86     2.23     4.54   top1(k10,b1)=' Berlin' p_is=0.63 l2=3.12+3.09
  L  1+2 k_used=  9+8    0.73     2.57     2.55     2.87   top1(k10,b1)=' a' p_is=0.58 l2=3.41+2.41
  L  2+3 k_used=  8+6    0.75     2.01     2.08     3.85   top1(k10,b1)=' a' p_is=0.61 l2=2.58+3.44
  L  3+4 k_used=  6+9    0.82     1.54     1.52     2.98   top1(k10,b1)=' a' p_is=0.60 l2=3.45+4.93
  L  4+5 k_used=  9+6    0.95     2.28     2.40     5.46   top1(k10,b1)=' a' p_is=0.54 l2=5.64+6.02
  L  5+6 k_used=  6+4    0.84     2.09     2.31     4.65   top1(k10,b1)=' a' p_is=0.55 l2=6.54+4.82
  L  6+7 k_used=  4+7    0.43     1.45     1.46     4.79   top1(k10,b1)=' Berlin' p_is=0.53 l2=4.82+5.71
  L  7+8 k_used=  7+6    0.69     1.21     1.25     3.90   top1(k10,b1)=' Berlin' p_is=0.50 l2=5.95+4.35
  L  8+9 k_used=  6+4    1.63     1.84     1.85     3.67   top1(k10,b1)=' a' p_is=0.54 l2=5.27+5.31
  L 9+10 k_used=  4+9    1.71     2.62     2.62     7.98   top1(k10,b1)=' Berlin' p_is=0.54 l2=5.31+8.12
  L10+11 k_used=  9+4    0.95     1.61     1.63     4.58   top1(k10,b1)=' Berlin' p_is=0.54 l2=8.05+3.87
  L11+12 k_used=  4+1    0.18     0.40     0.40     0.87   top1(k10,b1)=' Berlin' p_is=0.59 l2=4.36+0.48
  L12+13 k_used=  1+7    0.07     0.10     0.10     0.22   top1(k10,b1)=' Berlin' p_is=0.61 l2=0.06+3.22
  L13+14 k_used=  7+5    0.13     0.21     0.21     0.44   top1(k10,b1)=' Berlin' p_is=0.62 l2=3.22+3.08
  L14+15 k_used=  5+5    0.12     0.20     0.20     0.38   top1(k10,b1)=' Berlin' p_is=0.61 l2=3.26+2.08
  L15+16 k_used= 5+10    1.13     2.68     4.22    12.94*  top1(k10,b1)=' Berlin' p_is=0.55 l2=2.45+24.75
  L16+17 k_used= 10+5    2.80     6.02     8.07    15.97*  top1(k10,b1)=' a' p_is=0.48 l2=24.79+19.38
  L17+18 k_used=  5+3    1.38     2.26     2.26     6.67   top1(k10,b1)=' Berlin' p_is=0.58 l2=22.00+13.24
  L18+19 k_used=  3+4    0.70     1.69     1.69     4.46   top1(k10,b1)=' Berlin' p_is=0.64 l2=12.59+34.09
  L19+20 k_used=  4+7    0.95     2.51     2.51     5.14   top1(k10,b1)=' Berlin' p_is=0.50 l2=34.69+32.93
  L20+21 k_used=  7+4    0.75     1.83     1.84     3.25   top1(k10,b1)=' Berlin' p_is=0.46 l2=34.92+42.65
  L21+22 k_used=  4+3    0.47     1.08     1.08     2.30   top1(k10,b1)=' Berlin' p_is=0.61 l2=43.14+65.96
  L22+23 k_used=  3+3    0.98     1.18     1.18     2.44   top1(k10,b1)=' Berlin' p_is=0.61 l2=68.89+53.48
  L23+24 k_used=  3+3    0.69     0.80     0.80     1.63   top1(k10,b1)=' Berlin' p_is=0.53 l2=53.63+23.74
  L24+25 k_used=  3+1    0.06     0.08     0.08     0.17   top1(k10,b1)=' Berlin' p_is=0.54 l2=23.63+24.25
  L25+26 k_used=  1+6    0.06     0.08     0.08     0.18   top1(k10,b1)=' Berlin' p_is=0.56 l2=24.25+26.79
