Warning: You are sending unauthenticated requests to the HF Hub. Please set a HF_TOKEN to enable higher rate limits and faster downloads.
[transformers] `torch_dtype` is deprecated! Use `dtype` instead!
Loading weights:   0%|          | 0/436 [00:00<?, ?it/s]Loading weights:  12%|█▏        | 53/436 [00:00<00:00, 529.81it/s]Loading weights:  30%|███       | 132/436 [00:00<00:00, 672.34it/s]Loading weights:  46%|████▌     | 200/436 [00:00<00:00, 605.90it/s]Loading weights:  60%|██████    | 262/436 [00:00<00:00, 507.39it/s]Loading weights:  72%|███████▏  | 315/436 [00:00<00:00, 498.46it/s]Loading weights:  84%|████████▍ | 367/436 [00:00<00:00, 501.02it/s]Loading weights: 100%|██████████| 436/436 [00:00<00:00, 591.39it/s]
s3 'He dreamed big' [1544, 27947, 1263]
shard 0: 2048 tokens in 49.3s
shard 2048: 2048 tokens in 49.1s
shard 4096: 2048 tokens in 49.2s
shard 6144: 2048 tokens in 49.2s
shard 8192: 2048 tokens in 49.2s
shard 10240: 2048 tokens in 49.2s
shard 12288: 2048 tokens in 49.2s
shard 14336: 2048 tokens in 49.2s
shard 16384: 2048 tokens in 49.2s
shard 18432: 2048 tokens in 49.2s
shard 20480: 2048 tokens in 49.2s
shard 22528: 2048 tokens in 49.3s
shard 24576: 2048 tokens in 49.3s
shard 26624: 2048 tokens in 49.2s
shard 28672: 2048 tokens in 49.2s
shard 30720: 2048 tokens in 49.2s
shard 32768: 2048 tokens in 49.2s
shard 34816: 2048 tokens in 49.3s
shard 36864: 2048 tokens in 49.2s
shard 38912: 2048 tokens in 49.2s
shard 40960: 2048 tokens in 49.3s
shard 43008: 2048 tokens in 49.2s
shard 45056: 2048 tokens in 49.2s
shard 47104: 2048 tokens in 49.2s
shard 49152: 1104 tokens in 26.5s
