[verify] step0 checkpoint == fresh seed-0 init == const-run step0 (bit-exact, all tensors) -> untrained confirmed
step 0: loss=0.108581 tr_acc=0.0986 te_acc=0.0890 lr=1.00e-03
step 10: loss=0.070915 tr_acc=0.6556 te_acc=0.6310 lr=1.00e-03
step 30: loss=0.034812 tr_acc=0.8471 te_acc=0.8210 lr=1.00e-03
step 100: loss=0.014154 tr_acc=0.9392 te_acc=0.9170 lr=1.00e-03
[verify] first epoch used all 60,000 training indices exactly once (no replacement)
step 300: loss=0.006248 tr_acc=0.9730 te_acc=0.9595 lr=1.00e-03
step 1500: loss=0.001569 tr_acc=0.9937 te_acc=0.9745 lr=1.00e-03
step 3000: loss=0.000673 tr_acc=0.9975 te_acc=0.9770 lr=1.00e-03
step 4500: loss=0.000119 tr_acc=0.9995 te_acc=0.9795 lr=5.00e-04
step 6000: loss=0.000078 tr_acc=0.9996 te_acc=0.9795 lr=2.50e-04
step 7500: loss=0.000060 tr_acc=0.9997 te_acc=0.9800 lr=2.50e-04
step 9000: loss=0.000048 tr_acc=0.9999 te_acc=0.9785 lr=1.25e-04
step 10500: loss=0.000029 tr_acc=0.9999 te_acc=0.9770 lr=1.25e-04
step 12000: loss=0.000020 tr_acc=0.9999 te_acc=0.9770 lr=1.25e-04
step 13500: loss=0.000017 tr_acc=1.0000 te_acc=0.9775 lr=1.25e-04
step 15000: loss=0.000010 tr_acc=1.0000 te_acc=0.9795 lr=1.25e-04
step 16500: loss=0.000007 tr_acc=1.0000 te_acc=0.9795 lr=6.25e-05
step 18000: loss=0.000005 tr_acc=1.0000 te_acc=0.9785 lr=6.25e-05
step 19500: loss=0.000004 tr_acc=1.0000 te_acc=0.9790 lr=6.25e-05
step 21000: loss=0.000002 tr_acc=1.0000 te_acc=0.9790 lr=6.25e-05
step 22500: loss=0.000001 tr_acc=1.0000 te_acc=0.9785 lr=3.13e-05
step 24000: loss=0.000001 tr_acc=1.0000 te_acc=0.9775 lr=3.13e-05
step 25500: loss=0.000001 tr_acc=1.0000 te_acc=0.9775 lr=3.13e-05
step 27000: loss=0.000000 tr_acc=1.0000 te_acc=0.9780 lr=3.13e-05
step 28500: loss=0.000000 tr_acc=1.0000 te_acc=0.9780 lr=1.56e-05
step 30000: loss=0.000000 tr_acc=1.0000 te_acc=0.9775 lr=1.56e-05
done: 25 checkpoints in 468s -> /workspace/marsv_agent_haoyang/dir12_plateau_during_training/results/full_mnist_from_scratch/seed_0_pl_f0.5_p300_search
/workspace/marsv_agent_haoyang/dir12_plateau_during_training/results/full_mnist_from_scratch/seed_0_pl_f0.5_p300_search: 25/25 records OK, 0 problems
[verify] manifest complete
p300 exit 0
