[verify] step0 checkpoint == fresh seed-0 init == const-run step0 (bit-exact, all tensors) -> untrained confirmed
step 0: loss=0.108581 tr_acc=0.0986 te_acc=0.0890 lr=1.00e-03
step 10: loss=0.070915 tr_acc=0.6556 te_acc=0.6310 lr=1.00e-03
step 30: loss=0.034812 tr_acc=0.8471 te_acc=0.8210 lr=1.00e-03
step 100: loss=0.014147 tr_acc=0.9391 te_acc=0.9175 lr=1.00e-03
[verify] first epoch used all 60,000 training indices exactly once (no replacement)
step 300: loss=0.006306 tr_acc=0.9727 te_acc=0.9595 lr=1.00e-03
step 600: loss=0.003836 tr_acc=0.9842 te_acc=0.9715 lr=9.99e-04
step 900: loss=0.002429 tr_acc=0.9897 te_acc=0.9695 lr=9.98e-04
step 1200: loss=0.001861 tr_acc=0.9921 te_acc=0.9700 lr=9.96e-04
step 1500: loss=0.001537 tr_acc=0.9935 te_acc=0.9730 lr=9.94e-04
step 1800: loss=0.001021 tr_acc=0.9958 te_acc=0.9755 lr=9.91e-04
step 2100: loss=0.001307 tr_acc=0.9946 te_acc=0.9750 lr=9.88e-04
step 2400: loss=0.000662 tr_acc=0.9977 te_acc=0.9750 lr=9.84e-04
step 2700: loss=0.000665 tr_acc=0.9976 te_acc=0.9755 lr=9.80e-04
step 3000: loss=0.000540 tr_acc=0.9980 te_acc=0.9775 lr=9.76e-04
step 3300: loss=0.000608 tr_acc=0.9977 te_acc=0.9765 lr=9.70e-04
step 3600: loss=0.000616 tr_acc=0.9977 te_acc=0.9775 lr=9.65e-04
step 3900: loss=0.000513 tr_acc=0.9983 te_acc=0.9740 lr=9.59e-04
step 4200: loss=0.000293 tr_acc=0.9991 te_acc=0.9760 lr=9.52e-04
step 4500: loss=0.000319 tr_acc=0.9988 te_acc=0.9785 lr=9.46e-04
step 4800: loss=0.000218 tr_acc=0.9994 te_acc=0.9740 lr=9.38e-04
step 5100: loss=0.000631 tr_acc=0.9971 te_acc=0.9715 lr=9.30e-04
step 5400: loss=0.000624 tr_acc=0.9973 te_acc=0.9755 lr=9.22e-04
step 5700: loss=0.000375 tr_acc=0.9987 te_acc=0.9765 lr=9.14e-04
step 6000: loss=0.000183 tr_acc=0.9994 te_acc=0.9785 lr=9.05e-04
step 6300: loss=0.000306 tr_acc=0.9989 te_acc=0.9770 lr=8.95e-04
step 6600: loss=0.000267 tr_acc=0.9990 te_acc=0.9775 lr=8.85e-04
step 6900: loss=0.000292 tr_acc=0.9990 te_acc=0.9735 lr=8.75e-04
step 7200: loss=0.000208 tr_acc=0.9996 te_acc=0.9770 lr=8.65e-04
step 7500: loss=0.000241 tr_acc=0.9991 te_acc=0.9690 lr=8.54e-04
step 7800: loss=0.000217 tr_acc=0.9994 te_acc=0.9780 lr=8.42e-04
step 8100: loss=0.000113 tr_acc=0.9996 te_acc=0.9755 lr=8.31e-04
step 8400: loss=0.000215 tr_acc=0.9990 te_acc=0.9755 lr=8.19e-04
step 8700: loss=0.000070 tr_acc=0.9998 te_acc=0.9785 lr=8.07e-04
step 9000: loss=0.000053 tr_acc=0.9998 te_acc=0.9800 lr=7.94e-04
step 9300: loss=0.000040 tr_acc=0.9998 te_acc=0.9795 lr=7.81e-04
step 9600: loss=0.000037 tr_acc=0.9998 te_acc=0.9795 lr=7.68e-04
step 9900: loss=0.000036 tr_acc=0.9998 te_acc=0.9800 lr=7.55e-04
step 10200: loss=0.000044 tr_acc=0.9998 te_acc=0.9775 lr=7.41e-04
step 10500: loss=0.000416 tr_acc=0.9978 te_acc=0.9770 lr=7.27e-04
step 10800: loss=0.000538 tr_acc=0.9977 te_acc=0.9735 lr=7.13e-04
step 11100: loss=0.000125 tr_acc=0.9996 te_acc=0.9795 lr=6.99e-04
step 11400: loss=0.000112 tr_acc=0.9996 te_acc=0.9775 lr=6.84e-04
step 11700: loss=0.000053 tr_acc=0.9998 te_acc=0.9770 lr=6.70e-04
step 12000: loss=0.000029 tr_acc=0.9999 te_acc=0.9790 lr=6.55e-04
step 12300: loss=0.000025 tr_acc=0.9999 te_acc=0.9775 lr=6.40e-04
step 12600: loss=0.000023 tr_acc=0.9999 te_acc=0.9765 lr=6.25e-04
step 12900: loss=0.000025 tr_acc=0.9999 te_acc=0.9775 lr=6.09e-04
step 13200: loss=0.000019 tr_acc=0.9999 te_acc=0.9755 lr=5.94e-04
step 13500: loss=0.000022 tr_acc=0.9999 te_acc=0.9755 lr=5.79e-04
step 13800: loss=0.000016 tr_acc=0.9999 te_acc=0.9770 lr=5.63e-04
step 14100: loss=0.000015 tr_acc=0.9999 te_acc=0.9765 lr=5.48e-04
step 14400: loss=0.000014 tr_acc=0.9999 te_acc=0.9780 lr=5.32e-04
step 14700: loss=0.000015 tr_acc=1.0000 te_acc=0.9780 lr=5.16e-04
step 15000: loss=0.000245 tr_acc=0.9991 te_acc=0.9775 lr=5.00e-04
step 15300: loss=0.000083 tr_acc=0.9998 te_acc=0.9780 lr=4.85e-04
step 15600: loss=0.000022 tr_acc=1.0000 te_acc=0.9785 lr=4.69e-04
step 15900: loss=0.000012 tr_acc=1.0000 te_acc=0.9795 lr=4.53e-04
step 16200: loss=0.000010 tr_acc=1.0000 te_acc=0.9800 lr=4.38e-04
step 16500: loss=0.000008 tr_acc=1.0000 te_acc=0.9795 lr=4.22e-04
step 16800: loss=0.000008 tr_acc=1.0000 te_acc=0.9805 lr=4.07e-04
step 17100: loss=0.000007 tr_acc=1.0000 te_acc=0.9795 lr=3.92e-04
step 17400: loss=0.000015 tr_acc=1.0000 te_acc=0.9805 lr=3.76e-04
step 17700: loss=0.000006 tr_acc=1.0000 te_acc=0.9805 lr=3.61e-04
step 18000: loss=0.000005 tr_acc=1.0000 te_acc=0.9805 lr=3.46e-04
step 18300: loss=0.000006 tr_acc=1.0000 te_acc=0.9805 lr=3.31e-04
step 18600: loss=0.000005 tr_acc=1.0000 te_acc=0.9805 lr=3.17e-04
step 18900: loss=0.000005 tr_acc=1.0000 te_acc=0.9805 lr=3.02e-04
step 19200: loss=0.000006 tr_acc=1.0000 te_acc=0.9805 lr=2.88e-04
step 19500: loss=0.000004 tr_acc=1.0000 te_acc=0.9800 lr=2.74e-04
step 19800: loss=0.000005 tr_acc=1.0000 te_acc=0.9800 lr=2.60e-04
step 20100: loss=0.000005 tr_acc=1.0000 te_acc=0.9800 lr=2.46e-04
step 20400: loss=0.000005 tr_acc=1.0000 te_acc=0.9800 lr=2.33e-04
step 20700: loss=0.000004 tr_acc=1.0000 te_acc=0.9790 lr=2.20e-04
step 21000: loss=0.000004 tr_acc=1.0000 te_acc=0.9800 lr=2.07e-04
step 21300: loss=0.000007 tr_acc=1.0000 te_acc=0.9780 lr=1.94e-04
step 21600: loss=0.000003 tr_acc=1.0000 te_acc=0.9795 lr=1.82e-04
step 21900: loss=0.000003 tr_acc=1.0000 te_acc=0.9790 lr=1.70e-04
step 22200: loss=0.000003 tr_acc=1.0000 te_acc=0.9780 lr=1.59e-04
step 22500: loss=0.000002 tr_acc=1.0000 te_acc=0.9790 lr=1.47e-04
step 22800: loss=0.000002 tr_acc=1.0000 te_acc=0.9790 lr=1.36e-04
step 23100: loss=0.000002 tr_acc=1.0000 te_acc=0.9785 lr=1.26e-04
step 23400: loss=0.000001 tr_acc=1.0000 te_acc=0.9790 lr=1.16e-04
step 23700: loss=0.000001 tr_acc=1.0000 te_acc=0.9790 lr=1.06e-04
step 24000: loss=0.000001 tr_acc=1.0000 te_acc=0.9800 lr=9.64e-05
step 24300: loss=0.000001 tr_acc=1.0000 te_acc=0.9785 lr=8.74e-05
step 24600: loss=0.000001 tr_acc=1.0000 te_acc=0.9795 lr=7.88e-05
step 24900: loss=0.000001 tr_acc=1.0000 te_acc=0.9785 lr=7.06e-05
step 25200: loss=0.000001 tr_acc=1.0000 te_acc=0.9790 lr=6.28e-05
step 25500: loss=0.000001 tr_acc=1.0000 te_acc=0.9790 lr=5.54e-05
step 25800: loss=0.000000 tr_acc=1.0000 te_acc=0.9790 lr=4.85e-05
step 26100: loss=0.000000 tr_acc=1.0000 te_acc=0.9790 lr=4.21e-05
step 26400: loss=0.000000 tr_acc=1.0000 te_acc=0.9790 lr=3.61e-05
step 26700: loss=0.000000 tr_acc=1.0000 te_acc=0.9790 lr=3.05e-05
step 27000: loss=0.000000 tr_acc=1.0000 te_acc=0.9790 lr=2.54e-05
step 27300: loss=0.000000 tr_acc=1.0000 te_acc=0.9790 lr=2.08e-05
step 27600: loss=0.000000 tr_acc=1.0000 te_acc=0.9790 lr=1.67e-05
step 27900: loss=0.000000 tr_acc=1.0000 te_acc=0.9790 lr=1.30e-05
step 28200: loss=0.000000 tr_acc=1.0000 te_acc=0.9790 lr=9.85e-06
step 28500: loss=0.000000 tr_acc=1.0000 te_acc=0.9790 lr=7.15e-06
step 28800: loss=0.000000 tr_acc=1.0000 te_acc=0.9790 lr=4.94e-06
step 29100: loss=0.000000 tr_acc=1.0000 te_acc=0.9790 lr=3.22e-06
step 29400: loss=0.000000 tr_acc=1.0000 te_acc=0.9790 lr=1.99e-06
step 29700: loss=0.000000 tr_acc=1.0000 te_acc=0.9790 lr=1.25e-06
step 30000: loss=0.000000 tr_acc=1.0000 te_acc=0.9790 lr=1.00e-06
done: 104 checkpoints in 52s -> /workspace/marsv_agent_haoyang/dir12_plateau_during_training/results/full_mnist_from_scratch/seed_0
/workspace/marsv_agent_haoyang/dir12_plateau_during_training/results/full_mnist_from_scratch/seed_0: 104/104 records OK, 0 problems
[verify] manifest complete
