[verify] step0 checkpoint == fresh seed-0 init == const-run step0 (bit-exact, all tensors) -> untrained confirmed
step 0: loss=2.300985 tr_acc=0.0986 te_acc=0.0890 lr=1.00e-03
step 10: loss=1.884235 tr_acc=0.5710 te_acc=0.5655 lr=1.00e-03
step 30: loss=0.588827 tr_acc=0.8139 te_acc=0.7820 lr=1.00e-03
step 100: loss=0.335978 tr_acc=0.9031 te_acc=0.8810 lr=1.00e-03
[verify] first epoch used all 60,000 training indices exactly once (no replacement)
step 300: loss=0.187928 tr_acc=0.9443 te_acc=0.9205 lr=1.00e-03
step 600: loss=0.108519 tr_acc=0.9675 te_acc=0.9555 lr=1.00e-03
step 900: loss=0.088287 tr_acc=0.9727 te_acc=0.9550 lr=1.00e-03
step 1200: loss=0.053698 tr_acc=0.9845 te_acc=0.9705 lr=1.00e-03
step 1500: loss=0.030861 tr_acc=0.9913 te_acc=0.9720 lr=5.00e-04
step 1800: loss=0.026258 tr_acc=0.9925 te_acc=0.9715 lr=5.00e-04
step 2100: loss=0.025013 tr_acc=0.9929 te_acc=0.9730 lr=5.00e-04
step 2400: loss=0.017289 tr_acc=0.9954 te_acc=0.9690 lr=5.00e-04
step 2700: loss=0.011567 tr_acc=0.9974 te_acc=0.9725 lr=2.50e-04
step 3000: loss=0.009137 tr_acc=0.9980 te_acc=0.9705 lr=2.50e-04
step 3300: loss=0.006905 tr_acc=0.9990 te_acc=0.9715 lr=2.50e-04
step 3600: loss=0.005711 tr_acc=0.9993 te_acc=0.9730 lr=1.25e-04
step 3900: loss=0.004624 tr_acc=0.9995 te_acc=0.9740 lr=1.25e-04
step 4200: loss=0.004095 tr_acc=0.9995 te_acc=0.9730 lr=1.25e-04
step 4500: loss=0.003693 tr_acc=0.9997 te_acc=0.9725 lr=1.25e-04
step 4800: loss=0.003377 tr_acc=0.9997 te_acc=0.9730 lr=1.25e-04
step 5100: loss=0.003083 tr_acc=0.9997 te_acc=0.9715 lr=1.25e-04
step 5400: loss=0.002446 tr_acc=0.9998 te_acc=0.9730 lr=6.25e-05
step 5700: loss=0.002263 tr_acc=0.9998 te_acc=0.9730 lr=6.25e-05
step 6000: loss=0.002054 tr_acc=0.9998 te_acc=0.9730 lr=6.25e-05
step 6300: loss=0.001865 tr_acc=0.9999 te_acc=0.9735 lr=6.25e-05
step 6600: loss=0.001731 tr_acc=0.9999 te_acc=0.9730 lr=6.25e-05
step 6900: loss=0.001529 tr_acc=0.9999 te_acc=0.9745 lr=3.13e-05
step 7200: loss=0.001445 tr_acc=0.9999 te_acc=0.9740 lr=3.13e-05
step 7500: loss=0.001347 tr_acc=0.9999 te_acc=0.9730 lr=3.13e-05
step 7800: loss=0.001301 tr_acc=0.9999 te_acc=0.9730 lr=3.13e-05
step 8100: loss=0.001191 tr_acc=1.0000 te_acc=0.9730 lr=3.13e-05
step 8400: loss=0.001096 tr_acc=1.0000 te_acc=0.9750 lr=3.13e-05
step 8700: loss=0.001075 tr_acc=1.0000 te_acc=0.9730 lr=3.13e-05
step 9000: loss=0.000939 tr_acc=1.0000 te_acc=0.9745 lr=3.13e-05
step 9300: loss=0.000883 tr_acc=1.0000 te_acc=0.9735 lr=3.13e-05
step 9600: loss=0.000816 tr_acc=1.0000 te_acc=0.9740 lr=3.13e-05
step 9900: loss=0.000763 tr_acc=1.0000 te_acc=0.9730 lr=3.13e-05
step 10200: loss=0.000700 tr_acc=1.0000 te_acc=0.9735 lr=3.13e-05
step 10500: loss=0.000642 tr_acc=1.0000 te_acc=0.9745 lr=3.13e-05
step 10800: loss=0.000606 tr_acc=1.0000 te_acc=0.9735 lr=3.13e-05
step 11100: loss=0.000542 tr_acc=1.0000 te_acc=0.9730 lr=3.13e-05
step 11400: loss=0.000504 tr_acc=1.0000 te_acc=0.9740 lr=3.13e-05
step 11700: loss=0.000483 tr_acc=1.0000 te_acc=0.9745 lr=3.13e-05
step 12000: loss=0.000426 tr_acc=1.0000 te_acc=0.9745 lr=3.13e-05
step 12300: loss=0.000405 tr_acc=1.0000 te_acc=0.9745 lr=3.13e-05
step 12600: loss=0.000363 tr_acc=1.0000 te_acc=0.9745 lr=1.56e-05
step 12900: loss=0.000355 tr_acc=1.0000 te_acc=0.9745 lr=1.56e-05
step 13200: loss=0.000332 tr_acc=1.0000 te_acc=0.9735 lr=1.56e-05
step 13500: loss=0.000316 tr_acc=1.0000 te_acc=0.9745 lr=1.56e-05
step 13800: loss=0.000302 tr_acc=1.0000 te_acc=0.9745 lr=1.56e-05
step 14100: loss=0.000289 tr_acc=1.0000 te_acc=0.9740 lr=7.81e-06
step 14400: loss=0.000284 tr_acc=1.0000 te_acc=0.9735 lr=3.91e-06
step 14700: loss=0.000280 tr_acc=1.0000 te_acc=0.9735 lr=3.91e-06
step 15000: loss=0.000276 tr_acc=1.0000 te_acc=0.9735 lr=3.91e-06
step 15300: loss=0.000272 tr_acc=1.0000 te_acc=0.9735 lr=3.91e-06
step 15600: loss=0.000268 tr_acc=1.0000 te_acc=0.9735 lr=3.91e-06
step 15900: loss=0.000264 tr_acc=1.0000 te_acc=0.9740 lr=3.91e-06
step 16200: loss=0.000260 tr_acc=1.0000 te_acc=0.9735 lr=3.91e-06
step 16500: loss=0.000255 tr_acc=1.0000 te_acc=0.9735 lr=3.91e-06
step 16800: loss=0.000253 tr_acc=1.0000 te_acc=0.9735 lr=3.91e-06
step 17100: loss=0.000248 tr_acc=1.0000 te_acc=0.9735 lr=3.91e-06
step 17400: loss=0.000244 tr_acc=1.0000 te_acc=0.9735 lr=3.91e-06
step 17700: loss=0.000240 tr_acc=1.0000 te_acc=0.9735 lr=3.91e-06
step 18000: loss=0.000237 tr_acc=1.0000 te_acc=0.9735 lr=3.91e-06
step 18300: loss=0.000233 tr_acc=1.0000 te_acc=0.9740 lr=3.91e-06
step 18600: loss=0.000229 tr_acc=1.0000 te_acc=0.9735 lr=3.91e-06
step 18900: loss=0.000225 tr_acc=1.0000 te_acc=0.9735 lr=3.91e-06
step 19200: loss=0.000221 tr_acc=1.0000 te_acc=0.9735 lr=3.91e-06
step 19500: loss=0.000218 tr_acc=1.0000 te_acc=0.9735 lr=3.91e-06
step 19800: loss=0.000215 tr_acc=1.0000 te_acc=0.9735 lr=3.91e-06
step 20100: loss=0.000211 tr_acc=1.0000 te_acc=0.9735 lr=3.91e-06
step 20400: loss=0.000208 tr_acc=1.0000 te_acc=0.9735 lr=1.95e-06
step 20700: loss=0.000206 tr_acc=1.0000 te_acc=0.9735 lr=1.95e-06
step 21000: loss=0.000205 tr_acc=1.0000 te_acc=0.9735 lr=1.95e-06
step 21300: loss=0.000203 tr_acc=1.0000 te_acc=0.9735 lr=1.95e-06
step 21600: loss=0.000201 tr_acc=1.0000 te_acc=0.9735 lr=1.95e-06
step 21900: loss=0.000200 tr_acc=1.0000 te_acc=0.9735 lr=1.95e-06
step 22200: loss=0.000198 tr_acc=1.0000 te_acc=0.9735 lr=1.95e-06
step 22500: loss=0.000196 tr_acc=1.0000 te_acc=0.9735 lr=1.95e-06
step 22800: loss=0.000194 tr_acc=1.0000 te_acc=0.9735 lr=1.95e-06
step 23100: loss=0.000193 tr_acc=1.0000 te_acc=0.9735 lr=1.95e-06
step 23400: loss=0.000191 tr_acc=1.0000 te_acc=0.9735 lr=9.77e-07
step 23700: loss=0.000190 tr_acc=1.0000 te_acc=0.9735 lr=9.77e-07
step 24000: loss=0.000190 tr_acc=1.0000 te_acc=0.9735 lr=9.77e-07
step 24300: loss=0.000189 tr_acc=1.0000 te_acc=0.9735 lr=9.77e-07
step 24600: loss=0.000188 tr_acc=1.0000 te_acc=0.9735 lr=9.77e-07
step 24900: loss=0.000187 tr_acc=1.0000 te_acc=0.9735 lr=9.77e-07
step 25200: loss=0.000186 tr_acc=1.0000 te_acc=0.9735 lr=9.77e-07
step 25500: loss=0.000185 tr_acc=1.0000 te_acc=0.9735 lr=9.77e-07
step 25800: loss=0.000185 tr_acc=1.0000 te_acc=0.9735 lr=9.77e-07
step 26100: loss=0.000184 tr_acc=1.0000 te_acc=0.9735 lr=9.77e-07
step 26400: loss=0.000183 tr_acc=1.0000 te_acc=0.9735 lr=9.77e-07
step 26700: loss=0.000182 tr_acc=1.0000 te_acc=0.9735 lr=9.77e-07
step 27000: loss=0.000181 tr_acc=1.0000 te_acc=0.9735 lr=9.77e-07
step 27300: loss=0.000180 tr_acc=1.0000 te_acc=0.9735 lr=9.77e-07
step 27600: loss=0.000180 tr_acc=1.0000 te_acc=0.9735 lr=9.77e-07
step 27900: loss=0.000179 tr_acc=1.0000 te_acc=0.9735 lr=9.77e-07
step 28200: loss=0.000178 tr_acc=1.0000 te_acc=0.9735 lr=9.77e-07
step 28500: loss=0.000177 tr_acc=1.0000 te_acc=0.9735 lr=9.77e-07
step 28800: loss=0.000176 tr_acc=1.0000 te_acc=0.9735 lr=9.77e-07
step 29100: loss=0.000176 tr_acc=1.0000 te_acc=0.9735 lr=9.77e-07
step 29400: loss=0.000175 tr_acc=1.0000 te_acc=0.9735 lr=9.77e-07
step 29700: loss=0.000174 tr_acc=1.0000 te_acc=0.9735 lr=9.77e-07
step 30000: loss=0.000173 tr_acc=1.0000 te_acc=0.9735 lr=9.77e-07
done: 104 checkpoints in 2004s -> /workspace/marsv_agent_haoyang/dir12_plateau_during_training/results/full_mnist_from_scratch/seed_0_ce_pl_f0.5_p100
/workspace/marsv_agent_haoyang/dir12_plateau_during_training/results/full_mnist_from_scratch/seed_0_ce_pl_f0.5_p100: 104/104 records OK, 0 problems
[verify] manifest complete
