[verify] step0 checkpoint == fresh seed-0 init == const-run step0 (bit-exact, all tensors) -> untrained confirmed
step 0: loss=0.108581 tr_acc=0.0986 te_acc=0.0890 lr=1.00e-03
step 5: loss=0.086070 tr_acc=0.4077 te_acc=0.4340 lr=1.00e-03
step 10: loss=0.070915 tr_acc=0.6556 te_acc=0.6310 lr=1.00e-03
step 15: loss=0.056279 tr_acc=0.7329 te_acc=0.7010 lr=1.00e-03
step 20: loss=0.046426 tr_acc=0.7701 te_acc=0.7490 lr=1.00e-03
step 25: loss=0.040058 tr_acc=0.8130 te_acc=0.7860 lr=1.00e-03
step 30: loss=0.034812 tr_acc=0.8471 te_acc=0.8210 lr=1.00e-03
step 35: loss=0.031320 tr_acc=0.8704 te_acc=0.8495 lr=1.00e-03
step 40: loss=0.028143 tr_acc=0.8769 te_acc=0.8540 lr=1.00e-03
step 45: loss=0.025187 tr_acc=0.8992 te_acc=0.8790 lr=1.00e-03
step 50: loss=0.022867 tr_acc=0.9025 te_acc=0.8790 lr=1.00e-03
step 55: loss=0.021109 tr_acc=0.9104 te_acc=0.8855 lr=1.00e-03
step 60: loss=0.019650 tr_acc=0.9152 te_acc=0.8925 lr=1.00e-03
step 65: loss=0.018758 tr_acc=0.9191 te_acc=0.8940 lr=1.00e-03
step 70: loss=0.017802 tr_acc=0.9226 te_acc=0.9005 lr=1.00e-03
step 75: loss=0.016985 tr_acc=0.9275 te_acc=0.9020 lr=1.00e-03
step 80: loss=0.016201 tr_acc=0.9296 te_acc=0.9055 lr=1.00e-03
step 85: loss=0.015350 tr_acc=0.9325 te_acc=0.9095 lr=1.00e-03
step 90: loss=0.014848 tr_acc=0.9340 te_acc=0.9110 lr=1.00e-03
step 95: loss=0.014434 tr_acc=0.9362 te_acc=0.9145 lr=1.00e-03
step 100: loss=0.014154 tr_acc=0.9392 te_acc=0.9170 lr=1.00e-03
step 105: loss=0.013767 tr_acc=0.9412 te_acc=0.9205 lr=1.00e-03
step 110: loss=0.013121 tr_acc=0.9435 te_acc=0.9240 lr=1.00e-03
step 115: loss=0.012733 tr_acc=0.9461 te_acc=0.9285 lr=1.00e-03
step 120: loss=0.012633 tr_acc=0.9447 te_acc=0.9275 lr=1.00e-03
step 125: loss=0.012444 tr_acc=0.9465 te_acc=0.9260 lr=1.00e-03
step 130: loss=0.012067 tr_acc=0.9484 te_acc=0.9310 lr=1.00e-03
step 135: loss=0.011756 tr_acc=0.9490 te_acc=0.9265 lr=1.00e-03
step 140: loss=0.011794 tr_acc=0.9487 te_acc=0.9365 lr=1.00e-03
step 145: loss=0.011502 tr_acc=0.9503 te_acc=0.9280 lr=1.00e-03
step 150: loss=0.011005 tr_acc=0.9527 te_acc=0.9385 lr=1.00e-03
step 155: loss=0.010708 tr_acc=0.9540 te_acc=0.9385 lr=1.00e-03
step 160: loss=0.010583 tr_acc=0.9533 te_acc=0.9405 lr=1.00e-03
step 165: loss=0.010174 tr_acc=0.9544 te_acc=0.9430 lr=1.00e-03
step 170: loss=0.010186 tr_acc=0.9555 te_acc=0.9395 lr=1.00e-03
step 175: loss=0.009728 tr_acc=0.9577 te_acc=0.9450 lr=1.00e-03
step 180: loss=0.009467 tr_acc=0.9595 te_acc=0.9455 lr=1.00e-03
step 185: loss=0.009279 tr_acc=0.9601 te_acc=0.9540 lr=1.00e-03
step 190: loss=0.009291 tr_acc=0.9595 te_acc=0.9510 lr=1.00e-03
step 195: loss=0.009159 tr_acc=0.9611 te_acc=0.9520 lr=1.00e-03
step 200: loss=0.009256 tr_acc=0.9599 te_acc=0.9470 lr=1.00e-03
step 205: loss=0.009032 tr_acc=0.9621 te_acc=0.9525 lr=1.00e-03
step 210: loss=0.008684 tr_acc=0.9621 te_acc=0.9515 lr=1.00e-03
step 215: loss=0.008493 tr_acc=0.9633 te_acc=0.9500 lr=1.00e-03
step 220: loss=0.008254 tr_acc=0.9649 te_acc=0.9540 lr=1.00e-03
step 225: loss=0.008093 tr_acc=0.9659 te_acc=0.9560 lr=1.00e-03
step 230: loss=0.007966 tr_acc=0.9657 te_acc=0.9540 lr=1.00e-03
step 235: loss=0.007846 tr_acc=0.9662 te_acc=0.9540 lr=1.00e-03
step 240: loss=0.007735 tr_acc=0.9665 te_acc=0.9545 lr=1.00e-03
step 245: loss=0.007703 tr_acc=0.9667 te_acc=0.9535 lr=1.00e-03
step 250: loss=0.007446 tr_acc=0.9671 te_acc=0.9560 lr=1.00e-03
step 255: loss=0.007225 tr_acc=0.9686 te_acc=0.9570 lr=1.00e-03
step 260: loss=0.007089 tr_acc=0.9683 te_acc=0.9595 lr=1.00e-03
step 265: loss=0.007096 tr_acc=0.9686 te_acc=0.9600 lr=1.00e-03
step 270: loss=0.007090 tr_acc=0.9694 te_acc=0.9600 lr=1.00e-03
step 275: loss=0.006823 tr_acc=0.9703 te_acc=0.9610 lr=1.00e-03
step 280: loss=0.006657 tr_acc=0.9712 te_acc=0.9595 lr=1.00e-03
step 285: loss=0.006705 tr_acc=0.9701 te_acc=0.9600 lr=1.00e-03
step 290: loss=0.006481 tr_acc=0.9716 te_acc=0.9600 lr=1.00e-03
step 295: loss=0.006432 tr_acc=0.9724 te_acc=0.9575 lr=1.00e-03
[verify] first epoch used all 60,000 training indices exactly once (no replacement)
step 300: loss=0.006248 tr_acc=0.9730 te_acc=0.9595 lr=1.00e-03
step 305: loss=0.006177 tr_acc=0.9728 te_acc=0.9610 lr=1.00e-03
step 310: loss=0.006244 tr_acc=0.9732 te_acc=0.9620 lr=1.00e-03
step 315: loss=0.005955 tr_acc=0.9740 te_acc=0.9610 lr=1.00e-03
step 320: loss=0.005997 tr_acc=0.9736 te_acc=0.9610 lr=1.00e-03
step 325: loss=0.005898 tr_acc=0.9744 te_acc=0.9600 lr=1.00e-03
step 330: loss=0.005851 tr_acc=0.9742 te_acc=0.9570 lr=1.00e-03
step 335: loss=0.005740 tr_acc=0.9741 te_acc=0.9610 lr=1.00e-03
step 340: loss=0.006124 tr_acc=0.9725 te_acc=0.9570 lr=1.00e-03
step 345: loss=0.005933 tr_acc=0.9737 te_acc=0.9610 lr=1.00e-03
step 350: loss=0.005639 tr_acc=0.9748 te_acc=0.9625 lr=1.00e-03
step 355: loss=0.005852 tr_acc=0.9739 te_acc=0.9615 lr=1.00e-03
step 360: loss=0.005914 tr_acc=0.9743 te_acc=0.9605 lr=1.00e-03
step 365: loss=0.005759 tr_acc=0.9744 te_acc=0.9625 lr=1.00e-03
step 370: loss=0.005678 tr_acc=0.9747 te_acc=0.9615 lr=1.00e-03
step 375: loss=0.005393 tr_acc=0.9758 te_acc=0.9645 lr=1.00e-03
step 380: loss=0.005550 tr_acc=0.9752 te_acc=0.9630 lr=1.00e-03
step 385: loss=0.005342 tr_acc=0.9759 te_acc=0.9620 lr=1.00e-03
step 390: loss=0.005188 tr_acc=0.9767 te_acc=0.9640 lr=1.00e-03
step 395: loss=0.005302 tr_acc=0.9774 te_acc=0.9650 lr=1.00e-03
step 400: loss=0.005193 tr_acc=0.9783 te_acc=0.9685 lr=1.00e-03
step 405: loss=0.005076 tr_acc=0.9784 te_acc=0.9690 lr=1.00e-03
step 410: loss=0.005150 tr_acc=0.9780 te_acc=0.9660 lr=1.00e-03
step 415: loss=0.005208 tr_acc=0.9783 te_acc=0.9655 lr=1.00e-03
step 420: loss=0.005092 tr_acc=0.9785 te_acc=0.9635 lr=1.00e-03
step 425: loss=0.004989 tr_acc=0.9782 te_acc=0.9650 lr=1.00e-03
step 430: loss=0.004937 tr_acc=0.9778 te_acc=0.9625 lr=1.00e-03
step 435: loss=0.004686 tr_acc=0.9794 te_acc=0.9635 lr=1.00e-03
step 440: loss=0.004759 tr_acc=0.9797 te_acc=0.9670 lr=1.00e-03
step 445: loss=0.004712 tr_acc=0.9796 te_acc=0.9665 lr=1.00e-03
step 450: loss=0.004804 tr_acc=0.9784 te_acc=0.9640 lr=1.00e-03
step 455: loss=0.004684 tr_acc=0.9788 te_acc=0.9690 lr=1.00e-03
step 460: loss=0.004747 tr_acc=0.9794 te_acc=0.9710 lr=1.00e-03
step 465: loss=0.004822 tr_acc=0.9787 te_acc=0.9665 lr=1.00e-03
step 470: loss=0.004620 tr_acc=0.9799 te_acc=0.9680 lr=1.00e-03
step 475: loss=0.004503 tr_acc=0.9803 te_acc=0.9665 lr=1.00e-03
step 480: loss=0.004555 tr_acc=0.9794 te_acc=0.9665 lr=1.00e-03
step 485: loss=0.004519 tr_acc=0.9799 te_acc=0.9680 lr=1.00e-03
step 490: loss=0.004495 tr_acc=0.9808 te_acc=0.9660 lr=1.00e-03
step 495: loss=0.004252 tr_acc=0.9811 te_acc=0.9695 lr=1.00e-03
step 500: loss=0.004157 tr_acc=0.9814 te_acc=0.9680 lr=1.00e-03
step 505: loss=0.004183 tr_acc=0.9809 te_acc=0.9675 lr=1.00e-03
step 510: loss=0.004466 tr_acc=0.9795 te_acc=0.9690 lr=1.00e-03
step 515: loss=0.004254 tr_acc=0.9804 te_acc=0.9670 lr=1.00e-03
step 520: loss=0.004078 tr_acc=0.9814 te_acc=0.9650 lr=1.00e-03
step 525: loss=0.004188 tr_acc=0.9814 te_acc=0.9695 lr=1.00e-03
step 530: loss=0.004200 tr_acc=0.9817 te_acc=0.9670 lr=1.00e-03
step 535: loss=0.004171 tr_acc=0.9821 te_acc=0.9725 lr=1.00e-03
step 540: loss=0.004140 tr_acc=0.9819 te_acc=0.9700 lr=1.00e-03
step 545: loss=0.003964 tr_acc=0.9822 te_acc=0.9680 lr=1.00e-03
step 550: loss=0.003901 tr_acc=0.9826 te_acc=0.9685 lr=1.00e-03
step 555: loss=0.004032 tr_acc=0.9818 te_acc=0.9685 lr=1.00e-03
step 560: loss=0.003904 tr_acc=0.9828 te_acc=0.9710 lr=1.00e-03
step 565: loss=0.003718 tr_acc=0.9837 te_acc=0.9680 lr=1.00e-03
step 570: loss=0.003748 tr_acc=0.9835 te_acc=0.9685 lr=1.00e-03
step 575: loss=0.003772 tr_acc=0.9832 te_acc=0.9685 lr=1.00e-03
step 580: loss=0.003733 tr_acc=0.9840 te_acc=0.9705 lr=1.00e-03
step 585: loss=0.003656 tr_acc=0.9840 te_acc=0.9700 lr=1.00e-03
step 590: loss=0.003777 tr_acc=0.9827 te_acc=0.9705 lr=1.00e-03
step 595: loss=0.003982 tr_acc=0.9823 te_acc=0.9685 lr=1.00e-03
step 600: loss=0.003918 tr_acc=0.9841 te_acc=0.9715 lr=1.00e-03
step 605: loss=0.003773 tr_acc=0.9841 te_acc=0.9680 lr=1.00e-03
step 610: loss=0.003696 tr_acc=0.9845 te_acc=0.9730 lr=1.00e-03
step 615: loss=0.003584 tr_acc=0.9847 te_acc=0.9710 lr=1.00e-03
step 620: loss=0.003437 tr_acc=0.9848 te_acc=0.9705 lr=1.00e-03
step 625: loss=0.003423 tr_acc=0.9849 te_acc=0.9705 lr=1.00e-03
step 630: loss=0.003448 tr_acc=0.9850 te_acc=0.9720 lr=1.00e-03
step 635: loss=0.003369 tr_acc=0.9850 te_acc=0.9725 lr=1.00e-03
step 640: loss=0.003362 tr_acc=0.9848 te_acc=0.9675 lr=1.00e-03
step 645: loss=0.003160 tr_acc=0.9859 te_acc=0.9705 lr=1.00e-03
step 650: loss=0.003280 tr_acc=0.9849 te_acc=0.9710 lr=1.00e-03
step 655: loss=0.003246 tr_acc=0.9855 te_acc=0.9705 lr=1.00e-03
step 660: loss=0.003264 tr_acc=0.9853 te_acc=0.9680 lr=1.00e-03
step 665: loss=0.003310 tr_acc=0.9848 te_acc=0.9650 lr=1.00e-03
step 670: loss=0.003521 tr_acc=0.9837 te_acc=0.9620 lr=1.00e-03
step 675: loss=0.003174 tr_acc=0.9861 te_acc=0.9660 lr=1.00e-03
step 680: loss=0.003281 tr_acc=0.9854 te_acc=0.9655 lr=1.00e-03
step 685: loss=0.003233 tr_acc=0.9857 te_acc=0.9680 lr=1.00e-03
step 690: loss=0.003063 tr_acc=0.9865 te_acc=0.9695 lr=1.00e-03
step 695: loss=0.003119 tr_acc=0.9855 te_acc=0.9715 lr=1.00e-03
step 700: loss=0.003267 tr_acc=0.9848 te_acc=0.9720 lr=1.00e-03
step 705: loss=0.003076 tr_acc=0.9864 te_acc=0.9735 lr=1.00e-03
step 710: loss=0.003049 tr_acc=0.9866 te_acc=0.9730 lr=1.00e-03
step 715: loss=0.003316 tr_acc=0.9852 te_acc=0.9670 lr=1.00e-03
step 720: loss=0.003068 tr_acc=0.9860 te_acc=0.9695 lr=1.00e-03
step 725: loss=0.003178 tr_acc=0.9861 te_acc=0.9700 lr=1.00e-03
step 730: loss=0.003227 tr_acc=0.9865 te_acc=0.9725 lr=1.00e-03
step 735: loss=0.003056 tr_acc=0.9868 te_acc=0.9725 lr=1.00e-03
step 740: loss=0.003234 tr_acc=0.9846 te_acc=0.9700 lr=1.00e-03
step 745: loss=0.003050 tr_acc=0.9860 te_acc=0.9700 lr=1.00e-03
step 750: loss=0.003092 tr_acc=0.9866 te_acc=0.9715 lr=1.00e-03
step 755: loss=0.002896 tr_acc=0.9878 te_acc=0.9740 lr=1.00e-03
step 760: loss=0.002967 tr_acc=0.9873 te_acc=0.9710 lr=1.00e-03
step 765: loss=0.002833 tr_acc=0.9875 te_acc=0.9700 lr=1.00e-03
step 770: loss=0.002764 tr_acc=0.9879 te_acc=0.9725 lr=1.00e-03
step 775: loss=0.002869 tr_acc=0.9872 te_acc=0.9705 lr=1.00e-03
step 780: loss=0.002767 tr_acc=0.9878 te_acc=0.9725 lr=1.00e-03
step 785: loss=0.002947 tr_acc=0.9868 te_acc=0.9730 lr=1.00e-03
step 790: loss=0.002824 tr_acc=0.9877 te_acc=0.9725 lr=1.00e-03
step 795: loss=0.003097 tr_acc=0.9856 te_acc=0.9700 lr=1.00e-03
step 800: loss=0.002885 tr_acc=0.9871 te_acc=0.9715 lr=1.00e-03
step 805: loss=0.002823 tr_acc=0.9872 te_acc=0.9710 lr=1.00e-03
step 810: loss=0.002781 tr_acc=0.9876 te_acc=0.9705 lr=1.00e-03
step 815: loss=0.002899 tr_acc=0.9864 te_acc=0.9700 lr=1.00e-03
step 820: loss=0.002705 tr_acc=0.9872 te_acc=0.9705 lr=1.00e-03
step 825: loss=0.002668 tr_acc=0.9879 te_acc=0.9720 lr=1.00e-03
step 830: loss=0.002664 tr_acc=0.9879 te_acc=0.9735 lr=1.00e-03
step 835: loss=0.002568 tr_acc=0.9884 te_acc=0.9750 lr=1.00e-03
step 840: loss=0.002577 tr_acc=0.9882 te_acc=0.9740 lr=1.00e-03
step 845: loss=0.002680 tr_acc=0.9877 te_acc=0.9715 lr=1.00e-03
step 850: loss=0.002691 tr_acc=0.9876 te_acc=0.9715 lr=1.00e-03
step 855: loss=0.002859 tr_acc=0.9874 te_acc=0.9710 lr=1.00e-03
step 860: loss=0.002647 tr_acc=0.9887 te_acc=0.9745 lr=1.00e-03
step 865: loss=0.002647 tr_acc=0.9886 te_acc=0.9730 lr=1.00e-03
step 870: loss=0.002573 tr_acc=0.9890 te_acc=0.9710 lr=1.00e-03
step 875: loss=0.002553 tr_acc=0.9889 te_acc=0.9745 lr=1.00e-03
step 880: loss=0.002642 tr_acc=0.9892 te_acc=0.9740 lr=1.00e-03
step 885: loss=0.002735 tr_acc=0.9886 te_acc=0.9725 lr=1.00e-03
step 890: loss=0.002670 tr_acc=0.9888 te_acc=0.9720 lr=1.00e-03
step 895: loss=0.002529 tr_acc=0.9889 te_acc=0.9700 lr=1.00e-03
step 900: loss=0.002461 tr_acc=0.9896 te_acc=0.9725 lr=1.00e-03
step 905: loss=0.002475 tr_acc=0.9895 te_acc=0.9750 lr=1.00e-03
step 910: loss=0.002598 tr_acc=0.9884 te_acc=0.9715 lr=1.00e-03
step 915: loss=0.002383 tr_acc=0.9898 te_acc=0.9740 lr=1.00e-03
step 920: loss=0.002309 tr_acc=0.9901 te_acc=0.9710 lr=1.00e-03
step 925: loss=0.002182 tr_acc=0.9903 te_acc=0.9725 lr=1.00e-03
step 930: loss=0.002209 tr_acc=0.9901 te_acc=0.9750 lr=1.00e-03
step 935: loss=0.002160 tr_acc=0.9904 te_acc=0.9745 lr=1.00e-03
step 940: loss=0.002133 tr_acc=0.9902 te_acc=0.9765 lr=1.00e-03
step 945: loss=0.002249 tr_acc=0.9901 te_acc=0.9770 lr=1.00e-03
step 950: loss=0.002170 tr_acc=0.9903 te_acc=0.9740 lr=1.00e-03
step 955: loss=0.002255 tr_acc=0.9902 te_acc=0.9725 lr=1.00e-03
step 960: loss=0.002196 tr_acc=0.9908 te_acc=0.9750 lr=1.00e-03
step 965: loss=0.002100 tr_acc=0.9910 te_acc=0.9720 lr=1.00e-03
step 970: loss=0.002187 tr_acc=0.9907 te_acc=0.9725 lr=1.00e-03
step 975: loss=0.002129 tr_acc=0.9906 te_acc=0.9760 lr=1.00e-03
step 980: loss=0.002157 tr_acc=0.9904 te_acc=0.9770 lr=1.00e-03
step 985: loss=0.002021 tr_acc=0.9914 te_acc=0.9715 lr=1.00e-03
step 990: loss=0.002195 tr_acc=0.9902 te_acc=0.9720 lr=1.00e-03
step 995: loss=0.002136 tr_acc=0.9908 te_acc=0.9750 lr=1.00e-03
step 1000: loss=0.002174 tr_acc=0.9906 te_acc=0.9745 lr=1.00e-03
done: 201 checkpoints in 270s -> /workspace/marsv_agent_haoyang/dir12_plateau_during_training/results/full_mnist_from_scratch/seed_0_pl_f0.5_p100_early
/workspace/marsv_agent_haoyang/dir12_plateau_during_training/results/full_mnist_from_scratch/seed_0_pl_f0.5_p100_early: 201/201 records OK, 0 problems
[verify] manifest complete
early exit 0
