[verify] step0 checkpoint == fresh seed-2 init == const-run step0 (bit-exact, all tensors) -> untrained confirmed
step 0: loss=0.099801 tr_acc=0.0989 te_acc=0.1090 lr=1.00e-03
step 10: loss=0.066308 tr_acc=0.6241 te_acc=0.5735 lr=1.00e-03
step 30: loss=0.034203 tr_acc=0.8444 te_acc=0.8045 lr=1.00e-03
step 100: loss=0.014381 tr_acc=0.9343 te_acc=0.9115 lr=1.00e-03
[verify] first epoch used all 60,000 training indices exactly once (no replacement)
step 300: loss=0.006405 tr_acc=0.9707 te_acc=0.9590 lr=1.00e-03
step 1500: loss=0.001328 tr_acc=0.9947 te_acc=0.9715 lr=9.94e-04
step 3000: loss=0.000657 tr_acc=0.9975 te_acc=0.9685 lr=9.76e-04
step 4500: loss=0.000417 tr_acc=0.9984 te_acc=0.9740 lr=9.46e-04
step 6000: loss=0.000192 tr_acc=0.9996 te_acc=0.9765 lr=9.05e-04
step 7500: loss=0.000236 tr_acc=0.9994 te_acc=0.9790 lr=8.54e-04
step 9000: loss=0.000087 tr_acc=0.9997 te_acc=0.9775 lr=7.94e-04
step 10500: loss=0.000023 tr_acc=1.0000 te_acc=0.9750 lr=7.27e-04
step 12000: loss=0.000011 tr_acc=1.0000 te_acc=0.9750 lr=6.55e-04
step 13500: loss=0.000009 tr_acc=1.0000 te_acc=0.9760 lr=5.79e-04
step 15000: loss=0.000010 tr_acc=1.0000 te_acc=0.9760 lr=5.00e-04
step 16500: loss=0.000008 tr_acc=1.0000 te_acc=0.9775 lr=4.22e-04
step 18000: loss=0.000007 tr_acc=1.0000 te_acc=0.9780 lr=3.46e-04
step 19500: loss=0.000019 tr_acc=1.0000 te_acc=0.9780 lr=2.74e-04
step 21000: loss=0.000005 tr_acc=1.0000 te_acc=0.9765 lr=2.07e-04
step 22500: loss=0.000003 tr_acc=1.0000 te_acc=0.9765 lr=1.47e-04
step 24000: loss=0.000002 tr_acc=1.0000 te_acc=0.9770 lr=9.64e-05
step 25500: loss=0.000002 tr_acc=1.0000 te_acc=0.9770 lr=5.54e-05
step 27000: loss=0.000001 tr_acc=1.0000 te_acc=0.9765 lr=2.54e-05
step 28500: loss=0.000001 tr_acc=1.0000 te_acc=0.9765 lr=7.15e-06
step 30000: loss=0.000001 tr_acc=1.0000 te_acc=0.9765 lr=1.00e-06
done: 25 checkpoints in 43s -> /workspace/marsv_agent_haoyang/dir12_plateau_during_training/results/full_mnist_from_scratch/seed_2
/workspace/marsv_agent_haoyang/dir12_plateau_during_training/results/full_mnist_from_scratch/seed_2: 25/25 records OK, 0 problems
[verify] manifest complete
