[verify] step0 checkpoint == fresh seed-2 init == const-run step0 (bit-exact, all tensors) -> untrained confirmed
step 0: loss=0.099801 tr_acc=0.0989 te_acc=0.1090 lr=1.00e-03
step 10: loss=0.066308 tr_acc=0.6241 te_acc=0.5735 lr=1.00e-03
step 30: loss=0.034203 tr_acc=0.8444 te_acc=0.8045 lr=1.00e-03
step 100: loss=0.014383 tr_acc=0.9342 te_acc=0.9105 lr=1.00e-03
[verify] first epoch used all 60,000 training indices exactly once (no replacement)
step 300: loss=0.006436 tr_acc=0.9705 te_acc=0.9580 lr=1.00e-03
step 1500: loss=0.001401 tr_acc=0.9942 te_acc=0.9695 lr=1.00e-03
step 3000: loss=0.000278 tr_acc=0.9991 te_acc=0.9765 lr=5.00e-04
step 4500: loss=0.000144 tr_acc=0.9995 te_acc=0.9760 lr=2.50e-04
step 6000: loss=0.000104 tr_acc=0.9996 te_acc=0.9770 lr=1.25e-04
step 7500: loss=0.000071 tr_acc=0.9997 te_acc=0.9760 lr=6.25e-05
step 9000: loss=0.000060 tr_acc=0.9998 te_acc=0.9770 lr=3.13e-05
step 10500: loss=0.000053 tr_acc=0.9998 te_acc=0.9765 lr=3.13e-05
step 12000: loss=0.000046 tr_acc=0.9998 te_acc=0.9775 lr=3.13e-05
step 13500: loss=0.000040 tr_acc=0.9998 te_acc=0.9770 lr=3.13e-05
step 15000: loss=0.000036 tr_acc=0.9998 te_acc=0.9770 lr=3.13e-05
step 16500: loss=0.000033 tr_acc=0.9999 te_acc=0.9770 lr=1.56e-05
step 18000: loss=0.000031 tr_acc=0.9999 te_acc=0.9775 lr=7.81e-06
step 19500: loss=0.000030 tr_acc=0.9999 te_acc=0.9780 lr=7.81e-06
step 21000: loss=0.000029 tr_acc=0.9999 te_acc=0.9785 lr=7.81e-06
step 22500: loss=0.000028 tr_acc=0.9999 te_acc=0.9780 lr=7.81e-06
step 24000: loss=0.000027 tr_acc=0.9999 te_acc=0.9785 lr=3.91e-06
step 25500: loss=0.000027 tr_acc=0.9999 te_acc=0.9785 lr=3.91e-06
step 27000: loss=0.000026 tr_acc=0.9999 te_acc=0.9785 lr=9.77e-07
step 28500: loss=0.000026 tr_acc=0.9999 te_acc=0.9785 lr=6.10e-08
step 30000: loss=0.000026 tr_acc=0.9999 te_acc=0.9785 lr=1.53e-08
done: 25 checkpoints in 1920s -> /workspace/marsv_agent_haoyang/dir12_plateau_during_training/results/full_mnist_from_scratch/seed_2_pl_f0.5_p100
/workspace/marsv_agent_haoyang/dir12_plateau_during_training/results/full_mnist_from_scratch/seed_2_pl_f0.5_p100: 25/25 records OK, 0 problems
[verify] manifest complete
