[verify] step0 checkpoint == fresh seed-0 init == const-run step0 (bit-exact, all tensors) -> untrained confirmed
step 0: loss=0.108581 tr_acc=0.0986 te_acc=0.0890 lr=1.00e-03
step 10: loss=0.070915 tr_acc=0.6556 te_acc=0.6310 lr=1.00e-03
step 30: loss=0.034812 tr_acc=0.8471 te_acc=0.8210 lr=1.00e-03
step 100: loss=0.014147 tr_acc=0.9391 te_acc=0.9175 lr=1.00e-03
[verify] first epoch used all 60,000 training indices exactly once (no replacement)
step 300: loss=0.006306 tr_acc=0.9727 te_acc=0.9595 lr=1.00e-03
step 1500: loss=0.001537 tr_acc=0.9935 te_acc=0.9730 lr=9.94e-04
step 3000: loss=0.000540 tr_acc=0.9980 te_acc=0.9775 lr=9.76e-04
step 4500: loss=0.000319 tr_acc=0.9988 te_acc=0.9785 lr=9.46e-04
step 6000: loss=0.000183 tr_acc=0.9994 te_acc=0.9785 lr=9.05e-04
step 7500: loss=0.000241 tr_acc=0.9991 te_acc=0.9690 lr=8.54e-04
step 9000: loss=0.000053 tr_acc=0.9998 te_acc=0.9800 lr=7.94e-04
step 10500: loss=0.000416 tr_acc=0.9978 te_acc=0.9770 lr=7.27e-04
step 12000: loss=0.000029 tr_acc=0.9999 te_acc=0.9790 lr=6.55e-04
step 13500: loss=0.000022 tr_acc=0.9999 te_acc=0.9755 lr=5.79e-04
step 15000: loss=0.000245 tr_acc=0.9991 te_acc=0.9775 lr=5.00e-04
step 16500: loss=0.000008 tr_acc=1.0000 te_acc=0.9795 lr=4.22e-04
step 18000: loss=0.000005 tr_acc=1.0000 te_acc=0.9805 lr=3.46e-04
step 19500: loss=0.000004 tr_acc=1.0000 te_acc=0.9800 lr=2.74e-04
step 21000: loss=0.000004 tr_acc=1.0000 te_acc=0.9800 lr=2.07e-04
step 22500: loss=0.000002 tr_acc=1.0000 te_acc=0.9790 lr=1.47e-04
step 24000: loss=0.000001 tr_acc=1.0000 te_acc=0.9800 lr=9.64e-05
step 25500: loss=0.000001 tr_acc=1.0000 te_acc=0.9790 lr=5.54e-05
step 27000: loss=0.000000 tr_acc=1.0000 te_acc=0.9790 lr=2.54e-05
step 28500: loss=0.000000 tr_acc=1.0000 te_acc=0.9790 lr=7.15e-06
step 30000: loss=0.000000 tr_acc=1.0000 te_acc=0.9790 lr=1.00e-06
done: 25 checkpoints in 468s -> /workspace/marsv_agent_haoyang/dir12_plateau_during_training/results/full_mnist_from_scratch/seed_0_search
/workspace/marsv_agent_haoyang/dir12_plateau_during_training/results/full_mnist_from_scratch/seed_0_search: 25/25 records OK, 0 problems
[verify] manifest complete
cos exit 0
