{
  "frozen_two_last_minus_frozen_deep_last": {
    "n": 150,
    "median_dw": 0.1599,
    "frac_increased": 0.9667,
    "wilcoxon_p": 7.485443609122255e-26,
    "median_w_a": 0.7263,
    "median_w_b": 0.5584
  },
  "frozen_two_last_minus_frozen_mirror_last": {
    "n": 150,
    "median_dw": 0.094,
    "frac_increased": 0.8867,
    "wilcoxon_p": 2.6432948462393943e-21,
    "median_w_a": 0.7263,
    "median_w_b": 0.6256
  },
  "frozen_mirror_last_minus_frozen_deep_last": {
    "n": 150,
    "median_dw": 0.0633,
    "frac_increased": 0.8133,
    "wilcoxon_p": 6.096564050112749e-17,
    "median_w_a": 0.6256,
    "median_w_b": 0.5584
  },
  "frozen_late_last_minus_frozen_early_last": {
    "n": 150,
    "median_dw": 0.0151,
    "frac_increased": 0.6,
    "wilcoxon_p": 0.005348142434022169,
    "median_w_a": 0.4841,
    "median_w_b": 0.4713
  },
  "frozen_two_last_minus_ref_init": {
    "n": 150,
    "median_dw": -0.0751,
    "frac_increased": 0.26,
    "wilcoxon_p": 5.679329735318073e-16,
    "median_w_a": 0.7263,
    "median_w_b": 0.803
  },
  "frozen_two_last_minus_ref_trained": {
    "n": 150,
    "median_dw": 0.3631,
    "frac_increased": 0.9933,
    "wilcoxon_p": 2.346131927480634e-26,
    "median_w_a": 0.7263,
    "median_w_b": 0.3507
  },
  "frozen_two_last_minus_ref_matched_step": {
    "n": 150,
    "median_dw": 0.2757,
    "frac_increased": 0.9867,
    "wilcoxon_p": 2.700490135772405e-26,
    "median_w_a": 0.7263,
    "median_w_b": 0.4428
  }
}
