rank: step 831 done (3s)
rank: step 2038 done (6s)
rank: step 5000 done (8s)
rank: step 12500 done (11s)
rank: step 30000 done (13s)
  step 831: statistics done, [752880, 94080, 94080] positions (21s)
  step 831: r2_1 median 0.3975 (21s)
  step 831: r2_full median 0.6444 (24s)
  step 2038: statistics done, [752880, 94080, 94080] positions (32s)
  step 2038: r2_1 median 0.2836 (32s)
  step 2038: r2_full median 0.5777 (34s)
  step 5000: statistics done, [752880, 94080, 94080] positions (42s)
  step 5000: r2_1 median 0.2731 (42s)
  step 5000: r2_full median 0.5579 (45s)
  step 12500: statistics done, [752880, 94080, 94080] positions (52s)
  step 12500: r2_1 median 0.1937 (52s)
  step 12500: r2_full median 0.5586 (55s)
  step 30000: statistics done, [752880, 94080, 94080] positions (62s)
  step 30000: r2_1 median 0.1724 (62s)
  step 30000: r2_full median 0.5694 (65s)
{"8": [1.0, 2.0, 4.0, 6.0, 8.0], "32": [7.0, 12.0, 15.0, 22.0, 32.0]}
done (66s)
