self_test OK: step w=0.089 detected, line w=0.800 rejected
  pair 25/150 (10s)
  pair 50/150 (20s)
  pair 75/150 (30s)
  pair 100/150 (40s)
  pair 125/150 (50s)
  pair 150/150 (60s)
/usr/local/lib/python3.11/dist-packages/scipy/stats/_wilcoxon.py:181: RuntimeWarning: invalid value encountered in scalar divide
  z = (r_plus - mn) / se
[
  {
    "edge_lo": 0,
    "edge_hi": 8,
    "size": 8,
    "median_w_alone": 0.4865,
    "rho_alone": 0.2785,
    "rho_marginal_in_prefix": 0.2785,
    "rho_random_same_size": 0.0004,
    "rho_within_region_same_size": 0.0002,
    "rho_alone_per_1000_units": 34.816,
    "rho_random_per_1000_units": 0.0444,
    "p_alone_vs_random": 2.2996057560669792e-26,
    "p_alone_vs_within_region": 2.2996057560669792e-26,
    "p_alone_vs_marginal": NaN,
    "frac_pairs_alone_gt_random": 1.0,
    "frac_pairs_alone_gt_within": 1.0
  },
  {
    "edge_lo": 8,
    "edge_hi": 32,
    "size": 24,
    "median_w_alone": 0.474,
    "rho_alone": 0.2593,
    "rho_marginal_in_prefix": 0.1995,
    "rho_random_same_size": 0.0028,
    "rho_within_region_same_size": 0.0015,
    "rho_alone_per_1000_units": 10.8055,
    "rho_random_per_1000_units": 0.1183,
    "p_alone_vs_random": 3.1079158350089683e-26,
    "p_alone_vs_within_region": 2.6469347492701727e-26,
    "p_alone_vs_marginal": 9.967322825284222e-17,
    "frac_pairs_alone_gt_random": 0.98,
    "frac_pairs_alone_gt_within": 0.9867
  },
  {
    "edge_lo": 32,
    "edge_hi": 128,
    "size": 96,
    "median_w_alone": 0.4667,
    "rho_alone": 0.2414,
    "rho_marginal_in_prefix": 0.1791,
    "rho_random_same_size": 0.0164,
    "rho_within_region_same_size": 0.0119,
    "rho_alone_per_1000_units": 2.5143,
    "rho_random_per_1000_units": 0.1704,
    "p_alone_vs_random": 2.3463081875314243e-26,
    "p_alone_vs_within_region": 2.2996057560669792e-26,
    "p_alone_vs_marginal": 5.9039621423223075e-16,
    "frac_pairs_alone_gt_random": 0.9933,
    "frac_pairs_alone_gt_within": 1.0
  },
  {
    "edge_lo": 128,
    "edge_hi": 512,
    "size": 384,
    "median_w_alone": 0.4669,
    "rho_alone": 0.2038,
    "rho_marginal_in_prefix": 0.1654,
    "rho_random_same_size": 0.0922,
    "rho_within_region_same_size": 0.0224,
    "rho_alone_per_1000_units": 0.5307,
    "rho_random_per_1000_units": 0.2401,
    "p_alone_vs_random": 2.4755616638531634e-20,
    "p_alone_vs_within_region": 2.811265480854799e-26,
    "p_alone_vs_marginal": 2.102005013354915e-08,
    "frac_pairs_alone_gt_random": 0.8933,
    "frac_pairs_alone_gt_within": 0.9933
  },
  {
    "edge_lo": 512,
    "edge_hi": 2048,
    "size": 1536,
    "median_w_alone": 0.4077,
    "rho_alone": 0.1036,
    "rho_marginal_in_prefix": 0.0273,
    "rho_random_same_size": 0.4058,
    "rho_within_region_same_size": 0.039,
    "rho_alone_per_1000_units": 0.0674,
    "rho_random_per_1000_units": 0.2642,
    "p_alone_vs_random": 2.3939507369660054e-26,
    "p_alone_vs_within_region": 1.1819963619041043e-25,
    "p_alone_vs_marginal": 2.701979740656435e-23,
    "frac_pairs_alone_gt_random": 0.0067,
    "frac_pairs_alone_gt_within": 0.98
  },
  {
    "edge_lo": 2048,
    "edge_hi": 3840,
    "size": 1792,
    "median_w_alone": 0.351,
    "rho_alone": -0.0009,
    "rho_marginal_in_prefix": -0.0005,
    "rho_random_same_size": 0.4819,
    "rho_within_region_same_size": -0.0009,
    "rho_alone_per_1000_units": -0.0005,
    "rho_random_per_1000_units": 0.2689,
    "p_alone_vs_random": 2.2996057560669792e-26,
    "p_alone_vs_within_region": NaN,
    "p_alone_vs_marginal": 0.001574848723715185,
    "frac_pairs_alone_gt_random": 0.0,
    "frac_pairs_alone_gt_within": 0.0
  }
]
{
  "sum_of_band_alone": 1.1148,
  "all_units": 0.852,
  "ratio_sum_over_total": 1.292,
  "p_sum_vs_total": 6.132096081026524e-20,
  "frac_pairs_sum_gt_total": 0.8667
}
{
  "n_head": 668,
  "n_tail": 1623,
  "r2_full_head": 0.8006,
  "r2_full_tail": 0.5147,
  "p_r2_full": 2.242075652655094e-67,
  "r2_lag0_head": 0.416,
  "r2_lag0_tail": 0.1193,
  "p_r2_lag0": 1.7994784335912237e-97
}
done in 63s
