self_test OK: step w=0.089 detected, line w=0.800 rejected
baseline median_w=0.3507 strict=0.100 (5s)
  pair 25/150 (25s)
  pair 50/150 (41s)
  pair 75/150 (58s)
  pair 100/150 (108s)
  pair 125/150 (160s)
  pair 150/150 (196s)
{
  "median_w": [
    0.3863,
    0.413,
    0.4465,
    0.4865,
    0.5346,
    0.581,
    0.6225,
    0.6602,
    0.6948,
    0.729,
    0.7409,
    0.7433,
    0.743
  ],
  "iqr_lo": [
    0.3089,
    0.3384,
    0.3633,
    0.4083,
    0.4575,
    0.5049,
    0.5547,
    0.6014,
    0.6355,
    0.685,
    0.6998,
    0.7005,
    0.6998
  ],
  "iqr_hi": [
    0.4517,
    0.4828,
    0.5214,
    0.5605,
    0.6074,
    0.6338,
    0.675,
    0.7075,
    0.7409,
    0.7682,
    0.7738,
    0.7759,
    0.776
  ],
  "recovered_frac": [
    0.0787,
    0.1379,
    0.2118,
    0.3003,
    0.4065,
    0.5091,
    0.601,
    0.6842,
    0.7608,
    0.8364,
    0.8627,
    0.868,
    0.8673
  ],
  "strict_frac": [
    0.0667,
    0.0467,
    0.02,
    0.0,
    0.0,
    0.0,
    0.0,
    0.0,
    0.0,
    0.0,
    0.0,
    0.0,
    0.0
  ]
}
{
  "median": 64.0,
  "q25": 32.0,
  "q75": 128.0,
  "frac_defined": 1.0
}
{
  "n_distinct_units": 668,
  "max_pairs_one_unit": 88,
  "frac_units_in_1_pair": 0.1811,
  "median_overlap_with_global32": 9.0,
  "blocks_of_top32": [
    767,
    903,
    1334,
    1796
  ]
}
done in 198s
