[narrow192_s2] params=5.38M frozen=0.00M (0.0%) blocks=[] vocab=65
[narrow192_s2] step      0 lr 0.00e+00 train 4.187 val 4.163 acc 0.025 [0.0m]
[narrow192_s2] step    250 lr 1.00e-03 train 2.317 val 2.298 acc 0.320 [0.2m]
[narrow192_s2] step    500 lr 1.00e-03 train 1.972 val 2.006 acc 0.408 [0.3m]
[narrow192_s2] step    750 lr 9.99e-04 train 1.763 val 1.829 acc 0.455 [0.4m]
[narrow192_s2] step   1000 lr 9.98e-04 train 1.665 val 1.714 acc 0.491 [0.6m]
[narrow192_s2] step   1250 lr 9.97e-04 train 1.522 val 1.645 acc 0.507 [0.7m]
[narrow192_s2] step   1500 lr 9.95e-04 train 1.483 val 1.591 acc 0.526 [0.9m]
[narrow192_s2] step   1750 lr 9.93e-04 train 1.383 val 1.564 acc 0.536 [1.0m]
[narrow192_s2] step   2000 lr 9.91e-04 train 1.346 val 1.549 acc 0.541 [1.2m]
[narrow192_s2] step   2250 lr 9.89e-04 train 1.368 val 1.536 acc 0.543 [1.3m]
[narrow192_s2] step   2500 lr 9.86e-04 train 1.337 val 1.508 acc 0.549 [1.5m]
[narrow192_s2] step   2750 lr 9.83e-04 train 1.333 val 1.492 acc 0.555 [1.6m]
[narrow192_s2] MATCHED reference val acc 0.5502 at step 2750 (acc 0.5547)
[narrow192_s2] step   3000 lr 9.79e-04 train 1.291 val 1.499 acc 0.556 [1.8m]
[narrow192_s2] step   3250 lr 9.76e-04 train 1.280 val 1.496 acc 0.559 [1.9m]
[narrow192_s2] step   3500 lr 9.72e-04 train 1.272 val 1.498 acc 0.561 [2.1m]
[narrow192_s2] step   3750 lr 9.67e-04 train 1.274 val 1.476 acc 0.564 [2.2m]
[narrow192_s2] step   4000 lr 9.63e-04 train 1.236 val 1.480 acc 0.565 [2.4m]
[narrow192_s2] step   4250 lr 9.58e-04 train 1.249 val 1.467 acc 0.568 [2.6m]
[narrow192_s2] step   4500 lr 9.53e-04 train 1.253 val 1.485 acc 0.568 [2.7m]
[narrow192_s2] step   4750 lr 9.47e-04 train 1.189 val 1.487 acc 0.565 [2.9m]
[narrow192_s2] step   5000 lr 9.42e-04 train 1.196 val 1.463 acc 0.569 [3.0m]
[narrow192_s2] step   5250 lr 9.36e-04 train 1.202 val 1.488 acc 0.568 [3.2m]
[narrow192_s2] step   5500 lr 9.29e-04 train 1.173 val 1.471 acc 0.569 [3.3m]
[narrow192_s2] step   5750 lr 9.23e-04 train 1.175 val 1.483 acc 0.571 [3.5m]
[narrow192_s2] step   6000 lr 9.16e-04 train 1.165 val 1.488 acc 0.569 [3.6m]
[narrow192_s2] step   6250 lr 9.09e-04 train 1.199 val 1.505 acc 0.567 [3.8m]
[narrow192_s2] step   6500 lr 9.02e-04 train 1.127 val 1.477 acc 0.571 [3.9m]
[narrow192_s2] step   6750 lr 8.95e-04 train 1.139 val 1.487 acc 0.572 [4.1m]
[narrow192_s2] step   7000 lr 8.87e-04 train 1.131 val 1.481 acc 0.574 [4.2m]
[narrow192_s2] step   7250 lr 8.79e-04 train 1.094 val 1.470 acc 0.577 [4.4m]
[narrow192_s2] step   7500 lr 8.71e-04 train 1.102 val 1.500 acc 0.572 [4.5m]
[narrow192_s2] step   7750 lr 8.62e-04 train 1.099 val 1.509 acc 0.573 [4.7m]
[narrow192_s2] step   8000 lr 8.54e-04 train 1.091 val 1.518 acc 0.571 [4.8m]
[narrow192_s2] step   8250 lr 8.45e-04 train 1.065 val 1.494 acc 0.573 [4.9m]
[narrow192_s2] step   8500 lr 8.36e-04 train 1.093 val 1.545 acc 0.565 [5.1m]
[narrow192_s2] step   8750 lr 8.27e-04 train 1.094 val 1.546 acc 0.568 [5.2m]
[narrow192_s2] step   9000 lr 8.17e-04 train 1.013 val 1.524 acc 0.571 [5.4m]
[narrow192_s2] time budget hit at step 9206, stopping
[narrow192_s2] DONE step=9000 val_acc=0.5712 best=0.5770 matched={'step': 2750, 'val_acc': 0.5547037760416667, 'val_loss': 1.4923835515975952}
