[ref_pos] params=8.38M frozen=0.00M (0.0%) blocks=[] vocab=65
[ref_pos] step      0 lr 0.00e+00 train 4.230 val 4.228 acc 0.026 [0.0m]
[ref_pos] step    250 lr 1.00e-03 train 2.299 val 2.282 acc 0.322 [0.2m]
[ref_pos] step    500 lr 1.00e-03 train 1.923 val 1.955 acc 0.419 [0.4m]
[ref_pos] step    750 lr 9.99e-04 train 1.707 val 1.795 acc 0.467 [0.6m]
[ref_pos] step   1000 lr 9.98e-04 train 1.620 val 1.681 acc 0.502 [0.8m]
[ref_pos] step   1250 lr 9.97e-04 train 1.482 val 1.621 acc 0.515 [1.1m]
[ref_pos] step   1500 lr 9.95e-04 train 1.436 val 1.570 acc 0.533 [1.3m]
[ref_pos] step   1750 lr 9.93e-04 train 1.351 val 1.555 acc 0.540 [1.5m]
[ref_pos] step   2000 lr 9.91e-04 train 1.321 val 1.529 acc 0.546 [1.7m]
[ref_pos] step   2250 lr 9.89e-04 train 1.323 val 1.517 acc 0.547 [2.0m]
[ref_pos] step   2500 lr 9.86e-04 train 1.299 val 1.504 acc 0.552 [2.2m]
[ref_pos] MATCHED reference val acc 0.5502 at step 2500 (acc 0.5522)
[ref_pos] step   2750 lr 9.83e-04 train 1.289 val 1.492 acc 0.559 [2.4m]
[ref_pos] step   3000 lr 9.79e-04 train 1.258 val 1.503 acc 0.558 [2.8m]
[ref_pos] step   3250 lr 9.76e-04 train 1.231 val 1.494 acc 0.563 [3.2m]
[ref_pos] step   3500 lr 9.72e-04 train 1.215 val 1.499 acc 0.562 [3.6m]
[ref_pos] step   3750 lr 9.67e-04 train 1.223 val 1.470 acc 0.566 [4.0m]
[ref_pos] step   4000 lr 9.63e-04 train 1.183 val 1.479 acc 0.568 [4.5m]
[ref_pos] step   4250 lr 9.58e-04 train 1.193 val 1.479 acc 0.570 [4.9m]
[ref_pos] step   4500 lr 9.53e-04 train 1.200 val 1.503 acc 0.568 [5.3m]
[ref_pos] step   4750 lr 9.47e-04 train 1.130 val 1.498 acc 0.566 [5.7m]
[ref_pos] step   5000 lr 9.42e-04 train 1.137 val 1.492 acc 0.569 [6.1m]
[ref_pos] step   5250 lr 9.36e-04 train 1.146 val 1.525 acc 0.567 [6.5m]
[ref_pos] step   5500 lr 9.29e-04 train 1.108 val 1.506 acc 0.571 [6.7m]
[ref_pos] step   5750 lr 9.23e-04 train 1.110 val 1.518 acc 0.568 [6.9m]
[ref_pos] step   6000 lr 9.16e-04 train 1.100 val 1.533 acc 0.567 [7.1m]
[ref_pos] step   6250 lr 9.09e-04 train 1.117 val 1.558 acc 0.567 [7.3m]
