params=8.38M vocab=65 device=cuda
step     0 lr 0.00e+00 train 4.230 val 4.228 acc 0.026 [0.0m]
step   100 lr 1.00e-03 train 2.526 val 2.508 acc 0.276 [0.1m]
step   200 lr 9.98e-04 train 2.399 val 2.376 acc 0.299 [0.3m]
step   300 lr 9.92e-04 train 2.219 val 2.204 acc 0.351 [0.4m]
step   400 lr 9.83e-04 train 2.036 val 2.058 acc 0.392 [0.5m]
step   500 lr 9.70e-04 train 1.939 val 1.970 acc 0.413 [0.6m]
step   600 lr 9.53e-04 train 1.802 val 1.894 acc 0.439 [0.7m]
step   700 lr 9.33e-04 train 1.761 val 1.839 acc 0.453 [0.8m]
step   800 lr 9.09e-04 train 1.689 val 1.773 acc 0.472 [1.0m]
step   900 lr 8.83e-04 train 1.605 val 1.733 acc 0.484 [1.1m]
step  1000 lr 8.53e-04 train 1.628 val 1.685 acc 0.501 [1.2m]
step  1100 lr 8.21e-04 train 1.584 val 1.661 acc 0.506 [1.3m]
step  1200 lr 7.87e-04 train 1.485 val 1.647 acc 0.509 [1.4m]
step  1300 lr 7.51e-04 train 1.453 val 1.622 acc 0.519 [1.5m]
step  1400 lr 7.13e-04 train 1.424 val 1.615 acc 0.517 [1.6m]
step  1500 lr 6.73e-04 train 1.444 val 1.570 acc 0.532 [1.6m]
step  1600 lr 6.33e-04 train 1.405 val 1.572 acc 0.531 [1.7m]
step  1700 lr 5.92e-04 train 1.404 val 1.540 acc 0.540 [1.8m]
step  1800 lr 5.50e-04 train 1.429 val 1.542 acc 0.540 [1.9m]
step  1900 lr 5.08e-04 train 1.377 val 1.531 acc 0.543 [2.0m]
step  2000 lr 4.67e-04 train 1.315 val 1.520 acc 0.547 [2.1m]
step  2100 lr 4.27e-04 train 1.324 val 1.526 acc 0.548 [2.1m]
step  2200 lr 3.87e-04 train 1.322 val 1.503 acc 0.550 [2.2m]
step  2300 lr 3.49e-04 train 1.327 val 1.499 acc 0.552 [2.3m]
step  2400 lr 3.13e-04 train 1.262 val 1.508 acc 0.550 [2.4m]
step  2500 lr 2.79e-04 train 1.285 val 1.517 acc 0.550 [2.5m]
step  2600 lr 2.47e-04 train 1.304 val 1.487 acc 0.558 [2.5m]
step  2700 lr 2.17e-04 train 1.309 val 1.481 acc 0.559 [2.6m]
step  2800 lr 1.91e-04 train 1.299 val 1.474 acc 0.562 [2.7m]
step  2900 lr 1.67e-04 train 1.299 val 1.455 acc 0.567 [2.8m]
step  3000 lr 1.47e-04 train 1.249 val 1.475 acc 0.561 [2.9m]
step  3100 lr 1.30e-04 train 1.215 val 1.487 acc 0.563 [3.0m]
step  3200 lr 1.17e-04 train 1.252 val 1.484 acc 0.561 [3.1m]
step  3300 lr 1.08e-04 train 1.239 val 1.457 acc 0.568 [3.3m]
step  3400 lr 1.02e-04 train 1.245 val 1.501 acc 0.558 [3.4m]
step  3500 lr 1.00e-04 train 1.232 val 1.494 acc 0.560 [3.5m]
DONE {"corpus_sha256": "86c4e6aa9db7c042ec79f339dcb96d42b0075e16b8fc2e86bf0ca57e2dc565ed", "n_chars": 1115394, "vocab_size": 65, "vocab": "\n !$&',-.3:;?ABCDEFGHIJKLMNOPQRSTUVWXYZabcdefghijklmnopqrstuvwxyz
