[grok_char] params=8.38M vocab=65 corpus_tokens=1115394 train_tokens=1003854 epoch_every=163 steps
[grok_char] step      0 lr 0.00e+00 train 4.230 val 4.228 acc 0.026 [0.0m]
[grok_char] step    250 lr 1.00e-03 train 2.299 val 2.282 acc 0.322 [0.4m]
[grok_char] step    500 lr 1.00e-03 train 1.923 val 1.955 acc 0.419 [0.8m]
[grok_char] step    750 lr 9.99e-04 train 1.707 val 1.795 acc 0.467 [1.0m]
[grok_char] step   1000 lr 9.98e-04 train 1.620 val 1.681 acc 0.502 [1.2m]
[grok_char] step   1250 lr 9.97e-04 train 1.482 val 1.621 acc 0.515 [1.5m]
[grok_char] step   1500 lr 9.95e-04 train 1.436 val 1.570 acc 0.533 [2.0m]
[grok_char] step   1750 lr 9.93e-04 train 1.351 val 1.555 acc 0.540 [2.7m]
[grok_char] step   2000 lr 9.91e-04 train 1.321 val 1.529 acc 0.546 [3.4m]
[grok_char] step   2250 lr 9.89e-04 train 1.323 val 1.517 acc 0.547 [4.1m]
[grok_char] step   2500 lr 9.86e-04 train 1.299 val 1.504 acc 0.552 [4.7m]
[grok_char] step   2750 lr 9.83e-04 train 1.289 val 1.492 acc 0.559 [5.6m]
[grok_char] step   3000 lr 9.79e-04 train 1.258 val 1.503 acc 0.558 [6.5m]
[grok_char] step   3250 lr 9.76e-04 train 1.231 val 1.494 acc 0.563 [7.2m]
[grok_char] step   3500 lr 9.72e-04 train 1.215 val 1.499 acc 0.562 [7.9m]
[grok_char] step   3750 lr 9.67e-04 train 1.223 val 1.470 acc 0.566 [8.6m]
[grok_char] step   4000 lr 9.63e-04 train 1.183 val 1.479 acc 0.568 [9.5m]
[grok_char] step   4250 lr 9.58e-04 train 1.193 val 1.479 acc 0.570 [10.2m]
[grok_char] step   4500 lr 9.53e-04 train 1.200 val 1.503 acc 0.568 [10.9m]
[grok_char] step   4750 lr 9.47e-04 train 1.130 val 1.498 acc 0.566 [11.5m]
[grok_char] step   5000 lr 9.42e-04 train 1.137 val 1.492 acc 0.569 [12.1m]
[grok_char] step   5250 lr 9.36e-04 train 1.146 val 1.525 acc 0.567 [12.7m]
[grok_char] step   5500 lr 9.29e-04 train 1.108 val 1.506 acc 0.571 [13.3m]
[grok_char] step   5750 lr 9.23e-04 train 1.110 val 1.518 acc 0.568 [14.1m]
[grok_char] step   6000 lr 9.16e-04 train 1.100 val 1.533 acc 0.567 [15.0m]
[grok_char] step   6250 lr 9.09e-04 train 1.117 val 1.558 acc 0.567 [15.9m]
[grok_char] step   6500 lr 9.02e-04 train 1.052 val 1.524 acc 0.571 [16.7m]
[grok_char] step   6750 lr 8.95e-04 train 1.066 val 1.532 acc 0.569 [17.6m]
[grok_char] step   7000 lr 8.87e-04 train 1.047 val 1.552 acc 0.568 [18.4m]
[grok_char] step   7250 lr 8.79e-04 train 1.025 val 1.535 acc 0.573 [19.3m]
[grok_char] step   7500 lr 8.71e-04 train 1.027 val 1.561 acc 0.569 [20.2m]
[grok_char] step   7750 lr 8.62e-04 train 0.989 val 1.593 acc 0.567 [21.0m]
[grok_char] step   8000 lr 8.54e-04 train 0.986 val 1.597 acc 0.567 [21.9m]
[grok_char] step   8250 lr 8.45e-04 train 0.976 val 1.570 acc 0.568 [22.7m]
[grok_char] step   8500 lr 8.36e-04 train 1.002 val 1.641 acc 0.560 [23.6m]
[grok_char] step   8750 lr 8.27e-04 train 0.975 val 1.647 acc 0.562 [24.5m]
[grok_char] step   9000 lr 8.17e-04 train 0.910 val 1.631 acc 0.566 [25.3m]
[grok_char] step   9250 lr 8.08e-04 train 0.947 val 1.649 acc 0.566 [26.2m]
[grok_char] step   9500 lr 7.98e-04 train 0.925 val 1.650 acc 0.565 [27.0m]
[grok_char] step   9750 lr 7.88e-04 train 0.938 val 1.650 acc 0.565 [27.9m]
[grok_char] step  10000 lr 7.78e-04 train 0.926 val 1.677 acc 0.565 [28.7m]
[grok_char] step  10250 lr 7.67e-04 train 0.921 val 1.688 acc 0.565 [29.6m]
[grok_char] step  10500 lr 7.57e-04 train 0.924 val 1.707 acc 0.562 [30.5m]
[grok_char] step  10750 lr 7.46e-04 train 0.857 val 1.699 acc 0.564 [31.3m]
[grok_char] step  11000 lr 7.36e-04 train 0.876 val 1.731 acc 0.562 [32.2m]
[grok_char] step  11250 lr 7.25e-04 train 0.848 val 1.717 acc 0.565 [33.0m]
[grok_char] step  11500 lr 7.14e-04 train 0.869 val 1.740 acc 0.561 [33.9m]
[grok_char] step  11750 lr 7.03e-04 train 0.879 val 1.757 acc 0.562 [34.8m]
[grok_char] step  12000 lr 6.92e-04 train 0.850 val 1.755 acc 0.561 [35.6m]
[grok_char] step  12250 lr 6.80e-04 train 0.831 val 1.760 acc 0.562 [36.5m]
[grok_char] step  12500 lr 6.69e-04 train 0.794 val 1.770 acc 0.561 [37.3m]
[grok_char] step  12750 lr 6.58e-04 train 0.819 val 1.774 acc 0.563 [38.2m]
[grok_char] step  13000 lr 6.46e-04 train 0.796 val 1.791 acc 0.564 [39.1m]
[grok_char] step  13250 lr 6.35e-04 train 0.804 val 1.820 acc 0.558 [39.9m]
[grok_char] step  13500 lr 6.23e-04 train 0.780 val 1.840 acc 0.556 [40.8m]
[grok_char] step  13750 lr 6.11e-04 train 0.809 val 1.825 acc 0.561 [41.6m]
[grok_char] step  14000 lr 6.00e-04 train 0.777 val 1.850 acc 0.559 [42.5m]
[grok_char] step  14250 lr 5.88e-04 train 0.797 val 1.825 acc 0.562 [43.4m]
[grok_char] step  14500 lr 5.76e-04 train 0.772 val 1.884 acc 0.556 [44.2m]
[grok_char] step  14750 lr 5.64e-04 train 0.788 val 1.857 acc 0.562 [45.1m]
[grok_char] step  15000 lr 5.52e-04 train 0.740 val 1.851 acc 0.557 [45.8m]
[grok_char] step  15250 lr 5.41e-04 train 0.779 val 1.930 acc 0.555 [46.6m]
[grok_char] step  15500 lr 5.29e-04 train 0.787 val 1.905 acc 0.558 [47.2m]
[grok_char] step  15750 lr 5.17e-04 train 0.738 val 1.919 acc 0.558 [47.8m]
[grok_char] step  16000 lr 5.05e-04 train 0.755 val 1.959 acc 0.555 [48.4m]
[grok_char] step  16250 lr 4.93e-04 train 0.715 val 1.916 acc 0.560 [48.8m]
[grok_char] step  16500 lr 4.82e-04 train 0.706 val 1.926 acc 0.560 [49.4m]
[grok_char] step  16750 lr 4.70e-04 train 0.711 val 1.979 acc 0.556 [50.0m]
[grok_char] step  17000 lr 4.58e-04 train 0.701 val 1.996 acc 0.555 [50.6m]
[grok_char] step  17250 lr 4.47e-04 train 0.681 val 2.043 acc 0.549 [51.2m]
[grok_char] step  17500 lr 4.35e-04 train 0.660 val 2.002 acc 0.556 [51.8m]
[grok_char] step  17750 lr 4.24e-04 train 0.684 val 2.071 acc 0.551 [52.4m]
[grok_char] step  18000 lr 4.13e-04 train 0.645 val 2.026 acc 0.555 [53.0m]
[grok_char] step  18250 lr 4.02e-04 train 0.658 val 2.042 acc 0.556 [53.6m]
[grok_char] step  18500 lr 3.90e-04 train 0.656 val 2.044 acc 0.554 [54.2m]
[grok_char] step  18750 lr 3.79e-04 train 0.650 val 2.043 acc 0.558 [54.8m]
[grok_char] step  19000 lr 3.69e-04 train 0.636 val 2.043 acc 0.557 [55.4m]
[grok_char] step  19250 lr 3.58e-04 train 0.670 val 2.065 acc 0.557 [56.0m]
[grok_char] step  19500 lr 3.47e-04 train 0.635 val 2.102 acc 0.551 [56.6m]
[grok_char] step  19750 lr 3.37e-04 train 0.600 val 2.079 acc 0.557 [57.2m]
[grok_char] step  20000 lr 3.26e-04 train 0.633 val 2.081 acc 0.556 [57.8m]
[grok_char] step  20250 lr 3.16e-04 train 0.631 val 2.131 acc 0.550 [58.5m]
[grok_char] step  20500 lr 3.06e-04 train 0.614 val 2.140 acc 0.552 [59.0m]
[grok_char] step  20750 lr 2.96e-04 train 0.623 val 2.107 acc 0.556 [59.7m]
[grok_char] step  21000 lr 2.87e-04 train 0.641 val 2.111 acc 0.557 [60.3m]
[grok_char] step  21250 lr 2.77e-04 train 0.615 val 2.144 acc 0.555 [60.9m]
[grok_char] step  21500 lr 2.68e-04 train 0.601 val 2.145 acc 0.556 [61.5m]
[grok_char] step  21750 lr 2.59e-04 train 0.594 val 2.147 acc 0.553 [62.1m]
[grok_char] step  22000 lr 2.50e-04 train 0.613 val 2.154 acc 0.556 [62.7m]
[grok_char] step  22250 lr 2.41e-04 train 0.622 val 2.181 acc 0.553 [63.3m]
[grok_char] step  22500 lr 2.33e-04 train 0.562 val 2.215 acc 0.551 [63.9m]
[grok_char] step  22750 lr 2.24e-04 train 0.589 val 2.208 acc 0.553 [64.5m]
