Warning: You are sending unauthenticated requests to the HF Hub. Please set a HF_TOKEN to enable higher rate limits and faster downloads.
[grok_bpe] params=20.42M vocab=50257 corpus_tokens=338025 train_tokens=304222 epoch_every=50 steps
[grok_bpe] step      0 lr 0.00e+00 train 10.873 val 10.853 acc 0.000 [0.1m]
[grok_bpe] step    250 lr 1.00e-03 train 4.774 val 5.107 acc 0.226 [1.7m]
[grok_bpe] step    500 lr 1.00e-03 train 4.130 val 4.813 acc 0.273 [2.8m]
[grok_bpe] step    750 lr 9.99e-04 train 3.579 val 4.766 acc 0.299 [3.9m]
[grok_bpe] step   1000 lr 9.98e-04 train 3.173 val 4.923 acc 0.297 [5.2m]
[grok_bpe] step   1250 lr 9.97e-04 train 2.788 val 5.177 acc 0.294 [6.8m]
[grok_bpe] step   1500 lr 9.95e-04 train 2.445 val 5.294 acc 0.295 [8.4m]
[grok_bpe] step   1750 lr 9.93e-04 train 2.169 val 5.539 acc 0.294 [10.0m]
[grok_bpe] step   2000 lr 9.91e-04 train 1.946 val 5.913 acc 0.284 [11.6m]
[grok_bpe] step   2250 lr 9.89e-04 train 1.675 val 6.267 acc 0.277 [13.1m]
[grok_bpe] step   2500 lr 9.86e-04 train 1.395 val 6.432 acc 0.280 [14.7m]
[grok_bpe] step   2750 lr 9.83e-04 train 1.179 val 6.819 acc 0.278 [16.3m]
[grok_bpe] step   3000 lr 9.79e-04 train 1.116 val 6.963 acc 0.280 [17.9m]
[grok_bpe] step   3250 lr 9.76e-04 train 0.990 val 7.250 acc 0.275 [19.5m]
[grok_bpe] step   3500 lr 9.72e-04 train 0.962 val 7.485 acc 0.273 [21.1m]
[grok_bpe] step   3750 lr 9.67e-04 train 0.836 val 7.842 acc 0.270 [22.7m]
[grok_bpe] step   4000 lr 9.63e-04 train 0.744 val 7.997 acc 0.270 [24.3m]
[grok_bpe] step   4250 lr 9.58e-04 train 0.729 val 8.245 acc 0.267 [25.9m]
[grok_bpe] step   4500 lr 9.53e-04 train 0.663 val 8.333 acc 0.271 [27.5m]
[grok_bpe] step   4750 lr 9.47e-04 train 0.613 val 8.446 acc 0.274 [29.1m]
[grok_bpe] step   5000 lr 9.42e-04 train 0.618 val 8.521 acc 0.274 [30.7m]
[grok_bpe] step   5250 lr 9.36e-04 train 0.550 val 8.705 acc 0.276 [32.3m]
[grok_bpe] step   5500 lr 9.29e-04 train 0.519 val 9.089 acc 0.262 [33.9m]
[grok_bpe] step   5750 lr 9.23e-04 train 0.524 val 9.060 acc 0.268 [35.5m]
[grok_bpe] step   6000 lr 9.16e-04 train 0.482 val 9.025 acc 0.274 [37.0m]
[grok_bpe] step   6250 lr 9.09e-04 train 0.524 val 9.286 acc 0.268 [38.3m]
[grok_bpe] step   6500 lr 9.02e-04 train 0.485 val 9.410 acc 0.267 [39.5m]
[grok_bpe] step   6750 lr 8.95e-04 train 0.452 val 9.458 acc 0.269 [40.4m]
[grok_bpe] step   7000 lr 8.87e-04 train 0.421 val 9.529 acc 0.277 [41.5m]
[grok_bpe] step   7250 lr 8.79e-04 train 0.456 val 9.580 acc 0.276 [42.7m]
[grok_bpe] step   7500 lr 8.71e-04 train 0.440 val 9.674 acc 0.271 [43.8m]
[grok_bpe] step   7750 lr 8.62e-04 train 0.396 val 9.962 acc 0.268 [44.9m]
[grok_bpe] step   8000 lr 8.54e-04 train 0.395 val 9.915 acc 0.271 [46.1m]
[grok_bpe] step   8250 lr 8.45e-04 train 0.361 val 9.906 acc 0.275 [47.2m]
[grok_bpe] step   8500 lr 8.36e-04 train 0.399 val 9.949 acc 0.273 [48.3m]
[grok_bpe] step   8750 lr 8.27e-04 train 0.353 val 10.263 acc 0.269 [49.4m]
[grok_bpe] step   9000 lr 8.17e-04 train 0.377 val 9.993 acc 0.278 [50.6m]
[grok_bpe] step   9250 lr 8.08e-04 train 0.367 val 10.310 acc 0.271 [51.7m]
[grok_bpe] step   9500 lr 7.98e-04 train 0.325 val 10.283 acc 0.272 [52.8m]
[grok_bpe] step   9750 lr 7.88e-04 train 0.329 val 10.394 acc 0.271 [53.9m]
[grok_bpe] step  10000 lr 7.78e-04 train 0.332 val 10.352 acc 0.273 [55.1m]
