[ref_pos_s2] params=8.38M frozen=0.00M (0.0%) blocks=[] vocab=65
[ref_pos_s2] step      0 lr 0.00e+00 train 4.253 val 4.268 acc 0.010 [0.0m]
[ref_pos_s2] step    250 lr 1.00e-03 train 2.272 val 2.257 acc 0.331 [0.2m]
[ref_pos_s2] step    500 lr 1.00e-03 train 1.900 val 1.949 acc 0.422 [0.4m]
[ref_pos_s2] step    750 lr 9.99e-04 train 1.706 val 1.782 acc 0.471 [0.6m]
[ref_pos_s2] step   1000 lr 9.98e-04 train 1.604 val 1.673 acc 0.504 [0.8m]
[ref_pos_s2] step   1250 lr 9.97e-04 train 1.471 val 1.609 acc 0.517 [0.9m]
[ref_pos_s2] step   1500 lr 9.95e-04 train 1.442 val 1.571 acc 0.533 [1.1m]
[ref_pos_s2] step   1750 lr 9.93e-04 train 1.355 val 1.547 acc 0.540 [1.3m]
[ref_pos_s2] step   2000 lr 9.91e-04 train 1.321 val 1.532 acc 0.547 [1.5m]
[ref_pos_s2] step   2250 lr 9.89e-04 train 1.321 val 1.517 acc 0.548 [1.7m]
[ref_pos_s2] step   2500 lr 9.86e-04 train 1.299 val 1.501 acc 0.555 [1.9m]
[ref_pos_s2] MATCHED reference val acc 0.5502 at step 2500 (acc 0.5554)
[ref_pos_s2] step   2750 lr 9.83e-04 train 1.297 val 1.486 acc 0.560 [2.1m]
[ref_pos_s2] step   3000 lr 9.79e-04 train 1.260 val 1.497 acc 0.559 [2.3m]
[ref_pos_s2] step   3250 lr 9.76e-04 train 1.244 val 1.490 acc 0.563 [2.4m]
[ref_pos_s2] step   3500 lr 9.72e-04 train 1.224 val 1.496 acc 0.564 [2.6m]
[ref_pos_s2] step   3750 lr 9.67e-04 train 1.228 val 1.478 acc 0.568 [2.8m]
[ref_pos_s2] step   4000 lr 9.63e-04 train 1.198 val 1.483 acc 0.567 [3.0m]
[ref_pos_s2] step   4250 lr 9.58e-04 train 1.202 val 1.475 acc 0.570 [3.2m]
[ref_pos_s2] step   4500 lr 9.53e-04 train 1.200 val 1.502 acc 0.569 [3.4m]
[ref_pos_s2] step   4750 lr 9.47e-04 train 1.151 val 1.489 acc 0.567 [3.6m]
[ref_pos_s2] step   5000 lr 9.42e-04 train 1.156 val 1.489 acc 0.569 [3.8m]
[ref_pos_s2] step   5250 lr 9.36e-04 train 1.152 val 1.517 acc 0.568 [4.1m]
[ref_pos_s2] step   5500 lr 9.29e-04 train 1.122 val 1.501 acc 0.570 [4.3m]
[ref_pos_s2] step   5750 lr 9.23e-04 train 1.114 val 1.504 acc 0.570 [4.5m]
[ref_pos_s2] step   6000 lr 9.16e-04 train 1.103 val 1.519 acc 0.570 [4.7m]
[ref_pos_s2] step   6250 lr 9.09e-04 train 1.112 val 1.548 acc 0.570 [5.0m]
[ref_pos_s2] step   6500 lr 9.02e-04 train 1.074 val 1.526 acc 0.570 [5.2m]
[ref_pos_s2] step   6750 lr 8.95e-04 train 1.069 val 1.534 acc 0.571 [5.4m]
[ref_pos_s2] step   7000 lr 8.87e-04 train 1.059 val 1.535 acc 0.572 [5.6m]
[ref_pos_s2] step   7250 lr 8.79e-04 train 1.032 val 1.519 acc 0.577 [5.8m]
[ref_pos_s2] step   7500 lr 8.71e-04 train 1.029 val 1.567 acc 0.570 [6.1m]
[ref_pos_s2] step   7750 lr 8.62e-04 train 1.005 val 1.576 acc 0.571 [6.3m]
[ref_pos_s2] step   8000 lr 8.54e-04 train 1.004 val 1.592 acc 0.569 [6.5m]
[ref_pos_s2] step   8250 lr 8.45e-04 train 0.988 val 1.567 acc 0.570 [6.7m]
[ref_pos_s2] step   8500 lr 8.36e-04 train 1.005 val 1.630 acc 0.563 [6.9m]
[ref_pos_s2] step   8750 lr 8.27e-04 train 0.989 val 1.642 acc 0.564 [7.1m]
[ref_pos_s2] step   9000 lr 8.17e-04 train 0.924 val 1.611 acc 0.568 [7.3m]
[ref_pos_s2] step   9250 lr 8.08e-04 train 0.964 val 1.636 acc 0.567 [7.5m]
[ref_pos_s2] step   9500 lr 7.98e-04 train 0.944 val 1.630 acc 0.566 [7.7m]
[ref_pos_s2] step   9750 lr 7.88e-04 train 0.962 val 1.631 acc 0.568 [7.8m]
[ref_pos_s2] step  10000 lr 7.78e-04 train 0.923 val 1.673 acc 0.566 [8.0m]
[ref_pos_s2] step  10250 lr 7.67e-04 train 0.953 val 1.658 acc 0.566 [8.2m]
[ref_pos_s2] step  10500 lr 7.57e-04 train 0.952 val 1.667 acc 0.567 [8.4m]
[ref_pos_s2] step  10750 lr 7.46e-04 train 0.886 val 1.680 acc 0.566 [8.6m]
[ref_pos_s2] step  11000 lr 7.36e-04 train 0.893 val 1.701 acc 0.564 [8.8m]
[ref_pos_s2] step  11250 lr 7.25e-04 train 0.859 val 1.696 acc 0.566 [9.0m]
[ref_pos_s2] step  11500 lr 7.14e-04 train 0.883 val 1.724 acc 0.563 [9.2m]
[ref_pos_s2] step  11750 lr 7.03e-04 train 0.891 val 1.729 acc 0.564 [9.3m]
[ref_pos_s2] step  12000 lr 6.92e-04 train 0.865 val 1.724 acc 0.561 [9.5m]
[ref_pos_s2] step  12250 lr 6.80e-04 train 0.850 val 1.740 acc 0.561 [9.7m]
[ref_pos_s2] step  12500 lr 6.69e-04 train 0.846 val 1.745 acc 0.564 [9.9m]
[ref_pos_s2] step  12750 lr 6.58e-04 train 0.840 val 1.765 acc 0.564 [10.1m]
[ref_pos_s2] step  13000 lr 6.46e-04 train 0.812 val 1.746 acc 0.567 [10.3m]
[ref_pos_s2] step  13250 lr 6.35e-04 train 0.810 val 1.808 acc 0.559 [10.5m]
[ref_pos_s2] step  13500 lr 6.23e-04 train 0.816 val 1.806 acc 0.558 [10.7m]
[ref_pos_s2] step  13750 lr 6.11e-04 train 0.814 val 1.808 acc 0.562 [10.8m]
[ref_pos_s2] step  14000 lr 6.00e-04 train 0.796 val 1.824 acc 0.560 [11.0m]
[ref_pos_s2] step  14250 lr 5.88e-04 train 0.814 val 1.815 acc 0.561 [11.2m]
[ref_pos_s2] step  14500 lr 5.76e-04 train 0.775 val 1.853 acc 0.558 [11.4m]
[ref_pos_s2] step  14750 lr 5.64e-04 train 0.802 val 1.831 acc 0.563 [11.6m]
[ref_pos_s2] step  15000 lr 5.52e-04 train 0.748 val 1.847 acc 0.560 [11.8m]
[ref_pos_s2] step  15250 lr 5.41e-04 train 0.801 val 1.894 acc 0.557 [12.0m]
[ref_pos_s2] step  15500 lr 5.29e-04 train 0.808 val 1.879 acc 0.559 [12.2m]
[ref_pos_s2] step  15750 lr 5.17e-04 train 0.756 val 1.875 acc 0.561 [12.3m]
[ref_pos_s2] step  16000 lr 5.05e-04 train 0.776 val 1.926 acc 0.558 [12.5m]
[ref_pos_s2] step  16250 lr 4.93e-04 train 0.736 val 1.887 acc 0.560 [12.7m]
[ref_pos_s2] step  16500 lr 4.82e-04 train 0.731 val 1.885 acc 0.563 [12.9m]
[ref_pos_s2] step  16750 lr 4.70e-04 train 0.764 val 1.937 acc 0.559 [13.1m]
[ref_pos_s2] step  17000 lr 4.58e-04 train 0.715 val 1.974 acc 0.556 [13.3m]
[ref_pos_s2] step  17250 lr 4.47e-04 train 0.714 val 1.984 acc 0.554 [13.5m]
[ref_pos_s2] step  17500 lr 4.35e-04 train 0.689 val 1.964 acc 0.561 [13.7m]
[ref_pos_s2] step  17750 lr 4.24e-04 train 0.712 val 2.047 acc 0.553 [13.8m]
[ref_pos_s2] step  18000 lr 4.13e-04 train 0.665 val 1.998 acc 0.556 [14.0m]
[ref_pos_s2] step  18250 lr 4.02e-04 train 0.686 val 1.997 acc 0.557 [14.2m]
[ref_pos_s2] step  18500 lr 3.90e-04 train 0.683 val 2.017 acc 0.556 [14.4m]
[ref_pos_s2] step  18750 lr 3.79e-04 train 0.679 val 2.015 acc 0.558 [14.6m]
[ref_pos_s2] step  19000 lr 3.69e-04 train 0.667 val 2.019 acc 0.559 [14.8m]
[ref_pos_s2] step  19250 lr 3.58e-04 train 0.685 val 2.044 acc 0.558 [15.0m]
[ref_pos_s2] step  19500 lr 3.47e-04 train 0.661 val 2.082 acc 0.552 [15.2m]
[ref_pos_s2] step  19750 lr 3.37e-04 train 0.635 val 2.046 acc 0.561 [15.3m]
[ref_pos_s2] step  20000 lr 3.26e-04 train 0.670 val 2.060 acc 0.557 [15.5m]
[ref_pos_s2] step  20250 lr 3.16e-04 train 0.645 val 2.107 acc 0.554 [15.7m]
[ref_pos_s2] step  20500 lr 3.06e-04 train 0.653 val 2.117 acc 0.553 [15.9m]
[ref_pos_s2] step  20750 lr 2.96e-04 train 0.659 val 2.076 acc 0.557 [16.1m]
[ref_pos_s2] step  21000 lr 2.87e-04 train 0.659 val 2.073 acc 0.560 [16.3m]
[ref_pos_s2] step  21250 lr 2.77e-04 train 0.639 val 2.125 acc 0.556 [16.5m]
[ref_pos_s2] step  21500 lr 2.68e-04 train 0.619 val 2.112 acc 0.557 [16.7m]
[ref_pos_s2] step  21750 lr 2.59e-04 train 0.608 val 2.138 acc 0.554 [16.8m]
[ref_pos_s2] step  22000 lr 2.50e-04 train 0.623 val 2.127 acc 0.557 [17.0m]
[ref_pos_s2] step  22250 lr 2.41e-04 train 0.631 val 2.160 acc 0.552 [17.2m]
[ref_pos_s2] step  22500 lr 2.33e-04 train 0.590 val 2.183 acc 0.551 [17.4m]
[ref_pos_s2] step  22750 lr 2.24e-04 train 0.605 val 2.178 acc 0.555 [17.6m]
[ref_pos_s2] step  23000 lr 2.16e-04 train 0.619 val 2.180 acc 0.554 [17.8m]
[ref_pos_s2] step  23250 lr 2.09e-04 train 0.605 val 2.181 acc 0.553 [18.0m]
[ref_pos_s2] step  23500 lr 2.01e-04 train 0.602 val 2.178 acc 0.556 [18.2m]
[ref_pos_s2] step  23750 lr 1.94e-04 train 0.597 val 2.205 acc 0.553 [18.3m]
[ref_pos_s2] step  24000 lr 1.86e-04 train 0.607 val 2.197 acc 0.555 [18.5m]
[ref_pos_s2] step  24250 lr 1.80e-04 train 0.587 val 2.193 acc 0.555 [18.7m]
[ref_pos_s2] step  24500 lr 1.73e-04 train 0.591 val 2.212 acc 0.554 [18.9m]
[ref_pos_s2] step  24750 lr 1.67e-04 train 0.574 val 2.221 acc 0.555 [19.1m]
[ref_pos_s2] step  25000 lr 1.61e-04 train 0.576 val 2.223 acc 0.556 [19.3m]
[ref_pos_s2] step  25250 lr 1.55e-04 train 0.578 val 2.235 acc 0.555 [19.5m]
[ref_pos_s2] step  25500 lr 1.49e-04 train 0.561 val 2.228 acc 0.555 [19.7m]
[ref_pos_s2] step  25750 lr 1.44e-04 train 0.571 val 2.236 acc 0.556 [19.8m]
[ref_pos_s2] step  26000 lr 1.39e-04 train 0.570 val 2.240 acc 0.557 [20.0m]
[ref_pos_s2] step  26250 lr 1.34e-04 train 0.574 val 2.244 acc 0.554 [20.2m]
[ref_pos_s2] step  26500 lr 1.30e-04 train 0.571 val 2.226 acc 0.557 [20.4m]
[ref_pos_s2] step  26750 lr 1.26e-04 train 0.531 val 2.275 acc 0.552 [20.6m]
[ref_pos_s2] step  27000 lr 1.22e-04 train 0.555 val 2.261 acc 0.556 [20.8m]
[ref_pos_s2] step  27250 lr 1.19e-04 train 0.570 val 2.268 acc 0.555 [21.0m]
[ref_pos_s2] step  27500 lr 1.15e-04 train 0.558 val 2.265 acc 0.555 [21.2m]
[ref_pos_s2] step  27750 lr 1.13e-04 train 0.547 val 2.284 acc 0.555 [21.3m]
[ref_pos_s2] step  28000 lr 1.10e-04 train 0.574 val 2.308 acc 0.554 [21.5m]
[ref_pos_s2] step  28250 lr 1.08e-04 train 0.557 val 2.285 acc 0.553 [21.7m]
[ref_pos_s2] step  28500 lr 1.06e-04 train 0.554 val 2.310 acc 0.554 [21.9m]
[ref_pos_s2] step  28750 lr 1.04e-04 train 0.562 val 2.296 acc 0.555 [22.1m]
[ref_pos_s2] step  29000 lr 1.02e-04 train 0.530 val 2.288 acc 0.554 [22.3m]
[ref_pos_s2] step  29250 lr 1.01e-04 train 0.561 val 2.272 acc 0.555 [22.5m]
[ref_pos_s2] step  29500 lr 1.01e-04 train 0.524 val 2.286 acc 0.555 [22.7m]
[ref_pos_s2] step  29750 lr 1.00e-04 train 0.548 val 2.307 acc 0.552 [22.8m]
[ref_pos_s2] step  30000 lr 1.00e-04 train 0.542 val 2.327 acc 0.551 [23.0m]
[ref_pos_s2] DONE step=30000 val_acc=0.5511 best=0.5766 matched={'step': 2500, 'val_acc': 0.5553955078125, 'val_loss': 1.5013303220272065}
