[frozen_mirror_s2] params=8.38M frozen=4.86M (58.0%) blocks=[5, 6, 7, 8, 9, 10, 11] vocab=65
[frozen_mirror_s2] step      0 lr 0.00e+00 train 4.253 val 4.268 acc 0.010 [0.0m]
[frozen_mirror_s2] step    250 lr 1.00e-03 train 2.336 val 2.302 acc 0.323 [0.4m]
[frozen_mirror_s2] step    500 lr 1.00e-03 train 2.005 val 2.009 acc 0.408 [0.7m]
[frozen_mirror_s2] step    750 lr 9.99e-04 train 1.768 val 1.832 acc 0.458 [1.1m]
[frozen_mirror_s2] step   1000 lr 9.98e-04 train 1.674 val 1.710 acc 0.491 [1.5m]
[frozen_mirror_s2] step   1250 lr 9.97e-04 train 1.544 val 1.654 acc 0.505 [1.8m]
[frozen_mirror_s2] step   1500 lr 9.95e-04 train 1.516 val 1.612 acc 0.522 [2.2m]
[frozen_mirror_s2] step   1750 lr 9.93e-04 train 1.420 val 1.588 acc 0.530 [2.5m]
[frozen_mirror_s2] step   2000 lr 9.91e-04 train 1.384 val 1.563 acc 0.539 [2.9m]
[frozen_mirror_s2] step   2250 lr 9.89e-04 train 1.386 val 1.553 acc 0.537 [3.3m]
[frozen_mirror_s2] step   2500 lr 9.86e-04 train 1.363 val 1.532 acc 0.546 [3.6m]
[frozen_mirror_s2] step   2750 lr 9.83e-04 train 1.362 val 1.523 acc 0.550 [4.0m]
[frozen_mirror_s2] MATCHED reference val acc 0.5502 at step 2750 (acc 0.5504)
[frozen_mirror_s2] step   3000 lr 9.79e-04 train 1.337 val 1.519 acc 0.553 [4.4m]
[frozen_mirror_s2] step   3250 lr 9.76e-04 train 1.317 val 1.513 acc 0.554 [4.7m]
[frozen_mirror_s2] step   3500 lr 9.72e-04 train 1.318 val 1.512 acc 0.556 [5.1m]
[frozen_mirror_s2] step   3750 lr 9.67e-04 train 1.322 val 1.491 acc 0.559 [5.5m]
[frozen_mirror_s2] step   4000 lr 9.63e-04 train 1.286 val 1.493 acc 0.561 [5.8m]
[frozen_mirror_s2] step   4250 lr 9.58e-04 train 1.308 val 1.480 acc 0.564 [6.2m]
[frozen_mirror_s2] step   4500 lr 9.53e-04 train 1.308 val 1.497 acc 0.561 [6.5m]
[frozen_mirror_s2] step   4750 lr 9.47e-04 train 1.242 val 1.491 acc 0.561 [6.9m]
[frozen_mirror_s2] step   5000 lr 9.42e-04 train 1.253 val 1.473 acc 0.564 [7.3m]
[frozen_mirror_s2] step   5250 lr 9.36e-04 train 1.267 val 1.493 acc 0.563 [7.7m]
[frozen_mirror_s2] step   5500 lr 9.29e-04 train 1.235 val 1.473 acc 0.568 [8.0m]
[frozen_mirror_s2] step   5750 lr 9.23e-04 train 1.243 val 1.474 acc 0.568 [8.4m]
[frozen_mirror_s2] step   6000 lr 9.16e-04 train 1.247 val 1.475 acc 0.565 [8.8m]
[frozen_mirror_s2] step   6250 lr 9.09e-04 train 1.266 val 1.493 acc 0.566 [9.1m]
[frozen_mirror_s2] step   6500 lr 9.02e-04 train 1.191 val 1.460 acc 0.572 [9.5m]
[frozen_mirror_s2] step   6750 lr 8.95e-04 train 1.234 val 1.476 acc 0.569 [9.9m]
