[frozen_high_s2] params=8.38M frozen=4.86M (58.0%) blocks=[0, 1, 2, 3, 4, 5, 11] vocab=65
[frozen_high_s2] step      0 lr 0.00e+00 train 4.253 val 4.268 acc 0.010 [0.0m]
[frozen_high_s2] step    250 lr 1.00e-03 train 2.315 val 2.270 acc 0.327 [0.4m]
[frozen_high_s2] step    500 lr 1.00e-03 train 1.991 val 1.979 acc 0.411 [0.7m]
[frozen_high_s2] step    750 lr 9.99e-04 train 1.788 val 1.833 acc 0.454 [1.1m]
[frozen_high_s2] step   1000 lr 9.98e-04 train 1.706 val 1.720 acc 0.486 [1.5m]
[frozen_high_s2] step   1250 lr 9.97e-04 train 1.580 val 1.673 acc 0.501 [1.8m]
[frozen_high_s2] step   1500 lr 9.95e-04 train 1.556 val 1.632 acc 0.517 [2.2m]
[frozen_high_s2] step   1750 lr 9.93e-04 train 1.455 val 1.603 acc 0.521 [2.5m]
[frozen_high_s2] step   2000 lr 9.91e-04 train 1.436 val 1.588 acc 0.530 [2.9m]
[frozen_high_s2] step   2250 lr 9.89e-04 train 1.430 val 1.577 acc 0.532 [3.3m]
[frozen_high_s2] step   2500 lr 9.86e-04 train 1.411 val 1.557 acc 0.537 [3.6m]
[frozen_high_s2] step   2750 lr 9.83e-04 train 1.417 val 1.535 acc 0.544 [4.0m]
[frozen_high_s2] step   3000 lr 9.79e-04 train 1.377 val 1.536 acc 0.545 [4.4m]
[frozen_high_s2] step   3250 lr 9.76e-04 train 1.374 val 1.534 acc 0.548 [4.7m]
[frozen_high_s2] step   3500 lr 9.72e-04 train 1.370 val 1.533 acc 0.546 [5.1m]
[frozen_high_s2] step   3750 lr 9.67e-04 train 1.369 val 1.512 acc 0.553 [5.5m]
[frozen_high_s2] MATCHED reference val acc 0.5502 at step 3750 (acc 0.5530)
[frozen_high_s2] step   4000 lr 9.63e-04 train 1.327 val 1.511 acc 0.554 [5.8m]
[frozen_high_s2] step   4250 lr 9.58e-04 train 1.354 val 1.498 acc 0.558 [6.2m]
[frozen_high_s2] step   4500 lr 9.53e-04 train 1.363 val 1.507 acc 0.558 [6.6m]
[frozen_high_s2] step   4750 lr 9.47e-04 train 1.306 val 1.504 acc 0.555 [6.9m]
[frozen_high_s2] step   5000 lr 9.42e-04 train 1.309 val 1.490 acc 0.558 [7.3m]
[frozen_high_s2] step   5250 lr 9.36e-04 train 1.324 val 1.509 acc 0.558 [7.7m]
[frozen_high_s2] step   5500 lr 9.29e-04 train 1.278 val 1.488 acc 0.561 [8.0m]
[frozen_high_s2] step   5750 lr 9.23e-04 train 1.302 val 1.489 acc 0.562 [8.4m]
[frozen_high_s2] step   6000 lr 9.16e-04 train 1.290 val 1.486 acc 0.560 [8.8m]
[frozen_high_s2] step   6250 lr 9.09e-04 train 1.326 val 1.504 acc 0.562 [9.1m]
[frozen_high_s2] step   6500 lr 9.02e-04 train 1.255 val 1.477 acc 0.565 [9.5m]
[frozen_high_s2] step   6750 lr 8.95e-04 train 1.287 val 1.476 acc 0.565 [9.9m]
