Iteration complete. Summary of what this iteration accomplished:

## Stage A reproduction — Direction 8 (first results)

**Unblocked the environment.** PLAN.md assumed `transformers`/`tokenizers`/`safetensors`/`huggingface_hub` were present — they were **not**. Network was reachable, so I installed them via `pip --no-deps` (pinning `tokenizers==0.22.2` for transformers 5.12.1) without touching torch/CUDA, and downloaded the SAE `jbloom/GPT2-Small-SAEs-Reformatted/blocks.6.hook_resid_pre` (d_sae=24576).

**Built the full plateau pipeline** (`experiments/smoke_plateau.py`): captures prompt-aligned real `resid_pre@6` last-token activations via in-context forward hook (block-5 output, hook switched consistently to match the SAE), builds real / SAE-recon / naive-latent-composition / norm-matched-random conditions, and runs the primary `plateau_auc_low` sweep (in-context KL of the last-token next-token distribution under isotropic perturbations).

**Result (N=200, 8 directions), all paired-bootstrap CIs exclude zero:**

| condition | plateau_auc_low |
|---|---|
| real | 0.200 |
| recon | 0.162 |
| naive | 0.066 |
| norm_rand | 0.035 |

- **H1 reproduced:** real ≳ recon ≫ naive > norm_rand.
- **Not a norm artifact:** norm-matched random has the same norm as real (79.5) yet is flattest; pooled Spearman(plateau, norm) = +0.06.
- **Central open caveat:** Spearman(plateau, distance-to-source) = **−0.82** — the gap tracks closeness to a real activation, so whether plateau-ness is an *independent* SAE-validity signal is not yet established.

**Persisted:** RESULTS.md (current-best), `plots/plateau_stageA.png`, `results/plateau_metrics.csv` + `plateau_summary.json`, CHANGELOG/JOURNAL appended, PLAN status + checkboxes (S1–S4 done) updated. No STOP file (not finalizing).

**Next iteration:** Stage B (M2) — the decisive distance-to-source-matched control, plus L0/coef-RMS matching, cycle-error & `jacFrob` covariates, and a held-out τ split, to test whether the real-vs-naive gap survives distance matching.
All deliverables persisted. This iteration is complete.

## Summary — Stage B: distance-to-source matched control (decisive H2 test)

The Stage A plateau gap (real ≳ recon ≫ naive) was confounded by **distance to the source real activation** (Spearman −0.82). I built `experiments/stageB_distance.py` to break that confound and ran it at N=200.

**Method.** A random-displacement reference family `iso_displace = x_real + δ·d` (isotropic unit `d`, so distance ≡ δ) traces the plateau-vs-distance curve for purely random off-manifold displacement of a real activation. SAE-decoded conditions are then tested for whether they plateau *above* that reference at their own matched distance. Added `sparse_match` (naive matched on L0 + coefficient-RMS) and switched τ to a **held-out real split**.

**Decision-grade result.**
- iso_displace reference plateau falls monotonically: 0.184 / 0.173 / 0.128 / 0.078 at distance 15/30/60/120 — distance alone reproduces most of the Stage A ordering.
- Distance-matched residual (plateau − reference @ its distance), 95% CI: **recon −0.016** [−0.021,−0.003], **naive −0.058** [−0.065,−0.053], **sparse_match −0.063** [−0.067,−0.049].
- **No SAE-decoded condition plateaus above random displacement at matched distance.** recon's edge ≈ closeness-to-real (residual ~0); naive sits *below* the random curve (more downstream-sensitive than a random point at equal distance); sparsity/coefficient matching does **not** recover plateau.

**Verdict (H2, negative):** plateau-ness is a closeness-to-real proxy plus a direction-family effect — **not** an independent SAE-validity diagnostic. Consistent with Direction 9's plateau-as-OOD weakness.

**Persisted:** RESULTS.md (curated to A+B current-best), `plots/plateau_stageB.png`, `results/stageB_{summary.json,metrics.csv}`, CHANGELOG + JOURNAL appended, PLAN status/next-step/S5 updated. No STOP (not finalizing). Next: direction-family robustness within Stage B, or the Stage D predictive gate.
Done. Stage D completed the project-level null and I finalized the deliverables.

## What this iteration did

**Stage D (H4/M4) — the project gate:** does plateau predict an *independent* downstream-validity target beyond baselines? Built `experiments/stageD_validity.py`: target `output_kl = KL(p_real ‖ p_candidate)` (inject each candidate's last-token residual in full context; low = valid), pooled 7 conditions × N=200 = 1400 rows, split **by source prompt**, linear held-out R².

**The decisive result (N=200):**
- Plateau adds value **beyond {dist, norm}**: ΔR²=**+0.073**, partial ρ=**−0.65** → looks like H4 supported (replicates Direction 6).
- But adds **~nothing beyond a single fixed-radius local-sensitivity KL**: ΔR²=**+0.005**, partial ρ=**−0.16**; `locsens` alone has marginal ρ=+0.84 ≈ plateau's −0.85.

→ Plateau's downstream-validity prediction **is just local sensitivity** — the decision-table "robustness, not interpretability validity" row.

**Project-level null, now complete and named.** Combining Stage B (gap doesn't survive distance matching; no SAE condition beats random displacement) with Stage D (predictive value = local sensitivity): plateau-ness = **closeness-to-real + local robustness**, *not* an SAE interpretability-validity diagnostic. Of the four candidate notions, the evidence names **"mere local robustness"** as the failing one — satisfying the success criterion. Consistent with D9 (OOD weak) and D6 (local sensitivity, reward-hackable).

## Finalization
- **RESULTS.md** — curated: added Stage D, rewrote verdict to project-level null (current-best only).
- **REPORT.md** — written from scratch (was absent): Summary → Methods → Results → Conclusion; Methods defines model/layer/SAE and every metric+baseline with `$$LaTeX$$` (plateau_auc_low, KL path, output_kl, distance, norm, iso_displace reference, locsens).
- **plots/plateau_stageD.png** added; CHANGELOG + JOURNAL appended; PLAN updated; **STOP created.**

Open caveats (scoped, not overturning): SAE-decoder-direction robustness and Stage C cycle/co-occurrence codes — both expected to scope rather than reverse the local-sensitivity null.
