=== install transformers + pyarrow-24-compatible datasets (keep torch/numpy pinned) ===
Collecting transformers
  Using cached transformers-5.12.1-py3-none-any.whl.metadata (33 kB)
Collecting datasets>=3.0
  Using cached datasets-5.0.0-py3-none-any.whl.metadata (23 kB)
Collecting huggingface-hub<2.0,>=1.5.0 (from transformers)
  Using cached huggingface_hub-1.20.1-py3-none-any.whl.metadata (14 kB)
Requirement already satisfied: numpy>=1.17 in ./cupenv/lib/python3.11/site-packages (from transformers) (1.26.4)
Requirement already satisfied: packaging>=20.0 in ./cupenv/lib/python3.11/site-packages (from transformers) (26.2)
Requirement already satisfied: pyyaml>=5.1 in ./cupenv/lib/python3.11/site-packages (from transformers) (6.0.3)
Collecting regex>=2025.10.22 (from transformers)
  Using cached regex-2026.5.9-cp311-cp311-manylinux2014_x86_64.manylinux_2_17_x86_64.manylinux_2_28_x86_64.whl.metadata (40 kB)
Collecting tokenizers<=0.23.0,>=0.22.0 (from transformers)
  Using cached tokenizers-0.22.2-cp39-abi3-manylinux_2_17_x86_64.manylinux2014_x86_64.whl.metadata (7.3 kB)
Collecting typer (from transformers)
  Using cached typer-0.26.7-py3-none-any.whl.metadata (16 kB)
Collecting safetensors>=0.4.3 (from transformers)
  Using cached safetensors-0.8.0-cp310-abi3-manylinux_2_17_x86_64.manylinux2014_x86_64.whl.metadata (4.2 kB)
Requirement already satisfied: tqdm>=4.60 in ./cupenv/lib/python3.11/site-packages (from transformers) (4.68.3)
Collecting click>=8.4.0 (from huggingface-hub<2.0,>=1.5.0->transformers)
  Using cached click-8.4.1-py3-none-any.whl.metadata (2.6 kB)
Requirement already satisfied: filelock>=3.10.0 in ./cupenv/lib/python3.11/site-packages (from huggingface-hub<2.0,>=1.5.0->transformers) (3.29.0)
Requirement already satisfied: fsspec>=2023.5.0 in ./cupenv/lib/python3.11/site-packages (from huggingface-hub<2.0,>=1.5.0->transformers) (2026.4.0)
Requirement already satisfied: hf-xet<2.0.0,>=1.5.1 in ./cupenv/lib/python3.11/site-packages (from huggingface-hub<2.0,>=1.5.0->transformers) (1.5.1)
Collecting httpx<1,>=0.23.0 (from huggingface-hub<2.0,>=1.5.0->transformers)
  Using cached httpx-0.28.1-py3-none-any.whl.metadata (7.1 kB)
Collecting typer (from transformers)
  Using cached typer-0.25.1-py3-none-any.whl.metadata (15 kB)
Requirement already satisfied: typing-extensions>=4.1.0 in ./cupenv/lib/python3.11/site-packages (from huggingface-hub<2.0,>=1.5.0->transformers) (4.15.0)
Collecting anyio (from httpx<1,>=0.23.0->huggingface-hub<2.0,>=1.5.0->transformers)
  Using cached anyio-4.14.0-py3-none-any.whl.metadata (4.6 kB)
Requirement already satisfied: certifi in ./cupenv/lib/python3.11/site-packages (from httpx<1,>=0.23.0->huggingface-hub<2.0,>=1.5.0->transformers) (2026.6.17)
Collecting httpcore==1.* (from httpx<1,>=0.23.0->huggingface-hub<2.0,>=1.5.0->transformers)
  Using cached httpcore-1.0.9-py3-none-any.whl.metadata (21 kB)
Requirement already satisfied: idna in ./cupenv/lib/python3.11/site-packages (from httpx<1,>=0.23.0->huggingface-hub<2.0,>=1.5.0->transformers) (2.10)
Collecting h11>=0.16 (from httpcore==1.*->httpx<1,>=0.23.0->huggingface-hub<2.0,>=1.5.0->transformers)
  Using cached h11-0.16.0-py3-none-any.whl.metadata (8.3 kB)
Collecting shellingham>=1.3.0 (from typer->transformers)
  Using cached shellingham-1.5.4-py2.py3-none-any.whl.metadata (3.5 kB)
Collecting rich>=13.8.0 (from typer->transformers)
  Using cached rich-15.0.0-py3-none-any.whl.metadata (18 kB)
Collecting annotated-doc>=0.0.2 (from typer->transformers)
  Using cached annotated_doc-0.0.4-py3-none-any.whl.metadata (6.6 kB)
Requirement already satisfied: pyarrow>=21.0.0 in ./cupenv/lib/python3.11/site-packages (from datasets>=3.0) (24.0.0)
Requirement already satisfied: dill<0.4.2,>=0.3.0 in ./cupenv/lib/python3.11/site-packages (from datasets>=3.0) (0.3.7)
Requirement already satisfied: pandas in ./cupenv/lib/python3.11/site-packages (from datasets>=3.0) (3.0.3)
Collecting requests>=2.32.2 (from datasets>=3.0)
  Downloading requests-2.34.2-py3-none-any.whl.metadata (4.8 kB)
Requirement already satisfied: xxhash in ./cupenv/lib/python3.11/site-packages (from datasets>=3.0) (3.7.0)
Requirement already satisfied: multiprocess<0.70.20 in ./cupenv/lib/python3.11/site-packages (from datasets>=3.0) (0.70.15)
Requirement already satisfied: aiohttp!=4.0.0a0,!=4.0.0a1 in ./cupenv/lib/python3.11/site-packages (from fsspec[http]<=2026.4.0,>=2023.1.0->datasets>=3.0) (3.14.1)
Requirement already satisfied: aiohappyeyeballs>=2.5.0 in ./cupenv/lib/python3.11/site-packages (from aiohttp!=4.0.0a0,!=4.0.0a1->fsspec[http]<=2026.4.0,>=2023.1.0->datasets>=3.0) (2.6.2)
Requirement already satisfied: aiosignal>=1.4.0 in ./cupenv/lib/python3.11/site-packages (from aiohttp!=4.0.0a0,!=4.0.0a1->fsspec[http]<=2026.4.0,>=2023.1.0->datasets>=3.0) (1.4.0)
Requirement already satisfied: attrs>=17.3.0 in ./cupenv/lib/python3.11/site-packages (from aiohttp!=4.0.0a0,!=4.0.0a1->fsspec[http]<=2026.4.0,>=2023.1.0->datasets>=3.0) (26.1.0)
Requirement already satisfied: frozenlist>=1.1.1 in ./cupenv/lib/python3.11/site-packages (from aiohttp!=4.0.0a0,!=4.0.0a1->fsspec[http]<=2026.4.0,>=2023.1.0->datasets>=3.0) (1.8.0)
Requirement already satisfied: multidict<7.0,>=4.5 in ./cupenv/lib/python3.11/site-packages (from aiohttp!=4.0.0a0,!=4.0.0a1->fsspec[http]<=2026.4.0,>=2023.1.0->datasets>=3.0) (6.7.1)
Requirement already satisfied: propcache>=0.2.0 in ./cupenv/lib/python3.11/site-packages (from aiohttp!=4.0.0a0,!=4.0.0a1->fsspec[http]<=2026.4.0,>=2023.1.0->datasets>=3.0) (0.5.2)
Requirement already satisfied: yarl<2.0,>=1.17.0 in ./cupenv/lib/python3.11/site-packages (from aiohttp!=4.0.0a0,!=4.0.0a1->fsspec[http]<=2026.4.0,>=2023.1.0->datasets>=3.0) (1.24.2)
Collecting charset_normalizer<4,>=2 (from requests>=2.32.2->datasets>=3.0)
  Downloading charset_normalizer-3.4.7-cp311-cp311-manylinux2014_x86_64.manylinux_2_17_x86_64.manylinux_2_28_x86_64.whl.metadata (40 kB)
Requirement already satisfied: urllib3<3,>=1.26 in ./cupenv/lib/python3.11/site-packages (from requests>=2.32.2->datasets>=3.0) (1.26.20)
Collecting markdown-it-py>=2.2.0 (from rich>=13.8.0->typer->transformers)
  Using cached markdown_it_py-4.2.0-py3-none-any.whl.metadata (7.4 kB)
Collecting pygments<3.0.0,>=2.13.0 (from rich>=13.8.0->typer->transformers)
  Downloading pygments-2.20.0-py3-none-any.whl.metadata (2.5 kB)
Collecting mdurl~=0.1 (from markdown-it-py>=2.2.0->rich>=13.8.0->typer->transformers)
  Using cached mdurl-0.1.2-py3-none-any.whl.metadata (1.6 kB)
Requirement already satisfied: python-dateutil>=2.8.2 in ./cupenv/lib/python3.11/site-packages (from pandas->datasets>=3.0) (2.9.0.post0)
Requirement already satisfied: six>=1.5 in ./cupenv/lib/python3.11/site-packages (from python-dateutil>=2.8.2->pandas->datasets>=3.0) (1.17.0)
Using cached transformers-5.12.1-py3-none-any.whl (11.2 MB)
Using cached huggingface_hub-1.20.1-py3-none-any.whl (719 kB)
Using cached httpx-0.28.1-py3-none-any.whl (73 kB)
Using cached httpcore-1.0.9-py3-none-any.whl (78 kB)
Using cached tokenizers-0.22.2-cp39-abi3-manylinux_2_17_x86_64.manylinux2014_x86_64.whl (3.3 MB)
Using cached typer-0.25.1-py3-none-any.whl (58 kB)
Using cached datasets-5.0.0-py3-none-any.whl (555 kB)
Using cached annotated_doc-0.0.4-py3-none-any.whl (5.3 kB)
Using cached click-8.4.1-py3-none-any.whl (116 kB)
Using cached h11-0.16.0-py3-none-any.whl (37 kB)
Using cached regex-2026.5.9-cp311-cp311-manylinux2014_x86_64.manylinux_2_17_x86_64.manylinux_2_28_x86_64.whl (799 kB)
Downloading requests-2.34.2-py3-none-any.whl (73 kB)
Downloading charset_normalizer-3.4.7-cp311-cp311-manylinux2014_x86_64.manylinux_2_17_x86_64.manylinux_2_28_x86_64.whl (214 kB)
Using cached rich-15.0.0-py3-none-any.whl (310 kB)
Downloading pygments-2.20.0-py3-none-any.whl (1.2 MB)
   ━━━━━━━━━━━━━━━━━━━━━━━━━━━━━━━━━━━━━━━━ 1.2/1.2 MB 486.6 kB/s  0:00:01
Using cached markdown_it_py-4.2.0-py3-none-any.whl (91 kB)
Using cached mdurl-0.1.2-py3-none-any.whl (10.0 kB)
Using cached safetensors-0.8.0-cp310-abi3-manylinux_2_17_x86_64.manylinux2014_x86_64.whl (516 kB)
Using cached shellingham-1.5.4-py2.py3-none-any.whl (9.8 kB)
Using cached anyio-4.14.0-py3-none-any.whl (123 kB)
Installing collected packages: shellingham, safetensors, regex, pygments, mdurl, h11, click, charset_normalizer, anyio, annotated-doc, requests, markdown-it-py, httpcore, rich, httpx, typer, huggingface-hub, tokenizers, datasets, transformers
  Attempting uninstall: requests
    Found existing installation: requests 2.25.1
    Uninstalling requests-2.25.1:
      Successfully uninstalled requests-2.25.1
  Attempting uninstall: huggingface-hub
    Found existing installation: huggingface_hub 0.36.2
    Uninstalling huggingface_hub-0.36.2:
      Successfully uninstalled huggingface_hub-0.36.2
  Attempting uninstall: datasets
    Found existing installation: datasets 2.14.4
    Uninstalling datasets-2.14.4:
      Successfully uninstalled datasets-2.14.4

ERROR: pip's dependency resolver does not currently take into account all the packages that are installed. This behaviour is the source of the following dependency conflicts.
torchattacks 3.5.1 requires requests~=2.25.1, but you have requests 2.34.2 which is incompatible.
Successfully installed annotated-doc-0.0.4 anyio-4.14.0 charset_normalizer-3.4.7 click-8.4.1 datasets-5.0.0 h11-0.16.0 httpcore-1.0.9 httpx-0.28.1 huggingface-hub-1.20.1 markdown-it-py-4.2.0 mdurl-0.1.2 pygments-2.20.0 regex-2026.5.9 requests-2.34.2 rich-15.0.0 safetensors-0.8.0 shellingham-1.5.4 tokenizers-0.22.2 transformers-5.12.1 typer-0.25.1
WARNING: Running pip as the 'root' user can result in broken permissions and conflicting behaviour with the system package manager, possibly rendering your system unusable. It is recommended to use a virtual environment instead: https://pip.pypa.io/warnings/venv. Use the --root-user-action option if you know what you are doing and want to suppress this warning.
=== verify torch/numpy untouched + full cupbearer import ===
numpy 1.26.4 torch 2.9.0+cu130 cuda True
datasets 5.0.0 transformers 5.12.1
CUPBEARER_IMPORT_OK
=== EXIT 0 ===
