=== [1] torch cu130 (isolated, resume) ===
Looking in indexes: https://download.pytorch.org/whl/cu130
Collecting torch==2.9.0
  Using cached torch-2.9.0%2Bcu130-cp311-cp311-manylinux_2_28_x86_64.whl.metadata (30 kB)
Collecting filelock (from torch==2.9.0)
  Using cached filelock-3.29.0-py3-none-any.whl.metadata (2.0 kB)
Requirement already satisfied: typing-extensions>=4.10.0 in ./cupenv/lib/python3.11/site-packages (from torch==2.9.0) (4.15.0)
Requirement already satisfied: sympy>=1.13.3 in ./cupenv/lib/python3.11/site-packages (from torch==2.9.0) (1.14.0)
Collecting networkx>=2.5.1 (from torch==2.9.0)
  Using cached networkx-3.6.1-py3-none-any.whl.metadata (6.8 kB)
Collecting jinja2 (from torch==2.9.0)
  Using cached jinja2-3.1.6-py3-none-any.whl.metadata (2.9 kB)
Collecting fsspec>=0.8.5 (from torch==2.9.0)
  Using cached fsspec-2026.4.0-py3-none-any.whl.metadata (10 kB)
Collecting nvidia-cuda-nvrtc==13.0.48 (from torch==2.9.0)
  Downloading nvidia_cuda_nvrtc-13.0.48-py3-none-manylinux2010_x86_64.manylinux_2_12_x86_64.whl (90.2 MB)
     ━━━━━━━━━━━━━━━━━━━━━━━━━━━━━━━━━━━━━━━━ 90.2/90.2 MB 73.8 MB/s  0:00:01
Collecting nvidia-cuda-runtime==13.0.48 (from torch==2.9.0)
  Downloading nvidia_cuda_runtime-13.0.48-py3-none-manylinux2014_x86_64.manylinux_2_17_x86_64.whl (2.2 MB)
     ━━━━━━━━━━━━━━━━━━━━━━━━━━━━━━━━━━━━━━━━ 2.2/2.2 MB 227.0 MB/s  0:00:00
Collecting nvidia-cuda-cupti==13.0.48 (from torch==2.9.0)
  Downloading nvidia_cuda_cupti-13.0.48-py3-none-manylinux_2_25_x86_64.whl (10.7 MB)
     ━━━━━━━━━━━━━━━━━━━━━━━━━━━━━━━━━━━━━━━━ 10.7/10.7 MB 26.1 MB/s  0:00:00
Collecting nvidia-cudnn-cu13==9.13.0.50 (from torch==2.9.0)
  Downloading nvidia_cudnn_cu13-9.13.0.50-py3-none-manylinux_2_27_x86_64.whl (348.6 MB)
     ━━━━━━━━━━━━━━━━━━━━━━━━━━━━━━━━━━━━━━━━ 348.6/348.6 MB 82.6 MB/s  0:00:04
Collecting nvidia-cublas==13.0.0.19 (from torch==2.9.0)
  Downloading nvidia_cublas-13.0.0.19-py3-none-manylinux_2_27_x86_64.whl (419.4 MB)
     ━━━━━━━━━━━━━━━━━━━━━━━━━━━━━━━━━━━━━━━━ 419.4/419.4 MB 76.0 MB/s  0:00:05
Collecting nvidia-cufft==12.0.0.15 (from torch==2.9.0)
  Downloading nvidia_cufft-12.0.0.15-py3-none-manylinux2014_x86_64.manylinux_2_17_x86_64.whl (214.1 MB)
     ━━━━━━━━━━━━━━━━━━━━━━━━━━━━━━━━━━━━━━━━ 214.1/214.1 MB 82.1 MB/s  0:00:02
Collecting nvidia-curand==10.4.0.35 (from torch==2.9.0)
  Downloading nvidia_curand-10.4.0.35-py3-none-manylinux_2_27_x86_64.whl (59.5 MB)
     ━━━━━━━━━━━━━━━━━━━━━━━━━━━━━━━━━━━━━━━━ 59.5/59.5 MB 65.4 MB/s  0:00:00
Collecting nvidia-cusolver==12.0.3.29 (from torch==2.9.0)
  Downloading nvidia_cusolver-12.0.3.29-py3-none-manylinux_2_27_x86_64.whl (193.5 MB)
     ━━━━━━━━━━━━━━━━━━━━━━━━━━━━━━━━━━━━━━━━ 193.5/193.5 MB 82.7 MB/s  0:00:02
Collecting nvidia-cusparse==12.6.2.49 (from torch==2.9.0)
  Downloading nvidia_cusparse-12.6.2.49-py3-none-manylinux2014_x86_64.manylinux_2_17_x86_64.whl (140.2 MB)
     ━━━━━━━━━━━━━━━━━━━━━━━━━━━━━━━━━━━━━━━━ 140.2/140.2 MB 83.0 MB/s  0:00:01
Requirement already satisfied: nvidia-cusparselt-cu13==0.8.0 in ./cupenv/lib/python3.11/site-packages (from torch==2.9.0) (0.8.0)
Collecting nvidia-nccl-cu13==2.27.7 (from torch==2.9.0)
  Downloading nvidia_nccl_cu13-2.27.7-py3-none-manylinux2014_x86_64.manylinux_2_17_x86_64.whl (193.9 MB)
     ━━━━━━━━━━━━━━━━━━━━━━━━━━━━━━━━━━━━━━━━ 193.9/193.9 MB 72.7 MB/s  0:00:02
Collecting nvidia-nvshmem-cu13==3.3.24 (from torch==2.9.0)
  Downloading nvidia_nvshmem_cu13-3.3.24-py3-none-manylinux2014_x86_64.manylinux_2_17_x86_64.whl (60.4 MB)
     ━━━━━━━━━━━━━━━━━━━━━━━━━━━━━━━━━━━━━━━━ 60.4/60.4 MB 84.9 MB/s  0:00:00
Collecting nvidia-nvtx==13.0.39 (from torch==2.9.0)
  Downloading nvidia_nvtx-13.0.39-py3-none-manylinux1_x86_64.manylinux_2_5_x86_64.whl (147 kB)
Collecting nvidia-nvjitlink==13.0.39 (from torch==2.9.0)
  Downloading nvidia_nvjitlink-13.0.39-py3-none-manylinux2010_x86_64.manylinux_2_12_x86_64.whl (40.7 MB)
     ━━━━━━━━━━━━━━━━━━━━━━━━━━━━━━━━━━━━━━━━ 40.7/40.7 MB 86.3 MB/s  0:00:00
Collecting nvidia-cufile==1.15.0.42 (from torch==2.9.0)
  Downloading nvidia_cufile-1.15.0.42-py3-none-manylinux2014_x86_64.manylinux_2_17_x86_64.whl (1.2 MB)
     ━━━━━━━━━━━━━━━━━━━━━━━━━━━━━━━━━━━━━━━━ 1.2/1.2 MB 283.8 MB/s  0:00:00
Requirement already satisfied: triton==3.5.0 in ./cupenv/lib/python3.11/site-packages (from torch==2.9.0) (3.5.0)
Requirement already satisfied: mpmath<1.4,>=1.1.0 in ./cupenv/lib/python3.11/site-packages (from sympy>=1.13.3->torch==2.9.0) (1.3.0)
Collecting MarkupSafe>=2.0 (from jinja2->torch==2.9.0)
  Using cached markupsafe-3.0.3-cp311-cp311-manylinux2014_x86_64.manylinux_2_17_x86_64.manylinux_2_28_x86_64.whl.metadata (2.7 kB)
Using cached torch-2.9.0%2Bcu130-cp311-cp311-manylinux_2_28_x86_64.whl (612.7 MB)
Using cached fsspec-2026.4.0-py3-none-any.whl (203 kB)
Using cached networkx-3.6.1-py3-none-any.whl (2.1 MB)
Using cached filelock-3.29.0-py3-none-any.whl (39 kB)
Using cached jinja2-3.1.6-py3-none-any.whl (134 kB)
Using cached markupsafe-3.0.3-cp311-cp311-manylinux2014_x86_64.manylinux_2_17_x86_64.manylinux_2_28_x86_64.whl (22 kB)
Installing collected packages: nvidia-nvtx, nvidia-nvshmem-cu13, nvidia-nvjitlink, nvidia-nccl-cu13, nvidia-curand, nvidia-cufile, nvidia-cuda-runtime, nvidia-cuda-nvrtc, nvidia-cuda-cupti, nvidia-cublas, networkx, MarkupSafe, fsspec, filelock, nvidia-cusparse, nvidia-cufft, nvidia-cudnn-cu13, jinja2, nvidia-cusolver, torch

Successfully installed MarkupSafe-3.0.3 filelock-3.29.0 fsspec-2026.4.0 jinja2-3.1.6 networkx-3.6.1 nvidia-cublas-13.0.0.19 nvidia-cuda-cupti-13.0.48 nvidia-cuda-nvrtc-13.0.48 nvidia-cuda-runtime-13.0.48 nvidia-cudnn-cu13-9.13.0.50 nvidia-cufft-12.0.0.15 nvidia-cufile-1.15.0.42 nvidia-curand-10.4.0.35 nvidia-cusolver-12.0.3.29 nvidia-cusparse-12.6.2.49 nvidia-nccl-cu13-2.27.7 nvidia-nvjitlink-13.0.39 nvidia-nvshmem-cu13-3.3.24 nvidia-nvtx-13.0.39 torch-2.9.0+cu130
WARNING: Running pip as the 'root' user can result in broken permissions and conflicting behaviour with the system package manager, possibly rendering your system unusable. It is recommended to use a virtual environment instead: https://pip.pypa.io/warnings/venv. Use the --root-user-action option if you know what you are doing and want to suppress this warning.
=== [2] cupbearer editable from GitHub clone (deps may pull numpy<2-compatible) ===
Obtaining file:///mars-vol/marsv/dir9_ood/vendor/cupbearer-main
  Installing build dependencies: started
  Installing build dependencies: finished with status 'done'
  Checking if build backend supports build_editable: started
  Checking if build backend supports build_editable: finished with status 'done'
  Getting requirements to build editable: started
  Getting requirements to build editable: finished with status 'done'
  Preparing editable metadata (pyproject.toml): started
  Preparing editable metadata (pyproject.toml): finished with status 'done'
Requirement already satisfied: numpy<2,>=1.24 in ./cupenv/lib/python3.11/site-packages (from cupbearer==0.0.1) (1.26.4)
Collecting scikit-learn (from cupbearer==0.0.1)
  Using cached scikit_learn-1.9.0-cp311-cp311-manylinux_2_27_x86_64.manylinux_2_28_x86_64.whl.metadata (11 kB)
Collecting Pillow>=9.4 (from cupbearer==0.0.1)
  Downloading pillow-12.2.0-cp311-cp311-manylinux_2_27_x86_64.manylinux_2_28_x86_64.whl.metadata (8.8 kB)
Requirement already satisfied: torch>=2.0 in ./cupenv/lib/python3.11/site-packages (from cupbearer==0.0.1) (2.9.0+cu130)
Collecting torchvision>=0.15 (from cupbearer==0.0.1)
  Downloading torchvision-0.27.1-cp311-cp311-manylinux_2_28_x86_64.whl.metadata (5.5 kB)
Collecting torchattacks>=3.5 (from cupbearer==0.0.1)
  Downloading torchattacks-3.5.1-py3-none-any.whl.metadata (927 bytes)
Collecting lightning>=2.1 (from cupbearer==0.0.1)
  Downloading lightning-2.6.5-py3-none-any.whl.metadata (44 kB)
Collecting torchmetrics>=1.2 (from cupbearer==0.0.1)
  Downloading torchmetrics-1.9.0-py3-none-any.whl.metadata (23 kB)
Collecting tensorboard (from cupbearer==0.0.1)
  Downloading tensorboard-2.20.0-py3-none-any.whl.metadata (1.8 kB)
Collecting datasets (from cupbearer==0.0.1)
  Using cached datasets-5.0.0-py3-none-any.whl.metadata (23 kB)
Collecting tqdm (from cupbearer==0.0.1)
  Downloading tqdm-4.68.3-py3-none-any.whl.metadata (57 kB)
Collecting loguru (from cupbearer==0.0.1)
  Using cached loguru-0.7.3-py3-none-any.whl.metadata (22 kB)
Collecting matplotlib (from cupbearer==0.0.1)
  Using cached matplotlib-3.11.0-cp311-cp311-manylinux2014_x86_64.manylinux_2_17_x86_64.whl.metadata (80 kB)
Collecting PyYAML<8.0,>5.4 (from lightning>=2.1->cupbearer==0.0.1)
  Downloading pyyaml-6.0.3-cp311-cp311-manylinux2014_x86_64.manylinux_2_17_x86_64.manylinux_2_28_x86_64.whl.metadata (2.4 kB)
Requirement already satisfied: fsspec<2028.0,>=2022.5.0 in ./cupenv/lib/python3.11/site-packages (from fsspec[http]<2028.0,>=2022.5.0->lightning>=2.1->cupbearer==0.0.1) (2026.4.0)
Collecting lightning-utilities<2.0,>=0.10.0 (from lightning>=2.1->cupbearer==0.0.1)
  Downloading lightning_utilities-0.15.3-py3-none-any.whl.metadata (5.5 kB)
Requirement already satisfied: packaging<27.0,>=23.0 in ./cupenv/lib/python3.11/site-packages (from lightning>=2.1->cupbearer==0.0.1) (26.2)
Requirement already satisfied: typing-extensions<6.0,>4.5.0 in ./cupenv/lib/python3.11/site-packages (from lightning>=2.1->cupbearer==0.0.1) (4.15.0)
Collecting pytorch-lightning (from lightning>=2.1->cupbearer==0.0.1)
  Downloading pytorch_lightning-2.6.5-py3-none-any.whl.metadata (21 kB)
Collecting aiohttp!=4.0.0a0,!=4.0.0a1 (from fsspec[http]<2028.0,>=2022.5.0->lightning>=2.1->cupbearer==0.0.1)
  Using cached aiohttp-3.14.1-cp311-cp311-manylinux2014_x86_64.manylinux_2_17_x86_64.manylinux_2_28_x86_64.whl.metadata (8.3 kB)
Requirement already satisfied: filelock in ./cupenv/lib/python3.11/site-packages (from torch>=2.0->cupbearer==0.0.1) (3.29.0)
Requirement already satisfied: sympy>=1.13.3 in ./cupenv/lib/python3.11/site-packages (from torch>=2.0->cupbearer==0.0.1) (1.14.0)
Requirement already satisfied: networkx>=2.5.1 in ./cupenv/lib/python3.11/site-packages (from torch>=2.0->cupbearer==0.0.1) (3.6.1)
Requirement already satisfied: jinja2 in ./cupenv/lib/python3.11/site-packages (from torch>=2.0->cupbearer==0.0.1) (3.1.6)
Requirement already satisfied: nvidia-cuda-nvrtc==13.0.48 in ./cupenv/lib/python3.11/site-packages (from torch>=2.0->cupbearer==0.0.1) (13.0.48)
Requirement already satisfied: nvidia-cuda-runtime==13.0.48 in ./cupenv/lib/python3.11/site-packages (from torch>=2.0->cupbearer==0.0.1) (13.0.48)
Requirement already satisfied: nvidia-cuda-cupti==13.0.48 in ./cupenv/lib/python3.11/site-packages (from torch>=2.0->cupbearer==0.0.1) (13.0.48)
Requirement already satisfied: nvidia-cudnn-cu13==9.13.0.50 in ./cupenv/lib/python3.11/site-packages (from torch>=2.0->cupbearer==0.0.1) (9.13.0.50)
Requirement already satisfied: nvidia-cublas==13.0.0.19 in ./cupenv/lib/python3.11/site-packages (from torch>=2.0->cupbearer==0.0.1) (13.0.0.19)
Requirement already satisfied: nvidia-cufft==12.0.0.15 in ./cupenv/lib/python3.11/site-packages (from torch>=2.0->cupbearer==0.0.1) (12.0.0.15)
Requirement already satisfied: nvidia-curand==10.4.0.35 in ./cupenv/lib/python3.11/site-packages (from torch>=2.0->cupbearer==0.0.1) (10.4.0.35)
Requirement already satisfied: nvidia-cusolver==12.0.3.29 in ./cupenv/lib/python3.11/site-packages (from torch>=2.0->cupbearer==0.0.1) (12.0.3.29)
Requirement already satisfied: nvidia-cusparse==12.6.2.49 in ./cupenv/lib/python3.11/site-packages (from torch>=2.0->cupbearer==0.0.1) (12.6.2.49)
Requirement already satisfied: nvidia-cusparselt-cu13==0.8.0 in ./cupenv/lib/python3.11/site-packages (from torch>=2.0->cupbearer==0.0.1) (0.8.0)
Requirement already satisfied: nvidia-nccl-cu13==2.27.7 in ./cupenv/lib/python3.11/site-packages (from torch>=2.0->cupbearer==0.0.1) (2.27.7)
Requirement already satisfied: nvidia-nvshmem-cu13==3.3.24 in ./cupenv/lib/python3.11/site-packages (from torch>=2.0->cupbearer==0.0.1) (3.3.24)
Requirement already satisfied: nvidia-nvtx==13.0.39 in ./cupenv/lib/python3.11/site-packages (from torch>=2.0->cupbearer==0.0.1) (13.0.39)
Requirement already satisfied: nvidia-nvjitlink==13.0.39 in ./cupenv/lib/python3.11/site-packages (from torch>=2.0->cupbearer==0.0.1) (13.0.39)
Requirement already satisfied: nvidia-cufile==1.15.0.42 in ./cupenv/lib/python3.11/site-packages (from torch>=2.0->cupbearer==0.0.1) (1.15.0.42)
Requirement already satisfied: triton==3.5.0 in ./cupenv/lib/python3.11/site-packages (from torch>=2.0->cupbearer==0.0.1) (3.5.0)
Collecting aiohappyeyeballs>=2.5.0 (from aiohttp!=4.0.0a0,!=4.0.0a1->fsspec[http]<2028.0,>=2022.5.0->lightning>=2.1->cupbearer==0.0.1)
  Using cached aiohappyeyeballs-2.6.2-py3-none-any.whl.metadata (5.9 kB)
Collecting aiosignal>=1.4.0 (from aiohttp!=4.0.0a0,!=4.0.0a1->fsspec[http]<2028.0,>=2022.5.0->lightning>=2.1->cupbearer==0.0.1)
  Using cached aiosignal-1.4.0-py3-none-any.whl.metadata (3.7 kB)
Collecting attrs>=17.3.0 (from aiohttp!=4.0.0a0,!=4.0.0a1->fsspec[http]<2028.0,>=2022.5.0->lightning>=2.1->cupbearer==0.0.1)
  Downloading attrs-26.1.0-py3-none-any.whl.metadata (8.8 kB)
Collecting frozenlist>=1.1.1 (from aiohttp!=4.0.0a0,!=4.0.0a1->fsspec[http]<2028.0,>=2022.5.0->lightning>=2.1->cupbearer==0.0.1)
  Using cached frozenlist-1.8.0-cp311-cp311-manylinux1_x86_64.manylinux_2_28_x86_64.manylinux_2_5_x86_64.whl.metadata (20 kB)
Collecting multidict<7.0,>=4.5 (from aiohttp!=4.0.0a0,!=4.0.0a1->fsspec[http]<2028.0,>=2022.5.0->lightning>=2.1->cupbearer==0.0.1)
  Using cached multidict-6.7.1-cp311-cp311-manylinux2014_x86_64.manylinux_2_17_x86_64.manylinux_2_28_x86_64.whl.metadata (5.3 kB)
Collecting propcache>=0.2.0 (from aiohttp!=4.0.0a0,!=4.0.0a1->fsspec[http]<2028.0,>=2022.5.0->lightning>=2.1->cupbearer==0.0.1)
  Using cached propcache-0.5.2-cp311-cp311-manylinux2014_x86_64.manylinux_2_17_x86_64.manylinux_2_28_x86_64.whl.metadata (16 kB)
Collecting yarl<2.0,>=1.17.0 (from aiohttp!=4.0.0a0,!=4.0.0a1->fsspec[http]<2028.0,>=2022.5.0->lightning>=2.1->cupbearer==0.0.1)
  Using cached yarl-1.24.2-cp311-cp311-manylinux2014_x86_64.manylinux_2_17_x86_64.manylinux_2_28_x86_64.whl.metadata (94 kB)
Collecting idna>=2.0 (from yarl<2.0,>=1.17.0->aiohttp!=4.0.0a0,!=4.0.0a1->fsspec[http]<2028.0,>=2022.5.0->lightning>=2.1->cupbearer==0.0.1)
  Downloading idna-3.18-py3-none-any.whl.metadata (6.1 kB)
Requirement already satisfied: mpmath<1.4,>=1.1.0 in ./cupenv/lib/python3.11/site-packages (from sympy>=1.13.3->torch>=2.0->cupbearer==0.0.1) (1.3.0)
Collecting scipy>=0.14.0 (from torchattacks>=3.5->cupbearer==0.0.1)
  Using cached scipy-1.17.1-cp311-cp311-manylinux_2_27_x86_64.manylinux_2_28_x86_64.whl.metadata (62 kB)
Collecting requests~=2.25.1 (from torchattacks>=3.5->cupbearer==0.0.1)
  Downloading requests-2.25.1-py2.py3-none-any.whl.metadata (4.2 kB)
Collecting chardet<5,>=3.0.2 (from requests~=2.25.1->torchattacks>=3.5->cupbearer==0.0.1)
  Downloading chardet-4.0.0-py2.py3-none-any.whl.metadata (3.5 kB)
Collecting idna>=2.0 (from yarl<2.0,>=1.17.0->aiohttp!=4.0.0a0,!=4.0.0a1->fsspec[http]<2028.0,>=2022.5.0->lightning>=2.1->cupbearer==0.0.1)
  Downloading idna-2.10-py2.py3-none-any.whl.metadata (9.1 kB)
Collecting urllib3<1.27,>=1.21.1 (from requests~=2.25.1->torchattacks>=3.5->cupbearer==0.0.1)
  Downloading urllib3-1.26.20-py2.py3-none-any.whl.metadata (50 kB)
Collecting certifi>=2017.4.17 (from requests~=2.25.1->torchattacks>=3.5->cupbearer==0.0.1)
  Downloading certifi-2026.6.17-py3-none-any.whl.metadata (2.5 kB)
Collecting torch>=2.0 (from cupbearer==0.0.1)
  Downloading torch-2.12.1-cp311-cp311-manylinux_2_28_x86_64.whl.metadata (31 kB)
Collecting setuptools<82 (from torch>=2.0->cupbearer==0.0.1)
  Downloading setuptools-81.0.0-py3-none-any.whl.metadata (6.6 kB)
Collecting cuda-toolkit==13.0.2 (from cuda-toolkit[cudart,cufft,cufile,cupti,curand,cusolver,cusparse,nvjitlink,nvrtc,nvtx]==13.0.2; platform_system == "Linux"->torch>=2.0->cupbearer==0.0.1)
  Downloading cuda_toolkit-13.0.2-py2.py3-none-any.whl.metadata (9.4 kB)
Collecting nvidia-cublas (from nvidia-cudnn-cu13==9.13.0.50->torch>=2.0->cupbearer==0.0.1)
  Downloading nvidia_cublas-13.1.1.3-py3-none-manylinux_2_27_x86_64.whl.metadata (1.8 kB)
Collecting cuda-bindings<14,>=13.0.3 (from torch>=2.0->cupbearer==0.0.1)
  Downloading cuda_bindings-13.3.1-cp311-cp311-manylinux_2_24_x86_64.manylinux_2_28_x86_64.whl.metadata (2.5 kB)
Collecting nvidia-cudnn-cu13==9.20.0.48 (from torch>=2.0->cupbearer==0.0.1)
  Downloading nvidia_cudnn_cu13-9.20.0.48-py3-none-manylinux_2_27_x86_64.whl.metadata (1.9 kB)
Collecting nvidia-cusparselt-cu13==0.8.1 (from torch>=2.0->cupbearer==0.0.1)
  Downloading nvidia_cusparselt_cu13-0.8.1-py3-none-manylinux2014_x86_64.whl.metadata (12 kB)
Collecting nvidia-nccl-cu13==2.29.7 (from torch>=2.0->cupbearer==0.0.1)
  Downloading nvidia_nccl_cu13-2.29.7-py3-none-manylinux_2_18_x86_64.whl.metadata (2.1 kB)
Collecting nvidia-nvshmem-cu13==3.4.5 (from torch>=2.0->cupbearer==0.0.1)
  Downloading nvidia_nvshmem_cu13-3.4.5-py3-none-manylinux2014_x86_64.manylinux_2_17_x86_64.whl.metadata (2.1 kB)
Collecting triton==3.7.1 (from torch>=2.0->cupbearer==0.0.1)
  Downloading triton-3.7.1-cp311-cp311-manylinux_2_27_x86_64.manylinux_2_28_x86_64.whl.metadata (1.7 kB)
Collecting nvidia-cuda-runtime==13.0.96.* (from cuda-toolkit[cudart,cufft,cufile,cupti,curand,cusolver,cusparse,nvjitlink,nvrtc,nvtx]==13.0.2; platform_system == "Linux"->torch>=2.0->cupbearer==0.0.1)
  Downloading nvidia_cuda_runtime-13.0.96-py3-none-manylinux2014_x86_64.manylinux_2_17_x86_64.whl.metadata (1.7 kB)
Collecting nvidia-cufft==12.0.0.61.* (from cuda-toolkit[cudart,cufft,cufile,cupti,curand,cusolver,cusparse,nvjitlink,nvrtc,nvtx]==13.0.2; platform_system == "Linux"->torch>=2.0->cupbearer==0.0.1)
  Downloading nvidia_cufft-12.0.0.61-py3-none-manylinux2014_x86_64.manylinux_2_17_x86_64.whl.metadata (1.8 kB)
Collecting nvidia-cufile==1.15.1.6.* (from cuda-toolkit[cudart,cufft,cufile,cupti,curand,cusolver,cusparse,nvjitlink,nvrtc,nvtx]==13.0.2; platform_system == "Linux"->torch>=2.0->cupbearer==0.0.1)
  Downloading nvidia_cufile-1.15.1.6-py3-none-manylinux2014_x86_64.manylinux_2_17_x86_64.whl.metadata (1.7 kB)
Collecting nvidia-cuda-cupti==13.0.85.* (from cuda-toolkit[cudart,cufft,cufile,cupti,curand,cusolver,cusparse,nvjitlink,nvrtc,nvtx]==13.0.2; platform_system == "Linux"->torch>=2.0->cupbearer==0.0.1)
  Downloading nvidia_cuda_cupti-13.0.85-py3-none-manylinux_2_25_x86_64.whl.metadata (1.7 kB)
Collecting nvidia-cusolver==12.0.4.66.* (from cuda-toolkit[cudart,cufft,cufile,cupti,curand,cusolver,cusparse,nvjitlink,nvrtc,nvtx]==13.0.2; platform_system == "Linux"->torch>=2.0->cupbearer==0.0.1)
  Downloading nvidia_cusolver-12.0.4.66-py3-none-manylinux_2_27_x86_64.whl.metadata (1.8 kB)
Collecting nvidia-cusparse (from nvidia-cusolver==12.0.3.29->torch>=2.0->cupbearer==0.0.1)
  Downloading nvidia_cusparse-12.6.3.3-py3-none-manylinux2014_x86_64.manylinux_2_17_x86_64.whl.metadata (1.8 kB)
Collecting nvidia-nvjitlink (from nvidia-cufft==12.0.0.15->torch>=2.0->cupbearer==0.0.1)
  Downloading nvidia_nvjitlink-13.0.88-py3-none-manylinux2010_x86_64.manylinux_2_12_x86_64.whl.metadata (1.7 kB)
Collecting nvidia-cuda-nvrtc==13.0.88.* (from cuda-toolkit[cudart,cufft,cufile,cupti,curand,cusolver,cusparse,nvjitlink,nvrtc,nvtx]==13.0.2; platform_system == "Linux"->torch>=2.0->cupbearer==0.0.1)
  Downloading nvidia_cuda_nvrtc-13.0.88-py3-none-manylinux2010_x86_64.manylinux_2_12_x86_64.whl.metadata (1.7 kB)
Collecting nvidia-nvtx==13.0.85.* (from cuda-toolkit[cudart,cufft,cufile,cupti,curand,cusolver,cusparse,nvjitlink,nvrtc,nvtx]==13.0.2; platform_system == "Linux"->torch>=2.0->cupbearer==0.0.1)
  Downloading nvidia_nvtx-13.0.85-py3-none-manylinux1_x86_64.manylinux_2_5_x86_64.whl.metadata (1.8 kB)
Collecting cuda-pathfinder>=1.4.2 (from cuda-bindings<14,>=13.0.3->torch>=2.0->cupbearer==0.0.1)
  Downloading cuda_pathfinder-1.5.5-py3-none-any.whl.metadata (1.9 kB)
Collecting pyarrow>=21.0.0 (from datasets->cupbearer==0.0.1)
  Using cached pyarrow-24.0.0-cp311-cp311-manylinux_2_28_x86_64.whl.metadata (3.0 kB)
Collecting dill<0.4.2,>=0.3.0 (from datasets->cupbearer==0.0.1)
  Using cached dill-0.4.1-py3-none-any.whl.metadata (10 kB)
Collecting pandas (from datasets->cupbearer==0.0.1)
  Using cached pandas-3.0.3-cp311-cp311-manylinux_2_24_x86_64.manylinux_2_28_x86_64.whl.metadata (79 kB)
INFO: pip is looking at multiple versions of datasets to determine which version is compatible with other requirements. This could take a while.
Collecting datasets (from cupbearer==0.0.1)
  Using cached datasets-4.8.5-py3-none-any.whl.metadata (19 kB)
  Downloading datasets-4.8.4-py3-none-any.whl.metadata (19 kB)
  Downloading datasets-4.8.3-py3-none-any.whl.metadata (19 kB)
  Downloading datasets-4.8.2-py3-none-any.whl.metadata (19 kB)
  Downloading datasets-4.8.1-py3-none-any.whl.metadata (19 kB)
  Downloading datasets-4.8.0-py3-none-any.whl.metadata (19 kB)
  Downloading datasets-4.7.0-py3-none-any.whl.metadata (19 kB)
Collecting dill<0.4.1,>=0.3.0 (from datasets->cupbearer==0.0.1)
  Using cached dill-0.4.0-py3-none-any.whl.metadata (10 kB)
INFO: pip is still looking at multiple versions of datasets to determine which version is compatible with other requirements. This could take a while.
Collecting datasets (from cupbearer==0.0.1)
  Downloading datasets-4.6.1-py3-none-any.whl.metadata (19 kB)
  Downloading datasets-4.6.0-py3-none-any.whl.metadata (19 kB)
  Downloading datasets-4.5.0-py3-none-any.whl.metadata (19 kB)
  Downloading datasets-4.4.2-py3-none-any.whl.metadata (19 kB)
  Downloading datasets-4.4.1-py3-none-any.whl.metadata (19 kB)
INFO: This is taking longer than usual. You might need to provide the dependency resolver with stricter constraints to reduce runtime. See https://pip.pypa.io/warnings/backtracking for guidance. If you want to abort this run, press Ctrl + C.
  Downloading datasets-4.4.0-py3-none-any.whl.metadata (19 kB)
  Downloading datasets-4.3.0-py3-none-any.whl.metadata (18 kB)
  Downloading datasets-4.2.0-py3-none-any.whl.metadata (18 kB)
  Downloading datasets-4.1.1-py3-none-any.whl.metadata (18 kB)
  Downloading datasets-4.1.0-py3-none-any.whl.metadata (18 kB)
  Downloading datasets-4.0.0-py3-none-any.whl.metadata (19 kB)
Collecting dill<0.3.9,>=0.3.0 (from datasets->cupbearer==0.0.1)
  Downloading dill-0.3.8-py3-none-any.whl.metadata (10 kB)
Collecting datasets (from cupbearer==0.0.1)
  Downloading datasets-3.6.0-py3-none-any.whl.metadata (19 kB)
  Downloading datasets-3.5.1-py3-none-any.whl.metadata (19 kB)
  Downloading datasets-3.5.0-py3-none-any.whl.metadata (19 kB)
  Downloading datasets-3.4.1-py3-none-any.whl.metadata (19 kB)
  Downloading datasets-3.4.0-py3-none-any.whl.metadata (19 kB)
  Downloading datasets-3.3.2-py3-none-any.whl.metadata (19 kB)
  Downloading datasets-3.3.1-py3-none-any.whl.metadata (19 kB)
  Downloading datasets-3.3.0-py3-none-any.whl.metadata (19 kB)
  Downloading datasets-3.2.0-py3-none-any.whl.metadata (20 kB)
  Downloading datasets-3.1.0-py3-none-any.whl.metadata (20 kB)
  Downloading datasets-3.0.2-py3-none-any.whl.metadata (20 kB)
  Downloading datasets-3.0.1-py3-none-any.whl.metadata (20 kB)
  Downloading datasets-3.0.0-py3-none-any.whl.metadata (19 kB)
  Downloading datasets-2.21.0-py3-none-any.whl.metadata (21 kB)
  Downloading datasets-2.20.0-py3-none-any.whl.metadata (19 kB)
Collecting pyarrow-hotfix (from datasets->cupbearer==0.0.1)
  Downloading pyarrow_hotfix-0.7-py3-none-any.whl.metadata (3.6 kB)
Collecting datasets (from cupbearer==0.0.1)
  Downloading datasets-2.19.2-py3-none-any.whl.metadata (19 kB)
  Downloading datasets-2.19.1-py3-none-any.whl.metadata (19 kB)
Collecting xxhash (from datasets->cupbearer==0.0.1)
  Using cached xxhash-3.7.0-cp311-cp311-manylinux2014_x86_64.manylinux_2_17_x86_64.manylinux_2_28_x86_64.whl.metadata (13 kB)
Collecting multiprocess (from datasets->cupbearer==0.0.1)
  Using cached multiprocess-0.70.19-py311-none-any.whl.metadata (7.5 kB)
Collecting datasets (from cupbearer==0.0.1)
  Downloading datasets-2.19.0-py3-none-any.whl.metadata (19 kB)
  Downloading datasets-2.18.0-py3-none-any.whl.metadata (20 kB)
  Downloading datasets-2.17.1-py3-none-any.whl.metadata (20 kB)
  Downloading datasets-2.17.0-py3-none-any.whl.metadata (20 kB)
  Downloading datasets-2.16.1-py3-none-any.whl.metadata (20 kB)
Collecting dill<0.3.8,>=0.3.0 (from datasets->cupbearer==0.0.1)
  Downloading dill-0.3.7-py3-none-any.whl.metadata (9.9 kB)
Collecting datasets (from cupbearer==0.0.1)
  Downloading datasets-2.16.0-py3-none-any.whl.metadata (20 kB)
  Downloading datasets-2.15.0-py3-none-any.whl.metadata (20 kB)
  Downloading datasets-2.14.7-py3-none-any.whl.metadata (19 kB)
  Downloading datasets-2.14.6-py3-none-any.whl.metadata (19 kB)
  Downloading datasets-2.14.5-py3-none-any.whl.metadata (19 kB)
  Downloading datasets-2.14.4-py3-none-any.whl.metadata (19 kB)
Collecting huggingface-hub<1.0.0,>=0.14.0 (from datasets->cupbearer==0.0.1)
  Using cached huggingface_hub-0.36.2-py3-none-any.whl.metadata (15 kB)
Collecting hf-xet<2.0.0,>=1.1.3 (from huggingface-hub<1.0.0,>=0.14.0->datasets->cupbearer==0.0.1)
  Using cached hf_xet-1.5.1-cp37-abi3-manylinux2014_x86_64.manylinux_2_17_x86_64.whl.metadata (4.9 kB)
Requirement already satisfied: MarkupSafe>=2.0 in ./cupenv/lib/python3.11/site-packages (from jinja2->torch>=2.0->cupbearer==0.0.1) (3.0.3)
Collecting contourpy>=1.0.1 (from matplotlib->cupbearer==0.0.1)
  Using cached contourpy-1.3.3-cp311-cp311-manylinux_2_27_x86_64.manylinux_2_28_x86_64.whl.metadata (5.5 kB)
Collecting cycler>=0.10 (from matplotlib->cupbearer==0.0.1)
  Using cached cycler-0.12.1-py3-none-any.whl.metadata (3.8 kB)
Collecting fonttools>=4.22.0 (from matplotlib->cupbearer==0.0.1)
  Using cached fonttools-4.63.0-cp311-cp311-manylinux2014_x86_64.manylinux_2_17_x86_64.whl.metadata (118 kB)
Collecting kiwisolver>=1.3.1 (from matplotlib->cupbearer==0.0.1)
  Using cached kiwisolver-1.5.0-cp311-cp311-manylinux2014_x86_64.manylinux_2_17_x86_64.whl.metadata (5.1 kB)
Collecting pyparsing>=3 (from matplotlib->cupbearer==0.0.1)
  Using cached pyparsing-3.3.2-py3-none-any.whl.metadata (5.8 kB)
Collecting python-dateutil>=2.7 (from matplotlib->cupbearer==0.0.1)
  Using cached python_dateutil-2.9.0.post0-py2.py3-none-any.whl.metadata (8.4 kB)
Collecting six>=1.5 (from python-dateutil>=2.7->matplotlib->cupbearer==0.0.1)
  Downloading six-1.17.0-py2.py3-none-any.whl.metadata (1.7 kB)
INFO: pip is looking at multiple versions of multiprocess to determine which version is compatible with other requirements. This could take a while.
Collecting multiprocess (from datasets->cupbearer==0.0.1)
  Using cached multiprocess-0.70.18-py311-none-any.whl.metadata (7.5 kB)
  Downloading multiprocess-0.70.17-py311-none-any.whl.metadata (7.2 kB)
  Downloading multiprocess-0.70.16-py311-none-any.whl.metadata (7.2 kB)
  Downloading multiprocess-0.70.15-py311-none-any.whl.metadata (7.2 kB)
Collecting joblib>=1.4.0 (from scikit-learn->cupbearer==0.0.1)
  Using cached joblib-1.5.3-py3-none-any.whl.metadata (5.5 kB)
Collecting narwhals>=2.0.1 (from scikit-learn->cupbearer==0.0.1)
  Downloading narwhals-2.22.1-py3-none-any.whl.metadata (15 kB)
Collecting threadpoolctl>=3.5.0 (from scikit-learn->cupbearer==0.0.1)
  Using cached threadpoolctl-3.6.0-py3-none-any.whl.metadata (13 kB)
Collecting absl-py>=0.4 (from tensorboard->cupbearer==0.0.1)
  Using cached absl_py-2.4.0-py3-none-any.whl.metadata (3.3 kB)
Collecting grpcio>=1.48.2 (from tensorboard->cupbearer==0.0.1)
  Downloading grpcio-1.81.1-cp311-cp311-manylinux2014_x86_64.manylinux_2_17_x86_64.whl.metadata (3.7 kB)
Collecting markdown>=2.6.8 (from tensorboard->cupbearer==0.0.1)
  Downloading markdown-3.10.2-py3-none-any.whl.metadata (5.1 kB)
Collecting protobuf!=4.24.0,>=3.19.6 (from tensorboard->cupbearer==0.0.1)
  Using cached protobuf-7.35.1-cp310-abi3-manylinux2014_x86_64.whl.metadata (595 bytes)
Collecting tensorboard-data-server<0.8.0,>=0.7.0 (from tensorboard->cupbearer==0.0.1)
  Downloading tensorboard_data_server-0.7.2-py3-none-manylinux_2_31_x86_64.whl.metadata (1.1 kB)
Collecting werkzeug>=1.0.1 (from tensorboard->cupbearer==0.0.1)
  Downloading werkzeug-3.1.8-py3-none-any.whl.metadata (4.0 kB)
Downloading lightning-2.6.5-py3-none-any.whl (848 kB)
   ━━━━━━━━━━━━━━━━━━━━━━━━━━━━━━━━━━━━━━━━ 848.6/848.6 kB 627.1 kB/s  0:00:00
Downloading lightning_utilities-0.15.3-py3-none-any.whl (31 kB)
Downloading pyyaml-6.0.3-cp311-cp311-manylinux2014_x86_64.manylinux_2_17_x86_64.manylinux_2_28_x86_64.whl (806 kB)
   ━━━━━━━━━━━━━━━━━━━━━━━━━━━━━━━━━━━━━━━━ 806.6/806.6 kB 608.6 kB/s  0:00:00
Downloading torchmetrics-1.9.0-py3-none-any.whl (983 kB)
   ━━━━━━━━━━━━━━━━━━━━━━━━━━━━━━━━━━━━━━━━ 983.4/983.4 kB 793.0 kB/s  0:00:00
Downloading tqdm-4.68.3-py3-none-any.whl (78 kB)
Using cached aiohttp-3.14.1-cp311-cp311-manylinux2014_x86_64.manylinux_2_17_x86_64.manylinux_2_28_x86_64.whl (1.8 MB)
Using cached multidict-6.7.1-cp311-cp311-manylinux2014_x86_64.manylinux_2_17_x86_64.manylinux_2_28_x86_64.whl (246 kB)
Using cached yarl-1.24.2-cp311-cp311-manylinux2014_x86_64.manylinux_2_17_x86_64.manylinux_2_28_x86_64.whl (106 kB)
Using cached aiohappyeyeballs-2.6.2-py3-none-any.whl (15 kB)
Using cached aiosignal-1.4.0-py3-none-any.whl (7.5 kB)
Downloading attrs-26.1.0-py3-none-any.whl (67 kB)
Using cached frozenlist-1.8.0-cp311-cp311-manylinux1_x86_64.manylinux_2_28_x86_64.manylinux_2_5_x86_64.whl (231 kB)
Downloading pillow-12.2.0-cp311-cp311-manylinux_2_27_x86_64.manylinux_2_28_x86_64.whl (7.1 MB)
   ━━━━━━━━━━━━━━━━━━━━━━━━━━━━━━━━━━━━━━━━ 7.1/7.1 MB 4.6 MB/s  0:00:01
Using cached propcache-0.5.2-cp311-cp311-manylinux2014_x86_64.manylinux_2_17_x86_64.manylinux_2_28_x86_64.whl (58 kB)
Downloading torchattacks-3.5.1-py3-none-any.whl (142 kB)
Downloading requests-2.25.1-py2.py3-none-any.whl (61 kB)
Downloading chardet-4.0.0-py2.py3-none-any.whl (178 kB)
Downloading idna-2.10-py2.py3-none-any.whl (58 kB)
Downloading urllib3-1.26.20-py2.py3-none-any.whl (144 kB)
Downloading certifi-2026.6.17-py3-none-any.whl (133 kB)
Downloading scipy-1.17.1-cp311-cp311-manylinux_2_27_x86_64.manylinux_2_28_x86_64.whl (35.3 MB)
   ━━━━━━━━━━━━━━━━━━━━━━━━━━━━━━━━━━━━━━━━ 35.3/35.3 MB 19.2 MB/s  0:00:01
Downloading torchvision-0.27.1-cp311-cp311-manylinux_2_28_x86_64.whl (7.7 MB)
   ━━━━━━━━━━━━━━━━━━━━━━━━━━━━━━━━━━━━━━━━ 7.7/7.7 MB 4.6 MB/s  0:00:01
Downloading torch-2.12.1-cp311-cp311-manylinux_2_28_x86_64.whl (532.2 MB)
   ━━━━━━━━━━━━━━━━━━━━━━━━━━━━━━━━━━━━━━━━ 532.2/532.2 MB 44.4 MB/s  0:00:08
Downloading cuda_toolkit-13.0.2-py2.py3-none-any.whl (2.4 kB)
Downloading nvidia_cudnn_cu13-9.20.0.48-py3-none-manylinux_2_27_x86_64.whl (366.2 MB)
   ━━━━━━━━━━━━━━━━━━━━━━━━━━━━━━━━━━━━━━━━ 366.2/366.2 MB 59.1 MB/s  0:00:04
Downloading nvidia_cusparselt_cu13-0.8.1-py3-none-manylinux2014_x86_64.whl (170.1 MB)
   ━━━━━━━━━━━━━━━━━━━━━━━━━━━━━━━━━━━━━━━━ 170.1/170.1 MB 48.6 MB/s  0:00:03
Downloading nvidia_nccl_cu13-2.29.7-py3-none-manylinux_2_18_x86_64.whl (206.0 MB)
   ━━━━━━━━━━━━━━━━━━━━━━━━━━━━━━━━━━━━━━━━ 206.0/206.0 MB 48.7 MB/s  0:00:04
Downloading nvidia_nvshmem_cu13-3.4.5-py3-none-manylinux2014_x86_64.manylinux_2_17_x86_64.whl (60.4 MB)
   ━━━━━━━━━━━━━━━━━━━━━━━━━━━━━━━━━━━━━━━━ 60.4/60.4 MB 26.3 MB/s  0:00:02
Downloading triton-3.7.1-cp311-cp311-manylinux_2_27_x86_64.manylinux_2_28_x86_64.whl (197.7 MB)
   ━━━━━━━━━━━━━━━━━━━━━━━━━━━━━━━━━━━━━━━━ 197.7/197.7 MB 55.1 MB/s  0:00:03
Downloading cuda_bindings-13.3.1-cp311-cp311-manylinux_2_24_x86_64.manylinux_2_28_x86_64.whl (6.7 MB)
   ━━━━━━━━━━━━━━━━━━━━━━━━━━━━━━━━━━━━━━━━ 6.7/6.7 MB 3.8 MB/s  0:00:01
Downloading nvidia_cublas-13.1.1.3-py3-none-manylinux_2_27_x86_64.whl (423.1 MB)
   ━━━━━━━━━━━━━━━━━━━━━━━━━━━━━━━━━━━━━━━━ 423.1/423.1 MB 49.9 MB/s  0:00:06
Downloading nvidia_cuda_cupti-13.0.85-py3-none-manylinux_2_25_x86_64.whl (10.7 MB)
   ━━━━━━━━━━━━━━━━━━━━━━━━━━━━━━━━━━━━━━━━ 10.7/10.7 MB 5.2 MB/s  0:00:01
Downloading nvidia_cuda_nvrtc-13.0.88-py3-none-manylinux2010_x86_64.manylinux_2_12_x86_64.whl (90.2 MB)
   ━━━━━━━━━━━━━━━━━━━━━━━━━━━━━━━━━━━━━━━━ 90.2/90.2 MB 19.0 MB/s  0:00:04
Downloading nvidia_cuda_runtime-13.0.96-py3-none-manylinux2014_x86_64.manylinux_2_17_x86_64.whl (2.2 MB)
   ━━━━━━━━━━━━━━━━━━━━━━━━━━━━━━━━━━━━━━━━ 2.2/2.2 MB 1.9 MB/s  0:00:01
Downloading nvidia_cufft-12.0.0.61-py3-none-manylinux2014_x86_64.manylinux_2_17_x86_64.whl (214.1 MB)
   ━━━━━━━━━━━━━━━━━━━━━━━━━━━━━━━━━━━━━━━━ 214.1/214.1 MB 25.9 MB/s  0:00:08
Downloading nvidia_cufile-1.15.1.6-py3-none-manylinux2014_x86_64.manylinux_2_17_x86_64.whl (1.2 MB)
   ━━━━━━━━━━━━━━━━━━━━━━━━━━━━━━━━━━━━━━━━ 1.2/1.2 MB 807.3 kB/s  0:00:01
Downloading nvidia_cusolver-12.0.4.66-py3-none-manylinux_2_27_x86_64.whl (200.9 MB)
   ━━━━━━━━━━━━━━━━━━━━━━━━━━━━━━━━━━━━━━━━ 200.9/200.9 MB 33.7 MB/s  0:00:05
Downloading nvidia_cusparse-12.6.3.3-py3-none-manylinux2014_x86_64.manylinux_2_17_x86_64.whl (145.9 MB)
   ━━━━━━━━━━━━━━━━━━━━━━━━━━━━━━━━━━━━━━━━ 145.9/145.9 MB 33.4 MB/s  0:00:04
Downloading nvidia_nvjitlink-13.0.88-py3-none-manylinux2010_x86_64.manylinux_2_12_x86_64.whl (40.7 MB)
   ━━━━━━━━━━━━━━━━━━━━━━━━━━━━━━━━━━━━━━━━ 40.7/40.7 MB 13.6 MB/s  0:00:02
Downloading nvidia_nvtx-13.0.85-py3-none-manylinux1_x86_64.manylinux_2_5_x86_64.whl (148 kB)
Downloading setuptools-81.0.0-py3-none-any.whl (1.1 MB)
   ━━━━━━━━━━━━━━━━━━━━━━━━━━━━━━━━━━━━━━━━ 1.1/1.1 MB 649.8 kB/s  0:00:01
Downloading cuda_pathfinder-1.5.5-py3-none-any.whl (51 kB)
Downloading datasets-2.14.4-py3-none-any.whl (519 kB)
Downloading dill-0.3.7-py3-none-any.whl (115 kB)
Downloading huggingface_hub-0.36.2-py3-none-any.whl (566 kB)
   ━━━━━━━━━━━━━━━━━━━━━━━━━━━━━━━━━━━━━━━━ 566.4/566.4 kB 311.4 kB/s  0:00:00
Using cached hf_xet-1.5.1-cp37-abi3-manylinux2014_x86_64.manylinux_2_17_x86_64.whl (4.5 MB)
Using cached pyarrow-24.0.0-cp311-cp311-manylinux_2_28_x86_64.whl (48.8 MB)
Using cached loguru-0.7.3-py3-none-any.whl (61 kB)
Using cached matplotlib-3.11.0-cp311-cp311-manylinux2014_x86_64.manylinux_2_17_x86_64.whl (10.0 MB)
Using cached contourpy-1.3.3-cp311-cp311-manylinux_2_27_x86_64.manylinux_2_28_x86_64.whl (355 kB)
Using cached cycler-0.12.1-py3-none-any.whl (8.3 kB)
Using cached fonttools-4.63.0-cp311-cp311-manylinux2014_x86_64.manylinux_2_17_x86_64.whl (5.1 MB)
Using cached kiwisolver-1.5.0-cp311-cp311-manylinux2014_x86_64.manylinux_2_17_x86_64.whl (1.4 MB)
Using cached pyparsing-3.3.2-py3-none-any.whl (122 kB)
Using cached python_dateutil-2.9.0.post0-py2.py3-none-any.whl (229 kB)
Downloading six-1.17.0-py2.py3-none-any.whl (11 kB)
Downloading multiprocess-0.70.15-py311-none-any.whl (135 kB)
Using cached pandas-3.0.3-cp311-cp311-manylinux_2_24_x86_64.manylinux_2_28_x86_64.whl (11.3 MB)
Downloading pytorch_lightning-2.6.5-py3-none-any.whl (852 kB)
   ━━━━━━━━━━━━━━━━━━━━━━━━━━━━━━━━━━━━━━━━ 852.4/852.4 kB 531.9 kB/s  0:00:01
Downloading scikit_learn-1.9.0-cp311-cp311-manylinux_2_27_x86_64.manylinux_2_28_x86_64.whl (9.3 MB)
   ━━━━━━━━━━━━━━━━━━━━━━━━━━━━━━━━━━━━━━━━ 9.3/9.3 MB 4.7 MB/s  0:00:01
Using cached joblib-1.5.3-py3-none-any.whl (309 kB)
Downloading narwhals-2.22.1-py3-none-any.whl (454 kB)
Using cached threadpoolctl-3.6.0-py3-none-any.whl (18 kB)
Downloading tensorboard-2.20.0-py3-none-any.whl (5.5 MB)
   ━━━━━━━━━━━━━━━━━━━━━━━━━━━━━━━━━━━━━━━━ 5.5/5.5 MB 3.0 MB/s  0:00:01
Downloading tensorboard_data_server-0.7.2-py3-none-manylinux_2_31_x86_64.whl (6.6 MB)
   ━━━━━━━━━━━━━━━━━━━━━━━━━━━━━━━━━━━━━━━━ 6.6/6.6 MB 4.4 MB/s  0:00:01
Using cached absl_py-2.4.0-py3-none-any.whl (135 kB)
Downloading grpcio-1.81.1-cp311-cp311-manylinux2014_x86_64.manylinux_2_17_x86_64.whl (6.8 MB)
   ━━━━━━━━━━━━━━━━━━━━━━━━━━━━━━━━━━━━━━━━ 6.8/6.8 MB 4.6 MB/s  0:00:01
Downloading markdown-3.10.2-py3-none-any.whl (108 kB)
Using cached protobuf-7.35.1-cp310-abi3-manylinux2014_x86_64.whl (327 kB)
Downloading werkzeug-3.1.8-py3-none-any.whl (226 kB)
Using cached xxhash-3.7.0-cp311-cp311-manylinux2014_x86_64.manylinux_2_17_x86_64.manylinux_2_28_x86_64.whl (193 kB)
Building wheels for collected packages: cupbearer
  Building editable for cupbearer (pyproject.toml): started
  Building editable for cupbearer (pyproject.toml): finished with status 'done'
  Created wheel for cupbearer: filename=cupbearer-0.0.1-0.editable-py3-none-any.whl size=3897 sha256=208a3ea18515d801fce846f17377b68cab2d883c2c996f75506febfc036767e6
  Stored in directory: /tmp/pip-ephem-wheel-cache-sjgo5u1y/wheels/0a/fb/cd/d3dd8b5dab3ff753fd8e3c257ffe4d4aeb99b84fb5765dcb13
Successfully built cupbearer
Installing collected packages: nvidia-cusparselt-cu13, cuda-toolkit, xxhash, werkzeug, urllib3, triton, tqdm, threadpoolctl, tensorboard-data-server, six, setuptools, scipy, PyYAML, pyparsing, pyarrow, protobuf, propcache, Pillow, nvidia-nvtx, nvidia-nvshmem-cu13, nvidia-nvjitlink, nvidia-nccl-cu13, nvidia-cufile, nvidia-cuda-runtime, nvidia-cuda-nvrtc, nvidia-cuda-cupti, narwhals, multidict, markdown, loguru, lightning-utilities, kiwisolver, joblib, idna, hf-xet, grpcio, frozenlist, fonttools, dill, cycler, cuda-pathfinder, contourpy, chardet, certifi, attrs, aiohappyeyeballs, absl-py, yarl, tensorboard, scikit-learn, requests, python-dateutil, nvidia-cusparse, nvidia-cufft, nvidia-cublas, multiprocess, cuda-bindings, aiosignal, pandas, nvidia-cusolver, nvidia-cudnn-cu13, matplotlib, huggingface-hub, aiohttp, torch, datasets, torchvision, torchmetrics, torchattacks, pytorch-lightning, lightning, cupbearer
  Attempting uninstall: nvidia-cusparselt-cu13
    Found existing installation: nvidia-cusparselt-cu13 0.8.0
    Uninstalling nvidia-cusparselt-cu13-0.8.0:
      Successfully uninstalled nvidia-cusparselt-cu13-0.8.0
  Attempting uninstall: triton
    Found existing installation: triton 3.5.0
    Uninstalling triton-3.5.0:
      Successfully uninstalled triton-3.5.0
  Attempting uninstall: setuptools
    Found existing installation: setuptools 82.0.1
    Uninstalling setuptools-82.0.1:
      Successfully uninstalled setuptools-82.0.1
  Attempting uninstall: nvidia-nvtx
    Found existing installation: nvidia-nvtx 13.0.39
    Uninstalling nvidia-nvtx-13.0.39:
      Successfully uninstalled nvidia-nvtx-13.0.39
  Attempting uninstall: nvidia-nvshmem-cu13
    Found existing installation: nvidia-nvshmem-cu13 3.3.24
    Uninstalling nvidia-nvshmem-cu13-3.3.24:
      Successfully uninstalled nvidia-nvshmem-cu13-3.3.24
  Attempting uninstall: nvidia-nvjitlink
    Found existing installation: nvidia-nvjitlink 13.0.39
    Uninstalling nvidia-nvjitlink-13.0.39:
      Successfully uninstalled nvidia-nvjitlink-13.0.39
  Attempting uninstall: nvidia-nccl-cu13
    Found existing installation: nvidia-nccl-cu13 2.27.7
    Uninstalling nvidia-nccl-cu13-2.27.7:
      Successfully uninstalled nvidia-nccl-cu13-2.27.7
  Attempting uninstall: nvidia-cufile
    Found existing installation: nvidia-cufile 1.15.0.42
    Uninstalling nvidia-cufile-1.15.0.42:
      Successfully uninstalled nvidia-cufile-1.15.0.42
  Attempting uninstall: nvidia-cuda-runtime
    Found existing installation: nvidia-cuda-runtime 13.0.48
    Uninstalling nvidia-cuda-runtime-13.0.48:
      Successfully uninstalled nvidia-cuda-runtime-13.0.48
  Attempting uninstall: nvidia-cuda-nvrtc
    WARNING: Ignoring invalid distribution ~vidia-nvtx (/mars-vol/marsv/dir9_ood/cupenv/lib/python3.11/site-packages)
    Found existing installation: nvidia-cuda-nvrtc 13.0.48
    Uninstalling nvidia-cuda-nvrtc-13.0.48:
      Successfully uninstalled nvidia-cuda-nvrtc-13.0.48
  Attempting uninstall: nvidia-cuda-cupti
    Found existing installation: nvidia-cuda-cupti 13.0.48
    Uninstalling nvidia-cuda-cupti-13.0.48:
      Successfully uninstalled nvidia-cuda-cupti-13.0.48
  Attempting uninstall: nvidia-cusparse
    Found existing installation: nvidia-cusparse 12.6.2.49
    Uninstalling nvidia-cusparse-12.6.2.49:
      Successfully uninstalled nvidia-cusparse-12.6.2.49
  Attempting uninstall: nvidia-cufft
    Found existing installation: nvidia-cufft 12.0.0.15
    Uninstalling nvidia-cufft-12.0.0.15:
      Successfully uninstalled nvidia-cufft-12.0.0.15
  Attempting uninstall: nvidia-cublas
    Found existing installation: nvidia-cublas 13.0.0.19
    Uninstalling nvidia-cublas-13.0.0.19:
Terminated
