self_test OK: step w=0.089 detected, line w=0.800 rejected
[skip] frozen_high_matched already scored
{
  "frozen_high_last": {
    "kind": "frozen",
    "step": 30000,
    "frozen_blocks": [
      0,
      1,
      2,
      3,
      4,
      5,
      11
    ],
    "n_embd": 240,
    "val_acc": 0.5719970703125,
    "ckpt": "/tmp/dir13_frozen/checkpoints_frozen_high/ckpt_last.pt",
    "median_w": 0.3276,
    "mean_w": 0.3296,
    "iqr_w": [
      0.252,
      0.3952
    ],
    "strict_frac": 0.24,
    "median_t_star": 0.4795,
    "frac_endpoints_differ": 0.8933,
    "median_n_argmax": 3.0,
    "median_abs_tstar_minus_tflip": 0.0615,
    "median_max_p": 0.0127,
    "rho_w_vs_max_p": -0.2886,
    "partial_rho_w_vs_max_p_given_sep": -0.5402,
    "median_paired_dw_vs_ref_trained": -0.0372,
    "frac_w_increased_vs_ref_trained": 0.3667,
    "median_paired_dw_vs_ref_matched_step": -0.1026,
    "frac_w_increased_vs_ref_matched_step": 0.1333,
    "median_paired_dw_vs_ref_init": -0.4717,
    "frac_w_increased_vs_ref_init": 0.0,
    "depth_median_w": {
      "0": 0.3277,
      "2": 0.3296,
      "4": 0.3347,
      "8": 0.7576,
      "10": 0.8061,
      "11": 0.8062
    }
  }
}
merged into frozen_assay_summary.json / frozen_assay_raw.npz
