[frozen_mid3] params=8.38M frozen=6.25M (74.6%) blocks=[0, 1, 2, 3, 4, 8, 9, 10, 11] vocab=65
[frozen_mid3] step      0 lr 0.00e+00 train 4.230 val 4.228 acc 0.026 [0.0m]
[frozen_mid3] step    250 lr 1.00e-03 train 2.361 val 2.310 acc 0.319 [0.2m]
[frozen_mid3] step    500 lr 1.00e-03 train 2.089 val 2.045 acc 0.396 [0.3m]
[frozen_mid3] step    750 lr 9.99e-04 train 1.887 val 1.897 acc 0.437 [0.5m]
[frozen_mid3] step   1000 lr 9.98e-04 train 1.803 val 1.793 acc 0.471 [0.7m]
[frozen_mid3] step   1250 lr 9.97e-04 train 1.681 val 1.754 acc 0.480 [0.8m]
[frozen_mid3] step   1500 lr 9.95e-04 train 1.631 val 1.709 acc 0.495 [1.0m]
[frozen_mid3] step   1750 lr 9.93e-04 train 1.558 val 1.682 acc 0.505 [1.1m]
[frozen_mid3] step   2000 lr 9.91e-04 train 1.529 val 1.661 acc 0.512 [1.3m]
[frozen_mid3] step   2250 lr 9.89e-04 train 1.539 val 1.650 acc 0.516 [1.5m]
[frozen_mid3] step   2500 lr 9.86e-04 train 1.533 val 1.624 acc 0.520 [1.6m]
[frozen_mid3] step   2750 lr 9.83e-04 train 1.528 val 1.612 acc 0.524 [1.8m]
[frozen_mid3] step   3000 lr 9.79e-04 train 1.481 val 1.613 acc 0.525 [1.9m]
[frozen_mid3] step   3250 lr 9.76e-04 train 1.478 val 1.601 acc 0.529 [2.1m]
[frozen_mid3] step   3500 lr 9.72e-04 train 1.463 val 1.594 acc 0.531 [2.3m]
[frozen_mid3] step   3750 lr 9.67e-04 train 1.477 val 1.571 acc 0.536 [2.4m]
[frozen_mid3] step   4000 lr 9.63e-04 train 1.433 val 1.572 acc 0.536 [2.6m]
[frozen_mid3] step   4250 lr 9.58e-04 train 1.467 val 1.556 acc 0.540 [2.7m]
[frozen_mid3] step   4500 lr 9.53e-04 train 1.451 val 1.566 acc 0.542 [2.9m]
[frozen_mid3] step   4750 lr 9.47e-04 train 1.410 val 1.569 acc 0.539 [3.1m]
[frozen_mid3] step   5000 lr 9.42e-04 train 1.409 val 1.552 acc 0.543 [3.2m]
[frozen_mid3] step   5250 lr 9.36e-04 train 1.422 val 1.561 acc 0.543 [3.4m]
[frozen_mid3] step   5500 lr 9.29e-04 train 1.384 val 1.544 acc 0.547 [3.5m]
[frozen_mid3] step   5750 lr 9.23e-04 train 1.386 val 1.550 acc 0.546 [3.7m]
[frozen_mid3] step   6000 lr 9.16e-04 train 1.395 val 1.554 acc 0.544 [3.9m]
[frozen_mid3] step   6250 lr 9.09e-04 train 1.434 val 1.568 acc 0.545 [4.0m]
[frozen_mid3] step   6500 lr 9.02e-04 train 1.371 val 1.527 acc 0.550 [4.2m]
[frozen_mid3] step   6750 lr 8.95e-04 train 1.385 val 1.534 acc 0.549 [4.4m]
[frozen_mid3] step   7000 lr 8.87e-04 train 1.379 val 1.523 acc 0.552 [4.5m]
[frozen_mid3] MATCHED reference val acc 0.5502 at step 7000 (acc 0.5518)
[frozen_mid3] step   7250 lr 8.79e-04 train 1.330 val 1.500 acc 0.555 [4.7m]
[frozen_mid3] step   7500 lr 8.71e-04 train 1.340 val 1.519 acc 0.552 [4.8m]
[frozen_mid3] step   7750 lr 8.62e-04 train 1.350 val 1.526 acc 0.554 [5.0m]
[frozen_mid3] step   8000 lr 8.54e-04 train 1.334 val 1.527 acc 0.551 [5.2m]
[frozen_mid3] step   8250 lr 8.45e-04 train 1.333 val 1.498 acc 0.558 [5.3m]
[frozen_mid3] step   8500 lr 8.36e-04 train 1.349 val 1.540 acc 0.549 [5.5m]
[frozen_mid3] step   8750 lr 8.27e-04 train 1.361 val 1.548 acc 0.550 [5.6m]
[frozen_mid3] step   9000 lr 8.17e-04 train 1.277 val 1.519 acc 0.558 [5.8m]
[frozen_mid3] step   9250 lr 8.08e-04 train 1.358 val 1.522 acc 0.556 [6.0m]
[frozen_mid3] step   9500 lr 7.98e-04 train 1.345 val 1.520 acc 0.557 [6.1m]
[frozen_mid3] step   9750 lr 7.88e-04 train 1.341 val 1.508 acc 0.561 [6.3m]
[frozen_mid3] step  10000 lr 7.78e-04 train 1.293 val 1.526 acc 0.559 [6.5m]
[frozen_mid3] step  10250 lr 7.67e-04 train 1.314 val 1.504 acc 0.563 [6.6m]
[frozen_mid3] step  10500 lr 7.57e-04 train 1.374 val 1.501 acc 0.560 [6.8m]
[frozen_mid3] step  10750 lr 7.46e-04 train 1.277 val 1.499 acc 0.562 [6.9m]
[frozen_mid3] step  11000 lr 7.36e-04 train 1.312 val 1.514 acc 0.560 [7.1m]
[frozen_mid3] step  11250 lr 7.25e-04 train 1.269 val 1.488 acc 0.564 [7.3m]
[frozen_mid3] step  11500 lr 7.14e-04 train 1.323 val 1.511 acc 0.559 [7.4m]
[frozen_mid3] step  11750 lr 7.03e-04 train 1.322 val 1.504 acc 0.563 [7.6m]
[frozen_mid3] step  12000 lr 6.92e-04 train 1.304 val 1.499 acc 0.561 [7.7m]
[frozen_mid3] step  12250 lr 6.80e-04 train 1.299 val 1.493 acc 0.566 [7.9m]
[frozen_mid3] step  12500 lr 6.69e-04 train 1.296 val 1.499 acc 0.564 [8.1m]
[frozen_mid3] step  12750 lr 6.58e-04 train 1.251 val 1.497 acc 0.564 [8.2m]
[frozen_mid3] step  13000 lr 6.46e-04 train 1.257 val 1.487 acc 0.567 [8.4m]
[frozen_mid3] step  13250 lr 6.35e-04 train 1.278 val 1.511 acc 0.563 [8.6m]
[frozen_mid3] step  13500 lr 6.23e-04 train 1.279 val 1.503 acc 0.562 [8.7m]
[frozen_mid3] step  13750 lr 6.11e-04 train 1.300 val 1.493 acc 0.563 [8.9m]
[frozen_mid3] step  14000 lr 6.00e-04 train 1.243 val 1.496 acc 0.567 [9.0m]
[frozen_mid3] step  14250 lr 5.88e-04 train 1.304 val 1.483 acc 0.570 [9.2m]
[frozen_mid3] step  14500 lr 5.76e-04 train 1.284 val 1.497 acc 0.565 [9.4m]
[frozen_mid3] step  14750 lr 5.64e-04 train 1.313 val 1.479 acc 0.569 [9.5m]
[frozen_mid3] step  15000 lr 5.52e-04 train 1.247 val 1.486 acc 0.568 [9.7m]
[frozen_mid3] step  15250 lr 5.41e-04 train 1.299 val 1.498 acc 0.563 [9.8m]
[frozen_mid3] step  15500 lr 5.29e-04 train 1.301 val 1.487 acc 0.569 [10.0m]
[frozen_mid3] step  15750 lr 5.17e-04 train 1.278 val 1.480 acc 0.570 [10.2m]
[frozen_mid3] step  16000 lr 5.05e-04 train 1.277 val 1.493 acc 0.566 [10.3m]
[frozen_mid3] step  16250 lr 4.93e-04 train 1.270 val 1.476 acc 0.569 [10.5m]
[frozen_mid3] step  16500 lr 4.82e-04 train 1.262 val 1.480 acc 0.571 [10.6m]
[frozen_mid3] step  16750 lr 4.70e-04 train 1.303 val 1.493 acc 0.567 [10.8m]
[frozen_mid3] step  17000 lr 4.58e-04 train 1.248 val 1.498 acc 0.566 [11.0m]
[frozen_mid3] step  17250 lr 4.47e-04 train 1.239 val 1.514 acc 0.561 [11.1m]
[frozen_mid3] step  17500 lr 4.35e-04 train 1.204 val 1.483 acc 0.571 [11.3m]
[frozen_mid3] step  17750 lr 4.24e-04 train 1.304 val 1.528 acc 0.564 [11.5m]
[frozen_mid3] step  18000 lr 4.13e-04 train 1.193 val 1.497 acc 0.568 [11.6m]
[frozen_mid3] step  18250 lr 4.02e-04 train 1.222 val 1.490 acc 0.570 [11.8m]
[frozen_mid3] step  18500 lr 3.90e-04 train 1.258 val 1.495 acc 0.569 [11.9m]
[frozen_mid3] step  18750 lr 3.79e-04 train 1.224 val 1.477 acc 0.572 [12.1m]
[frozen_mid3] step  19000 lr 3.69e-04 train 1.208 val 1.482 acc 0.571 [12.3m]
[frozen_mid3] step  19250 lr 3.58e-04 train 1.234 val 1.489 acc 0.574 [12.4m]
[frozen_mid3] step  19500 lr 3.47e-04 train 1.268 val 1.499 acc 0.568 [12.6m]
[frozen_mid3] step  19750 lr 3.37e-04 train 1.171 val 1.486 acc 0.572 [12.7m]
[frozen_mid3] step  20000 lr 3.26e-04 train 1.264 val 1.486 acc 0.572 [12.9m]
[frozen_mid3] step  20250 lr 3.16e-04 train 1.257 val 1.510 acc 0.567 [13.1m]
[frozen_mid3] step  20500 lr 3.06e-04 train 1.236 val 1.500 acc 0.569 [13.2m]
[frozen_mid3] step  20750 lr 2.96e-04 train 1.225 val 1.483 acc 0.572 [13.4m]
[frozen_mid3] step  21000 lr 2.87e-04 train 1.225 val 1.476 acc 0.571 [13.6m]
[frozen_mid3] step  21250 lr 2.77e-04 train 1.206 val 1.489 acc 0.570 [13.7m]
[frozen_mid3] step  21500 lr 2.68e-04 train 1.217 val 1.491 acc 0.571 [13.9m]
[frozen_mid3] step  21750 lr 2.59e-04 train 1.220 val 1.488 acc 0.571 [14.0m]
[frozen_mid3] step  22000 lr 2.50e-04 train 1.254 val 1.480 acc 0.572 [14.2m]
[frozen_mid3] step  22250 lr 2.41e-04 train 1.266 val 1.496 acc 0.569 [14.4m]
[frozen_mid3] step  22500 lr 2.33e-04 train 1.230 val 1.510 acc 0.570 [14.5m]
[frozen_mid3] step  22750 lr 2.24e-04 train 1.233 val 1.504 acc 0.569 [14.7m]
[frozen_mid3] step  23000 lr 2.16e-04 train 1.239 val 1.499 acc 0.570 [14.8m]
[frozen_mid3] step  23250 lr 2.09e-04 train 1.247 val 1.498 acc 0.570 [15.0m]
[frozen_mid3] step  23500 lr 2.01e-04 train 1.168 val 1.480 acc 0.574 [15.2m]
[frozen_mid3] step  23750 lr 1.94e-04 train 1.239 val 1.494 acc 0.571 [15.3m]
[frozen_mid3] step  24000 lr 1.86e-04 train 1.262 val 1.489 acc 0.572 [15.5m]
[frozen_mid3] step  24250 lr 1.80e-04 train 1.234 val 1.479 acc 0.571 [15.7m]
[frozen_mid3] step  24500 lr 1.73e-04 train 1.213 val 1.485 acc 0.572 [15.8m]
[frozen_mid3] step  24750 lr 1.67e-04 train 1.241 val 1.492 acc 0.571 [16.0m]
[frozen_mid3] step  25000 lr 1.61e-04 train 1.189 val 1.488 acc 0.572 [16.1m]
[frozen_mid3] step  25250 lr 1.55e-04 train 1.229 val 1.497 acc 0.573 [16.3m]
[frozen_mid3] step  25500 lr 1.49e-04 train 1.215 val 1.486 acc 0.574 [16.5m]
[frozen_mid3] step  25750 lr 1.44e-04 train 1.202 val 1.480 acc 0.574 [16.6m]
[frozen_mid3] step  26000 lr 1.39e-04 train 1.244 val 1.487 acc 0.574 [16.8m]
[frozen_mid3] step  26250 lr 1.34e-04 train 1.207 val 1.483 acc 0.572 [16.9m]
[frozen_mid3] step  26500 lr 1.30e-04 train 1.208 val 1.479 acc 0.576 [17.1m]
[frozen_mid3] step  26750 lr 1.26e-04 train 1.234 val 1.487 acc 0.574 [17.3m]
[frozen_mid3] step  27000 lr 1.22e-04 train 1.204 val 1.491 acc 0.574 [17.4m]
[frozen_mid3] step  27250 lr 1.19e-04 train 1.184 val 1.489 acc 0.573 [17.6m]
[frozen_mid3] step  27500 lr 1.15e-04 train 1.239 val 1.495 acc 0.574 [17.8m]
[frozen_mid3] step  27750 lr 1.13e-04 train 1.219 val 1.488 acc 0.576 [17.9m]
[frozen_mid3] step  28000 lr 1.10e-04 train 1.257 val 1.499 acc 0.573 [18.1m]
[frozen_mid3] step  28250 lr 1.08e-04 train 1.214 val 1.481 acc 0.573 [18.2m]
[frozen_mid3] step  28500 lr 1.06e-04 train 1.228 val 1.495 acc 0.573 [18.4m]
[frozen_mid3] step  28750 lr 1.04e-04 train 1.210 val 1.495 acc 0.573 [18.6m]
[frozen_mid3] step  29000 lr 1.02e-04 train 1.202 val 1.483 acc 0.574 [18.7m]
[frozen_mid3] step  29250 lr 1.01e-04 train 1.204 val 1.479 acc 0.576 [18.9m]
[frozen_mid3] step  29500 lr 1.01e-04 train 1.178 val 1.483 acc 0.575 [19.0m]
[frozen_mid3] step  29750 lr 1.00e-04 train 1.212 val 1.499 acc 0.572 [19.2m]
[frozen_mid3] step  30000 lr 1.00e-04 train 1.219 val 1.498 acc 0.571 [19.4m]
[frozen_mid3] DONE step=30000 val_acc=0.5711 best=0.5756 matched={'step': 7000, 'val_acc': 0.5517578125, 'val_loss': 1.5234091877937317}
