[frozen_mid] params=8.38M frozen=4.86M (58.0%) blocks=[0, 1, 2, 3, 9, 10, 11] vocab=65
[frozen_mid] step      0 lr 0.00e+00 train 4.230 val 4.228 acc 0.026 [0.0m]
[frozen_mid] step    250 lr 1.00e-03 train 2.324 val 2.278 acc 0.326 [0.2m]
[frozen_mid] step    500 lr 1.00e-03 train 1.997 val 1.981 acc 0.411 [0.3m]
[frozen_mid] step    750 lr 9.99e-04 train 1.784 val 1.837 acc 0.453 [0.5m]
[frozen_mid] step   1000 lr 9.98e-04 train 1.698 val 1.728 acc 0.489 [0.7m]
[frozen_mid] step   1250 lr 9.97e-04 train 1.570 val 1.683 acc 0.499 [0.8m]
[frozen_mid] step   1500 lr 9.95e-04 train 1.544 val 1.641 acc 0.514 [1.0m]
[frozen_mid] step   1750 lr 9.93e-04 train 1.445 val 1.606 acc 0.523 [1.2m]
[frozen_mid] step   2000 lr 9.91e-04 train 1.415 val 1.592 acc 0.529 [1.3m]
[frozen_mid] step   2250 lr 9.89e-04 train 1.432 val 1.580 acc 0.531 [1.5m]
[frozen_mid] step   2500 lr 9.86e-04 train 1.408 val 1.561 acc 0.538 [1.7m]
[frozen_mid] step   2750 lr 9.83e-04 train 1.412 val 1.547 acc 0.544 [1.8m]
[frozen_mid] step   3000 lr 9.79e-04 train 1.381 val 1.547 acc 0.544 [2.0m]
[frozen_mid] step   3250 lr 9.76e-04 train 1.362 val 1.546 acc 0.546 [2.2m]
[frozen_mid] step   3500 lr 9.72e-04 train 1.357 val 1.546 acc 0.546 [2.3m]
[frozen_mid] step   3750 lr 9.67e-04 train 1.373 val 1.520 acc 0.552 [2.5m]
[frozen_mid] MATCHED reference val acc 0.5502 at step 3750 (acc 0.5519)
[frozen_mid] step   4000 lr 9.63e-04 train 1.332 val 1.512 acc 0.553 [2.7m]
[frozen_mid] step   4250 lr 9.58e-04 train 1.361 val 1.503 acc 0.557 [2.8m]
[frozen_mid] step   4500 lr 9.53e-04 train 1.351 val 1.512 acc 0.556 [3.0m]
[frozen_mid] step   4750 lr 9.47e-04 train 1.291 val 1.516 acc 0.555 [3.2m]
[frozen_mid] step   5000 lr 9.42e-04 train 1.300 val 1.497 acc 0.559 [3.3m]
[frozen_mid] step   5250 lr 9.36e-04 train 1.311 val 1.518 acc 0.556 [3.5m]
[frozen_mid] step   5500 lr 9.29e-04 train 1.274 val 1.494 acc 0.562 [3.7m]
[frozen_mid] step   5750 lr 9.23e-04 train 1.296 val 1.501 acc 0.561 [3.9m]
[frozen_mid] step   6000 lr 9.16e-04 train 1.281 val 1.501 acc 0.560 [4.0m]
[frozen_mid] step   6250 lr 9.09e-04 train 1.304 val 1.520 acc 0.560 [4.2m]
[frozen_mid] step   6500 lr 9.02e-04 train 1.246 val 1.486 acc 0.563 [4.4m]
[frozen_mid] step   6750 lr 8.95e-04 train 1.271 val 1.487 acc 0.564 [4.5m]
[frozen_mid] step   7000 lr 8.87e-04 train 1.258 val 1.491 acc 0.567 [4.7m]
[frozen_mid] step   7250 lr 8.79e-04 train 1.220 val 1.463 acc 0.572 [4.9m]
[frozen_mid] step   7500 lr 8.71e-04 train 1.222 val 1.490 acc 0.565 [5.0m]
[frozen_mid] step   7750 lr 8.62e-04 train 1.235 val 1.499 acc 0.568 [5.2m]
[frozen_mid] step   8000 lr 8.54e-04 train 1.228 val 1.500 acc 0.565 [5.4m]
[frozen_mid] step   8250 lr 8.45e-04 train 1.216 val 1.468 acc 0.570 [5.5m]
[frozen_mid] step   8500 lr 8.36e-04 train 1.225 val 1.516 acc 0.562 [5.7m]
[frozen_mid] step   8750 lr 8.27e-04 train 1.229 val 1.524 acc 0.564 [5.9m]
[frozen_mid] step   9000 lr 8.17e-04 train 1.169 val 1.490 acc 0.568 [6.0m]
[frozen_mid] step   9250 lr 8.08e-04 train 1.239 val 1.490 acc 0.570 [6.2m]
[frozen_mid] step   9500 lr 7.98e-04 train 1.206 val 1.486 acc 0.569 [6.4m]
[frozen_mid] step   9750 lr 7.88e-04 train 1.222 val 1.485 acc 0.572 [6.5m]
[frozen_mid] step  10000 lr 7.78e-04 train 1.183 val 1.499 acc 0.569 [6.7m]
[frozen_mid] step  10250 lr 7.67e-04 train 1.210 val 1.485 acc 0.572 [6.9m]
[frozen_mid] step  10500 lr 7.57e-04 train 1.233 val 1.490 acc 0.570 [7.0m]
[frozen_mid] step  10750 lr 7.46e-04 train 1.157 val 1.483 acc 0.571 [7.2m]
[frozen_mid] step  11000 lr 7.36e-04 train 1.193 val 1.503 acc 0.571 [7.4m]
[frozen_mid] step  11250 lr 7.25e-04 train 1.131 val 1.475 acc 0.574 [7.5m]
[frozen_mid] step  11500 lr 7.14e-04 train 1.202 val 1.493 acc 0.571 [7.7m]
[frozen_mid] step  11750 lr 7.03e-04 train 1.191 val 1.501 acc 0.571 [7.9m]
[frozen_mid] step  12000 lr 6.92e-04 train 1.168 val 1.493 acc 0.569 [8.0m]
[frozen_mid] step  12250 lr 6.80e-04 train 1.165 val 1.491 acc 0.573 [8.2m]
[frozen_mid] step  12500 lr 6.69e-04 train 1.162 val 1.490 acc 0.575 [8.4m]
[frozen_mid] step  12750 lr 6.58e-04 train 1.122 val 1.497 acc 0.571 [8.6m]
[frozen_mid] step  13000 lr 6.46e-04 train 1.142 val 1.482 acc 0.577 [8.7m]
[frozen_mid] step  13250 lr 6.35e-04 train 1.148 val 1.511 acc 0.571 [8.9m]
[frozen_mid] step  13500 lr 6.23e-04 train 1.148 val 1.512 acc 0.571 [9.1m]
[frozen_mid] step  13750 lr 6.11e-04 train 1.173 val 1.497 acc 0.574 [9.2m]
[frozen_mid] step  14000 lr 6.00e-04 train 1.122 val 1.497 acc 0.574 [9.4m]
[frozen_mid] step  14250 lr 5.88e-04 train 1.155 val 1.483 acc 0.574 [9.6m]
[frozen_mid] step  14500 lr 5.76e-04 train 1.135 val 1.501 acc 0.573 [9.7m]
[frozen_mid] step  14750 lr 5.64e-04 train 1.159 val 1.480 acc 0.577 [9.9m]
[frozen_mid] step  15000 lr 5.52e-04 train 1.117 val 1.486 acc 0.574 [10.1m]
[frozen_mid] step  15250 lr 5.41e-04 train 1.171 val 1.513 acc 0.571 [10.2m]
[frozen_mid] step  15500 lr 5.29e-04 train 1.173 val 1.495 acc 0.576 [10.4m]
[frozen_mid] step  15750 lr 5.17e-04 train 1.135 val 1.493 acc 0.578 [10.6m]
[frozen_mid] step  16000 lr 5.05e-04 train 1.145 val 1.513 acc 0.571 [10.7m]
[frozen_mid] step  16250 lr 4.93e-04 train 1.120 val 1.492 acc 0.576 [10.9m]
[frozen_mid] step  16500 lr 4.82e-04 train 1.132 val 1.489 acc 0.576 [11.1m]
[frozen_mid] step  16750 lr 4.70e-04 train 1.165 val 1.512 acc 0.573 [11.2m]
[frozen_mid] step  17000 lr 4.58e-04 train 1.115 val 1.520 acc 0.572 [11.4m]
[frozen_mid] step  17250 lr 4.47e-04 train 1.101 val 1.539 acc 0.569 [11.6m]
[frozen_mid] step  17500 lr 4.35e-04 train 1.069 val 1.512 acc 0.576 [11.7m]
[frozen_mid] step  17750 lr 4.24e-04 train 1.132 val 1.555 acc 0.569 [11.9m]
[frozen_mid] step  18000 lr 4.13e-04 train 1.056 val 1.519 acc 0.574 [12.1m]
[frozen_mid] step  18250 lr 4.02e-04 train 1.073 val 1.513 acc 0.574 [12.2m]
[frozen_mid] step  18500 lr 3.90e-04 train 1.110 val 1.516 acc 0.575 [12.4m]
[frozen_mid] step  18750 lr 3.79e-04 train 1.092 val 1.512 acc 0.575 [12.6m]
[frozen_mid] step  19000 lr 3.69e-04 train 1.063 val 1.508 acc 0.576 [12.7m]
[frozen_mid] step  19250 lr 3.58e-04 train 1.107 val 1.518 acc 0.576 [12.9m]
[frozen_mid] step  19500 lr 3.47e-04 train 1.112 val 1.533 acc 0.573 [13.1m]
[frozen_mid] step  19750 lr 3.37e-04 train 1.022 val 1.516 acc 0.578 [13.3m]
[frozen_mid] step  20000 lr 3.26e-04 train 1.116 val 1.521 acc 0.575 [13.4m]
[frozen_mid] step  20250 lr 3.16e-04 train 1.098 val 1.543 acc 0.571 [13.6m]
[frozen_mid] step  20500 lr 3.06e-04 train 1.079 val 1.543 acc 0.572 [13.8m]
[frozen_mid] step  20750 lr 2.96e-04 train 1.078 val 1.520 acc 0.575 [13.9m]
[frozen_mid] step  21000 lr 2.87e-04 train 1.081 val 1.509 acc 0.576 [14.1m]
[frozen_mid] step  21250 lr 2.77e-04 train 1.060 val 1.525 acc 0.574 [14.3m]
[frozen_mid] step  21500 lr 2.68e-04 train 1.072 val 1.527 acc 0.576 [14.4m]
[frozen_mid] step  21750 lr 2.59e-04 train 1.071 val 1.524 acc 0.573 [14.6m]
[frozen_mid] step  22000 lr 2.50e-04 train 1.088 val 1.524 acc 0.576 [14.8m]
[frozen_mid] step  22250 lr 2.41e-04 train 1.105 val 1.537 acc 0.572 [14.9m]
[frozen_mid] step  22500 lr 2.33e-04 train 1.056 val 1.545 acc 0.572 [15.1m]
[frozen_mid] step  22750 lr 2.24e-04 train 1.072 val 1.548 acc 0.572 [15.3m]
[frozen_mid] step  23000 lr 2.16e-04 train 1.077 val 1.540 acc 0.572 [15.4m]
[frozen_mid] step  23250 lr 2.09e-04 train 1.087 val 1.545 acc 0.574 [15.6m]
[frozen_mid] step  23500 lr 2.01e-04 train 1.022 val 1.533 acc 0.576 [15.8m]
[frozen_mid] step  23750 lr 1.94e-04 train 1.076 val 1.544 acc 0.573 [15.9m]
[frozen_mid] step  24000 lr 1.86e-04 train 1.090 val 1.538 acc 0.575 [16.1m]
[frozen_mid] step  24250 lr 1.80e-04 train 1.078 val 1.538 acc 0.574 [16.3m]
[frozen_mid] step  24500 lr 1.73e-04 train 1.042 val 1.539 acc 0.574 [16.4m]
[frozen_mid] step  24750 lr 1.67e-04 train 1.062 val 1.546 acc 0.575 [16.6m]
[frozen_mid] step  25000 lr 1.61e-04 train 1.036 val 1.542 acc 0.574 [16.8m]
[frozen_mid] step  25250 lr 1.55e-04 train 1.061 val 1.553 acc 0.574 [16.9m]
[frozen_mid] step  25500 lr 1.49e-04 train 1.041 val 1.543 acc 0.575 [17.1m]
[frozen_mid] step  25750 lr 1.44e-04 train 1.064 val 1.537 acc 0.574 [17.3m]
[frozen_mid] step  26000 lr 1.39e-04 train 1.100 val 1.547 acc 0.576 [17.4m]
[frozen_mid] step  26250 lr 1.34e-04 train 1.056 val 1.540 acc 0.577 [17.6m]
[frozen_mid] step  26500 lr 1.30e-04 train 1.042 val 1.535 acc 0.578 [17.8m]
[frozen_mid] step  26750 lr 1.26e-04 train 1.058 val 1.555 acc 0.572 [17.9m]
[frozen_mid] step  27000 lr 1.22e-04 train 1.026 val 1.554 acc 0.575 [18.1m]
[frozen_mid] step  27250 lr 1.19e-04 train 1.040 val 1.543 acc 0.576 [18.3m]
[frozen_mid] step  27500 lr 1.15e-04 train 1.063 val 1.550 acc 0.578 [18.5m]
[frozen_mid] step  27750 lr 1.13e-04 train 1.048 val 1.548 acc 0.578 [18.6m]
[frozen_mid] step  28000 lr 1.10e-04 train 1.066 val 1.566 acc 0.574 [18.8m]
[frozen_mid] step  28250 lr 1.08e-04 train 1.063 val 1.546 acc 0.574 [19.0m]
[frozen_mid] step  28500 lr 1.06e-04 train 1.066 val 1.562 acc 0.574 [19.1m]
[frozen_mid] step  28750 lr 1.04e-04 train 1.041 val 1.555 acc 0.576 [19.3m]
[frozen_mid] step  29000 lr 1.02e-04 train 1.034 val 1.546 acc 0.576 [19.5m]
[frozen_mid] step  29250 lr 1.01e-04 train 1.044 val 1.535 acc 0.578 [19.6m]
[frozen_mid] step  29500 lr 1.01e-04 train 1.021 val 1.547 acc 0.577 [19.8m]
[frozen_mid] step  29750 lr 1.00e-04 train 1.046 val 1.563 acc 0.573 [20.0m]
[frozen_mid] step  30000 lr 1.00e-04 train 1.038 val 1.564 acc 0.573 [20.1m]
[frozen_mid] DONE step=30000 val_acc=0.5728 best=0.5780 matched={'step': 3750, 'val_acc': 0.5518798828125, 'val_loss': 1.5197952330112456}
