[frozen_early_s2] params=8.38M frozen=2.78M (33.1%) blocks=[1, 2, 3, 4] vocab=65
[frozen_early_s2] step      0 lr 0.00e+00 train 4.253 val 4.268 acc 0.010 [0.0m]
[frozen_early_s2] step    250 lr 1.00e-03 train 2.284 val 2.274 acc 0.327 [0.2m]
[frozen_early_s2] step    500 lr 1.00e-03 train 1.945 val 1.969 acc 0.415 [0.4m]
[frozen_early_s2] step    750 lr 9.99e-04 train 1.731 val 1.809 acc 0.464 [0.5m]
[frozen_early_s2] step   1000 lr 9.98e-04 train 1.657 val 1.697 acc 0.493 [0.7m]
[frozen_early_s2] step   1250 lr 9.97e-04 train 1.528 val 1.648 acc 0.506 [0.9m]
[frozen_early_s2] step   1500 lr 9.95e-04 train 1.482 val 1.596 acc 0.525 [1.1m]
[frozen_early_s2] step   1750 lr 9.93e-04 train 1.388 val 1.569 acc 0.533 [1.3m]
[frozen_early_s2] step   2000 lr 9.91e-04 train 1.374 val 1.546 acc 0.538 [1.4m]
[frozen_early_s2] step   2250 lr 9.89e-04 train 1.366 val 1.540 acc 0.541 [1.6m]
[frozen_early_s2] step   2500 lr 9.86e-04 train 1.348 val 1.517 acc 0.547 [1.8m]
[frozen_early_s2] step   2750 lr 9.83e-04 train 1.343 val 1.500 acc 0.553 [2.0m]
[frozen_early_s2] MATCHED reference val acc 0.5502 at step 2750 (acc 0.5529)
[frozen_early_s2] step   3000 lr 9.79e-04 train 1.307 val 1.501 acc 0.555 [2.1m]
[frozen_early_s2] step   3250 lr 9.76e-04 train 1.287 val 1.496 acc 0.557 [2.3m]
[frozen_early_s2] step   3500 lr 9.72e-04 train 1.290 val 1.500 acc 0.558 [2.5m]
[frozen_early_s2] step   3750 lr 9.67e-04 train 1.289 val 1.472 acc 0.562 [2.7m]
[frozen_early_s2] step   4000 lr 9.63e-04 train 1.250 val 1.469 acc 0.563 [2.9m]
[frozen_early_s2] step   4250 lr 9.58e-04 train 1.256 val 1.468 acc 0.565 [3.2m]
[frozen_early_s2] step   4500 lr 9.53e-04 train 1.264 val 1.474 acc 0.566 [3.5m]
[frozen_early_s2] step   4750 lr 9.47e-04 train 1.202 val 1.479 acc 0.564 [3.7m]
[frozen_early_s2] step   5000 lr 9.42e-04 train 1.210 val 1.459 acc 0.566 [3.9m]
[frozen_early_s2] step   5250 lr 9.36e-04 train 1.212 val 1.486 acc 0.566 [4.3m]
[frozen_early_s2] step   5500 lr 9.29e-04 train 1.182 val 1.465 acc 0.569 [4.6m]
[frozen_early_s2] step   5750 lr 9.23e-04 train 1.188 val 1.469 acc 0.569 [5.0m]
[frozen_early_s2] step   6000 lr 9.16e-04 train 1.180 val 1.481 acc 0.568 [5.4m]
[frozen_early_s2] step   6250 lr 9.09e-04 train 1.208 val 1.493 acc 0.567 [5.8m]
[frozen_early_s2] step   6500 lr 9.02e-04 train 1.146 val 1.470 acc 0.571 [6.2m]
[frozen_early_s2] step   6750 lr 8.95e-04 train 1.161 val 1.482 acc 0.570 [6.6m]
[frozen_early_s2] step   7000 lr 8.87e-04 train 1.156 val 1.472 acc 0.572 [7.0m]
[frozen_early_s2] step   7250 lr 8.79e-04 train 1.104 val 1.459 acc 0.576 [7.4m]
[frozen_early_s2] step   7500 lr 8.71e-04 train 1.114 val 1.493 acc 0.570 [7.7m]
[frozen_early_s2] step   7750 lr 8.62e-04 train 1.105 val 1.497 acc 0.571 [8.1m]
[frozen_early_s2] step   8000 lr 8.54e-04 train 1.108 val 1.501 acc 0.573 [8.5m]
[frozen_early_s2] step   8250 lr 8.45e-04 train 1.094 val 1.474 acc 0.576 [8.9m]
[frozen_early_s2] step   8500 lr 8.36e-04 train 1.115 val 1.537 acc 0.568 [9.2m]
[frozen_early_s2] step   8750 lr 8.27e-04 train 1.112 val 1.530 acc 0.568 [9.6m]
[frozen_early_s2] step   9000 lr 8.17e-04 train 1.037 val 1.508 acc 0.574 [10.0m]
[frozen_early_s2] step   9250 lr 8.08e-04 train 1.089 val 1.526 acc 0.573 [10.5m]
[frozen_early_s2] step   9500 lr 7.98e-04 train 1.066 val 1.519 acc 0.572 [11.1m]
[frozen_early_s2] step   9750 lr 7.88e-04 train 1.083 val 1.513 acc 0.574 [11.7m]
[frozen_early_s2] step  10000 lr 7.78e-04 train 1.050 val 1.528 acc 0.572 [12.4m]
[frozen_early_s2] step  10250 lr 7.67e-04 train 1.068 val 1.524 acc 0.572 [13.1m]
[frozen_early_s2] step  10500 lr 7.57e-04 train 1.088 val 1.534 acc 0.569 [13.7m]
[frozen_early_s2] step  10750 lr 7.46e-04 train 1.015 val 1.533 acc 0.573 [14.4m]
[frozen_early_s2] step  11000 lr 7.36e-04 train 1.034 val 1.546 acc 0.571 [15.1m]
[frozen_early_s2] step  11250 lr 7.25e-04 train 1.004 val 1.533 acc 0.575 [15.7m]
[frozen_early_s2] step  11500 lr 7.14e-04 train 1.029 val 1.554 acc 0.569 [16.4m]
[frozen_early_s2] step  11750 lr 7.03e-04 train 1.037 val 1.552 acc 0.571 [17.1m]
[frozen_early_s2] step  12000 lr 6.92e-04 train 1.021 val 1.564 acc 0.568 [17.8m]
[frozen_early_s2] step  12250 lr 6.80e-04 train 0.998 val 1.554 acc 0.572 [18.4m]
[frozen_early_s2] step  12500 lr 6.69e-04 train 0.986 val 1.552 acc 0.572 [19.1m]
[frozen_early_s2] step  12750 lr 6.58e-04 train 0.975 val 1.556 acc 0.571 [19.8m]
[frozen_early_s2] step  13000 lr 6.46e-04 train 0.971 val 1.572 acc 0.574 [20.4m]
[frozen_early_s2] step  13250 lr 6.35e-04 train 0.974 val 1.595 acc 0.568 [21.1m]
[frozen_early_s2] step  13500 lr 6.23e-04 train 0.991 val 1.593 acc 0.570 [21.8m]
[frozen_early_s2] step  13750 lr 6.11e-04 train 0.995 val 1.584 acc 0.570 [22.5m]
[frozen_early_s2] step  14000 lr 6.00e-04 train 0.965 val 1.599 acc 0.570 [23.1m]
[frozen_early_s2] step  14250 lr 5.88e-04 train 0.988 val 1.581 acc 0.572 [23.8m]
[frozen_early_s2] step  14500 lr 5.76e-04 train 0.960 val 1.610 acc 0.569 [24.5m]
[frozen_early_s2] step  14750 lr 5.64e-04 train 0.986 val 1.591 acc 0.574 [25.1m]
[frozen_early_s2] step  15000 lr 5.52e-04 train 0.934 val 1.586 acc 0.571 [25.8m]
[frozen_early_s2] step  15250 lr 5.41e-04 train 0.981 val 1.628 acc 0.567 [26.4m]
[frozen_early_s2] step  15500 lr 5.29e-04 train 0.986 val 1.614 acc 0.571 [26.8m]
[frozen_early_s2] step  15750 lr 5.17e-04 train 0.955 val 1.616 acc 0.571 [27.2m]
[frozen_early_s2] step  16000 lr 5.05e-04 train 0.971 val 1.645 acc 0.568 [27.6m]
[frozen_early_s2] step  16250 lr 4.93e-04 train 0.923 val 1.617 acc 0.571 [28.0m]
[frozen_early_s2] step  16500 lr 4.82e-04 train 0.931 val 1.615 acc 0.571 [28.3m]
[frozen_early_s2] step  16750 lr 4.70e-04 train 0.950 val 1.653 acc 0.569 [28.7m]
[frozen_early_s2] step  17000 lr 4.58e-04 train 0.895 val 1.661 acc 0.566 [29.1m]
[frozen_early_s2] step  17250 lr 4.47e-04 train 0.900 val 1.686 acc 0.560 [29.5m]
[frozen_early_s2] step  17500 lr 4.35e-04 train 0.881 val 1.652 acc 0.570 [29.8m]
[frozen_early_s2] step  17750 lr 4.24e-04 train 0.926 val 1.715 acc 0.564 [30.2m]
[frozen_early_s2] step  18000 lr 4.13e-04 train 0.851 val 1.670 acc 0.568 [30.6m]
[frozen_early_s2] step  18250 lr 4.02e-04 train 0.871 val 1.678 acc 0.568 [31.0m]
[frozen_early_s2] step  18500 lr 3.90e-04 train 0.889 val 1.690 acc 0.566 [31.3m]
[frozen_early_s2] step  18750 lr 3.79e-04 train 0.888 val 1.670 acc 0.569 [31.7m]
[frozen_early_s2] step  19000 lr 3.69e-04 train 0.848 val 1.678 acc 0.569 [32.1m]
[frozen_early_s2] step  19250 lr 3.58e-04 train 0.883 val 1.693 acc 0.569 [32.5m]
[frozen_early_s2] step  19500 lr 3.47e-04 train 0.884 val 1.706 acc 0.565 [32.8m]
[frozen_early_s2] step  19750 lr 3.37e-04 train 0.820 val 1.695 acc 0.572 [33.2m]
[frozen_early_s2] step  20000 lr 3.26e-04 train 0.885 val 1.696 acc 0.570 [33.6m]
[frozen_early_s2] step  20250 lr 3.16e-04 train 0.883 val 1.731 acc 0.564 [34.0m]
[frozen_early_s2] step  20500 lr 3.06e-04 train 0.871 val 1.730 acc 0.565 [34.3m]
[frozen_early_s2] step  20750 lr 2.96e-04 train 0.861 val 1.708 acc 0.568 [34.7m]
[frozen_early_s2] step  21000 lr 2.87e-04 train 0.865 val 1.703 acc 0.570 [35.1m]
[frozen_early_s2] step  21250 lr 2.77e-04 train 0.850 val 1.727 acc 0.566 [35.5m]
[frozen_early_s2] step  21500 lr 2.68e-04 train 0.830 val 1.722 acc 0.569 [35.9m]
[frozen_early_s2] step  21750 lr 2.59e-04 train 0.846 val 1.730 acc 0.565 [36.3m]
[frozen_early_s2] step  22000 lr 2.50e-04 train 0.861 val 1.728 acc 0.568 [36.6m]
[frozen_early_s2] step  22250 lr 2.41e-04 train 0.865 val 1.755 acc 0.564 [37.0m]
[frozen_early_s2] step  22500 lr 2.33e-04 train 0.804 val 1.769 acc 0.563 [37.4m]
[frozen_early_s2] step  22750 lr 2.24e-04 train 0.834 val 1.763 acc 0.565 [37.8m]
[frozen_early_s2] step  23000 lr 2.16e-04 train 0.833 val 1.759 acc 0.565 [38.2m]
[frozen_early_s2] step  23250 lr 2.09e-04 train 0.837 val 1.764 acc 0.566 [38.6m]
[frozen_early_s2] step  23500 lr 2.01e-04 train 0.801 val 1.749 acc 0.567 [38.9m]
[frozen_early_s2] step  23750 lr 1.94e-04 train 0.852 val 1.767 acc 0.564 [39.3m]
[frozen_early_s2] step  24000 lr 1.86e-04 train 0.834 val 1.759 acc 0.567 [39.7m]
[frozen_early_s2] step  24250 lr 1.80e-04 train 0.835 val 1.763 acc 0.565 [40.1m]
[frozen_early_s2] step  24500 lr 1.73e-04 train 0.801 val 1.767 acc 0.567 [40.4m]
[frozen_early_s2] step  24750 lr 1.67e-04 train 0.808 val 1.779 acc 0.565 [40.8m]
[frozen_early_s2] step  25000 lr 1.61e-04 train 0.817 val 1.777 acc 0.565 [41.2m]
[frozen_early_s2] step  25250 lr 1.55e-04 train 0.814 val 1.786 acc 0.566 [41.4m]
[frozen_early_s2] step  25500 lr 1.49e-04 train 0.816 val 1.788 acc 0.566 [41.5m]
[frozen_early_s2] step  25750 lr 1.44e-04 train 0.813 val 1.772 acc 0.567 [41.7m]
[frozen_early_s2] step  26000 lr 1.39e-04 train 0.837 val 1.782 acc 0.568 [41.9m]
[frozen_early_s2] step  26250 lr 1.34e-04 train 0.805 val 1.787 acc 0.566 [42.1m]
[frozen_early_s2] step  26500 lr 1.30e-04 train 0.801 val 1.781 acc 0.569 [42.3m]
[frozen_early_s2] step  26750 lr 1.26e-04 train 0.786 val 1.799 acc 0.563 [42.4m]
[frozen_early_s2] step  27000 lr 1.22e-04 train 0.789 val 1.794 acc 0.566 [42.6m]
[frozen_early_s2] step  27250 lr 1.19e-04 train 0.824 val 1.807 acc 0.565 [42.8m]
[frozen_early_s2] step  27500 lr 1.15e-04 train 0.796 val 1.796 acc 0.565 [43.0m]
[frozen_early_s2] step  27750 lr 1.13e-04 train 0.783 val 1.801 acc 0.567 [43.1m]
[frozen_early_s2] step  28000 lr 1.10e-04 train 0.811 val 1.817 acc 0.565 [43.3m]
[frozen_early_s2] step  28250 lr 1.08e-04 train 0.804 val 1.808 acc 0.565 [43.5m]
[frozen_early_s2] step  28500 lr 1.06e-04 train 0.798 val 1.815 acc 0.565 [43.7m]
[frozen_early_s2] step  28750 lr 1.04e-04 train 0.792 val 1.813 acc 0.566 [43.8m]
[frozen_early_s2] step  29000 lr 1.02e-04 train 0.779 val 1.800 acc 0.566 [44.0m]
[frozen_early_s2] step  29250 lr 1.01e-04 train 0.802 val 1.787 acc 0.567 [44.2m]
[frozen_early_s2] step  29500 lr 1.01e-04 train 0.777 val 1.808 acc 0.565 [44.4m]
[frozen_early_s2] step  29750 lr 1.00e-04 train 0.780 val 1.822 acc 0.564 [44.6m]
[frozen_early_s2] step  30000 lr 1.00e-04 train 0.784 val 1.823 acc 0.563 [44.7m]
[frozen_early_s2] DONE step=30000 val_acc=0.5629 best=0.5759 matched={'step': 2750, 'val_acc': 0.5528889973958333, 'val_loss': 1.499921315908432}
