[frozen_mid_off] params=8.38M frozen=4.86M (58.0%) blocks=[0, 1, 7, 8, 9, 10, 11] vocab=65
[frozen_mid_off] step      0 lr 0.00e+00 train 4.230 val 4.228 acc 0.026 [0.0m]
[frozen_mid_off] step    250 lr 1.00e-03 train 2.319 val 2.278 acc 0.325 [0.2m]
[frozen_mid_off] step    500 lr 1.00e-03 train 2.003 val 1.992 acc 0.411 [0.3m]
[frozen_mid_off] step    750 lr 9.99e-04 train 1.781 val 1.837 acc 0.455 [0.5m]
[frozen_mid_off] step   1000 lr 9.98e-04 train 1.700 val 1.733 acc 0.487 [0.7m]
[frozen_mid_off] step   1250 lr 9.97e-04 train 1.574 val 1.672 acc 0.502 [0.8m]
[frozen_mid_off] step   1500 lr 9.95e-04 train 1.539 val 1.628 acc 0.518 [1.0m]
[frozen_mid_off] step   1750 lr 9.93e-04 train 1.459 val 1.599 acc 0.523 [1.2m]
[frozen_mid_off] step   2000 lr 9.91e-04 train 1.421 val 1.582 acc 0.528 [1.3m]
[frozen_mid_off] step   2250 lr 9.89e-04 train 1.432 val 1.576 acc 0.532 [1.5m]
[frozen_mid_off] step   2500 lr 9.86e-04 train 1.407 val 1.553 acc 0.539 [1.7m]
[frozen_mid_off] step   2750 lr 9.83e-04 train 1.410 val 1.540 acc 0.543 [1.8m]
[frozen_mid_off] step   3000 lr 9.79e-04 train 1.379 val 1.540 acc 0.546 [2.0m]
[frozen_mid_off] step   3250 lr 9.76e-04 train 1.362 val 1.529 acc 0.549 [2.2m]
[frozen_mid_off] step   3500 lr 9.72e-04 train 1.347 val 1.531 acc 0.551 [2.3m]
[frozen_mid_off] MATCHED reference val acc 0.5502 at step 3500 (acc 0.5507)
[frozen_mid_off] step   3750 lr 9.67e-04 train 1.368 val 1.511 acc 0.553 [2.5m]
[frozen_mid_off] step   4000 lr 9.63e-04 train 1.330 val 1.505 acc 0.556 [2.7m]
[frozen_mid_off] step   4250 lr 9.58e-04 train 1.354 val 1.496 acc 0.558 [2.8m]
[frozen_mid_off] step   4500 lr 9.53e-04 train 1.335 val 1.505 acc 0.558 [3.0m]
[frozen_mid_off] step   4750 lr 9.47e-04 train 1.292 val 1.506 acc 0.554 [3.2m]
[frozen_mid_off] step   5000 lr 9.42e-04 train 1.308 val 1.490 acc 0.560 [3.3m]
[frozen_mid_off] step   5250 lr 9.36e-04 train 1.315 val 1.504 acc 0.560 [3.5m]
[frozen_mid_off] step   5500 lr 9.29e-04 train 1.282 val 1.485 acc 0.562 [3.7m]
[frozen_mid_off] step   5750 lr 9.23e-04 train 1.282 val 1.490 acc 0.564 [3.8m]
[frozen_mid_off] step   6000 lr 9.16e-04 train 1.279 val 1.495 acc 0.562 [4.0m]
[frozen_mid_off] step   6250 lr 9.09e-04 train 1.315 val 1.507 acc 0.562 [4.2m]
[frozen_mid_off] step   6500 lr 9.02e-04 train 1.249 val 1.476 acc 0.566 [4.3m]
[frozen_mid_off] step   6750 lr 8.95e-04 train 1.263 val 1.477 acc 0.567 [4.5m]
[frozen_mid_off] step   7000 lr 8.87e-04 train 1.253 val 1.475 acc 0.567 [4.7m]
[frozen_mid_off] step   7250 lr 8.79e-04 train 1.216 val 1.454 acc 0.571 [4.9m]
[frozen_mid_off] step   7500 lr 8.71e-04 train 1.222 val 1.486 acc 0.567 [5.0m]
[frozen_mid_off] step   7750 lr 8.62e-04 train 1.219 val 1.485 acc 0.568 [5.2m]
[frozen_mid_off] step   8000 lr 8.54e-04 train 1.223 val 1.487 acc 0.565 [5.4m]
[frozen_mid_off] step   8250 lr 8.45e-04 train 1.215 val 1.457 acc 0.571 [5.5m]
[frozen_mid_off] step   8500 lr 8.36e-04 train 1.219 val 1.506 acc 0.565 [5.7m]
[frozen_mid_off] step   8750 lr 8.27e-04 train 1.230 val 1.506 acc 0.565 [5.9m]
[frozen_mid_off] step   9000 lr 8.17e-04 train 1.146 val 1.478 acc 0.570 [6.0m]
[frozen_mid_off] step   9250 lr 8.08e-04 train 1.226 val 1.489 acc 0.570 [6.2m]
[frozen_mid_off] step   9500 lr 7.98e-04 train 1.204 val 1.482 acc 0.569 [6.4m]
[frozen_mid_off] step   9750 lr 7.88e-04 train 1.198 val 1.471 acc 0.572 [6.5m]
[frozen_mid_off] step  10000 lr 7.78e-04 train 1.172 val 1.488 acc 0.570 [6.7m]
[frozen_mid_off] step  10250 lr 7.67e-04 train 1.189 val 1.471 acc 0.574 [6.9m]
[frozen_mid_off] step  10500 lr 7.57e-04 train 1.226 val 1.477 acc 0.571 [7.0m]
[frozen_mid_off] step  10750 lr 7.46e-04 train 1.155 val 1.474 acc 0.573 [7.2m]
[frozen_mid_off] step  11000 lr 7.36e-04 train 1.186 val 1.486 acc 0.572 [7.4m]
[frozen_mid_off] step  11250 lr 7.25e-04 train 1.146 val 1.465 acc 0.574 [7.5m]
[frozen_mid_off] step  11500 lr 7.14e-04 train 1.187 val 1.478 acc 0.571 [7.7m]
[frozen_mid_off] step  11750 lr 7.03e-04 train 1.182 val 1.486 acc 0.572 [7.9m]
[frozen_mid_off] step  12000 lr 6.92e-04 train 1.168 val 1.479 acc 0.571 [8.0m]
[frozen_mid_off] step  12250 lr 6.80e-04 train 1.155 val 1.477 acc 0.574 [8.2m]
[frozen_mid_off] step  12500 lr 6.69e-04 train 1.144 val 1.476 acc 0.574 [8.4m]
[frozen_mid_off] step  12750 lr 6.58e-04 train 1.118 val 1.478 acc 0.574 [8.5m]
[frozen_mid_off] step  13000 lr 6.46e-04 train 1.129 val 1.471 acc 0.579 [8.7m]
[frozen_mid_off] step  13250 lr 6.35e-04 train 1.146 val 1.496 acc 0.572 [8.9m]
[frozen_mid_off] step  13500 lr 6.23e-04 train 1.138 val 1.501 acc 0.573 [9.0m]
[frozen_mid_off] step  13750 lr 6.11e-04 train 1.155 val 1.487 acc 0.575 [9.2m]
[frozen_mid_off] step  14000 lr 6.00e-04 train 1.124 val 1.487 acc 0.576 [9.4m]
[frozen_mid_off] step  14250 lr 5.88e-04 train 1.156 val 1.474 acc 0.576 [9.5m]
[frozen_mid_off] step  14500 lr 5.76e-04 train 1.136 val 1.491 acc 0.574 [9.7m]
[frozen_mid_off] step  14750 lr 5.64e-04 train 1.164 val 1.472 acc 0.578 [9.9m]
[frozen_mid_off] step  15000 lr 5.52e-04 train 1.107 val 1.481 acc 0.574 [10.0m]
[frozen_mid_off] step  15250 lr 5.41e-04 train 1.168 val 1.506 acc 0.572 [10.2m]
[frozen_mid_off] step  15500 lr 5.29e-04 train 1.162 val 1.493 acc 0.576 [10.4m]
[frozen_mid_off] step  15750 lr 5.17e-04 train 1.117 val 1.489 acc 0.578 [10.5m]
[frozen_mid_off] step  16000 lr 5.05e-04 train 1.139 val 1.504 acc 0.573 [10.7m]
[frozen_mid_off] step  16250 lr 4.93e-04 train 1.114 val 1.486 acc 0.576 [10.9m]
[frozen_mid_off] step  16500 lr 4.82e-04 train 1.135 val 1.482 acc 0.578 [11.0m]
[frozen_mid_off] step  16750 lr 4.70e-04 train 1.155 val 1.501 acc 0.575 [11.2m]
[frozen_mid_off] step  17000 lr 4.58e-04 train 1.098 val 1.511 acc 0.573 [11.4m]
[frozen_mid_off] step  17250 lr 4.47e-04 train 1.103 val 1.525 acc 0.571 [11.5m]
[frozen_mid_off] step  17500 lr 4.35e-04 train 1.066 val 1.504 acc 0.576 [11.7m]
[frozen_mid_off] step  17750 lr 4.24e-04 train 1.133 val 1.550 acc 0.569 [11.9m]
[frozen_mid_off] step  18000 lr 4.13e-04 train 1.056 val 1.511 acc 0.577 [12.0m]
[frozen_mid_off] step  18250 lr 4.02e-04 train 1.071 val 1.512 acc 0.574 [12.2m]
[frozen_mid_off] step  18500 lr 3.90e-04 train 1.104 val 1.520 acc 0.575 [12.4m]
[frozen_mid_off] step  18750 lr 3.79e-04 train 1.070 val 1.498 acc 0.577 [12.5m]
[frozen_mid_off] step  19000 lr 3.69e-04 train 1.051 val 1.506 acc 0.577 [12.7m]
[frozen_mid_off] step  19250 lr 3.58e-04 train 1.097 val 1.509 acc 0.579 [12.9m]
[frozen_mid_off] step  19500 lr 3.47e-04 train 1.093 val 1.531 acc 0.572 [13.0m]
[frozen_mid_off] step  19750 lr 3.37e-04 train 1.025 val 1.518 acc 0.578 [13.2m]
[frozen_mid_off] step  20000 lr 3.26e-04 train 1.111 val 1.515 acc 0.577 [13.4m]
[frozen_mid_off] step  20250 lr 3.16e-04 train 1.099 val 1.533 acc 0.573 [13.5m]
[frozen_mid_off] step  20500 lr 3.06e-04 train 1.071 val 1.536 acc 0.574 [13.7m]
[frozen_mid_off] step  20750 lr 2.96e-04 train 1.071 val 1.510 acc 0.577 [13.9m]
[frozen_mid_off] step  21000 lr 2.87e-04 train 1.072 val 1.501 acc 0.579 [14.0m]
[frozen_mid_off] step  21250 lr 2.77e-04 train 1.062 val 1.524 acc 0.576 [14.2m]
[frozen_mid_off] step  21500 lr 2.68e-04 train 1.065 val 1.525 acc 0.576 [14.4m]
[frozen_mid_off] step  21750 lr 2.59e-04 train 1.066 val 1.525 acc 0.575 [14.5m]
[frozen_mid_off] step  22000 lr 2.50e-04 train 1.094 val 1.512 acc 0.577 [14.7m]
[frozen_mid_off] step  22250 lr 2.41e-04 train 1.096 val 1.532 acc 0.572 [14.9m]
[frozen_mid_off] step  22500 lr 2.33e-04 train 1.044 val 1.552 acc 0.573 [15.1m]
[frozen_mid_off] step  22750 lr 2.24e-04 train 1.061 val 1.542 acc 0.575 [15.2m]
[frozen_mid_off] step  23000 lr 2.16e-04 train 1.067 val 1.540 acc 0.575 [15.4m]
[frozen_mid_off] step  23250 lr 2.09e-04 train 1.080 val 1.546 acc 0.573 [15.6m]
[frozen_mid_off] step  23500 lr 2.01e-04 train 1.014 val 1.528 acc 0.578 [15.7m]
[frozen_mid_off] step  23750 lr 1.94e-04 train 1.076 val 1.543 acc 0.573 [15.9m]
[frozen_mid_off] step  24000 lr 1.86e-04 train 1.084 val 1.538 acc 0.576 [16.1m]
[frozen_mid_off] step  24250 lr 1.80e-04 train 1.060 val 1.530 acc 0.575 [16.2m]
[frozen_mid_off] step  24500 lr 1.73e-04 train 1.050 val 1.537 acc 0.575 [16.4m]
[frozen_mid_off] step  24750 lr 1.67e-04 train 1.051 val 1.545 acc 0.575 [16.6m]
[frozen_mid_off] step  25000 lr 1.61e-04 train 1.037 val 1.550 acc 0.576 [16.7m]
[frozen_mid_off] step  25250 lr 1.55e-04 train 1.064 val 1.553 acc 0.577 [16.9m]
[frozen_mid_off] step  25500 lr 1.49e-04 train 1.041 val 1.543 acc 0.576 [17.1m]
[frozen_mid_off] step  25750 lr 1.44e-04 train 1.052 val 1.539 acc 0.577 [17.2m]
[frozen_mid_off] step  26000 lr 1.39e-04 train 1.073 val 1.541 acc 0.578 [17.4m]
[frozen_mid_off] step  26250 lr 1.34e-04 train 1.044 val 1.540 acc 0.577 [17.6m]
[frozen_mid_off] step  26500 lr 1.30e-04 train 1.036 val 1.536 acc 0.580 [17.7m]
[frozen_mid_off] step  26750 lr 1.26e-04 train 1.053 val 1.552 acc 0.574 [17.9m]
[frozen_mid_off] step  27000 lr 1.22e-04 train 1.030 val 1.551 acc 0.576 [18.1m]
[frozen_mid_off] step  27250 lr 1.19e-04 train 1.040 val 1.548 acc 0.578 [18.2m]
[frozen_mid_off] step  27500 lr 1.15e-04 train 1.053 val 1.555 acc 0.577 [18.4m]
[frozen_mid_off] step  27750 lr 1.13e-04 train 1.044 val 1.551 acc 0.576 [18.6m]
[frozen_mid_off] step  28000 lr 1.10e-04 train 1.077 val 1.564 acc 0.575 [18.7m]
[frozen_mid_off] step  28250 lr 1.08e-04 train 1.039 val 1.544 acc 0.577 [18.9m]
[frozen_mid_off] step  28500 lr 1.06e-04 train 1.053 val 1.559 acc 0.575 [19.1m]
[frozen_mid_off] step  28750 lr 1.04e-04 train 1.048 val 1.554 acc 0.575 [19.2m]
[frozen_mid_off] step  29000 lr 1.02e-04 train 1.039 val 1.545 acc 0.578 [19.4m]
[frozen_mid_off] step  29250 lr 1.01e-04 train 1.035 val 1.534 acc 0.579 [19.6m]
[frozen_mid_off] step  29500 lr 1.01e-04 train 1.013 val 1.553 acc 0.576 [19.7m]
[frozen_mid_off] step  29750 lr 1.00e-04 train 1.029 val 1.563 acc 0.575 [19.9m]
[frozen_mid_off] step  30000 lr 1.00e-04 train 1.030 val 1.564 acc 0.574 [20.1m]
[frozen_mid_off] DONE step=30000 val_acc=0.5744 best=0.5803 matched={'step': 3500, 'val_acc': 0.5506510416666667, 'val_loss': 1.5305993974208831}
