[frozen_high] params=8.38M frozen=4.86M (58.0%) blocks=[0, 1, 2, 3, 4, 5, 11] vocab=65
[frozen_high] step      0 lr 0.00e+00 train 4.230 val 4.228 acc 0.026 [0.0m]
[frozen_high] step    250 lr 1.00e-03 train 2.329 val 2.286 acc 0.325 [0.2m]
[frozen_high] step    500 lr 1.00e-03 train 2.002 val 1.996 acc 0.409 [0.4m]
[frozen_high] step    750 lr 9.99e-04 train 1.790 val 1.841 acc 0.454 [0.5m]
[frozen_high] step   1000 lr 9.98e-04 train 1.704 val 1.733 acc 0.488 [0.7m]
[frozen_high] step   1250 lr 9.97e-04 train 1.580 val 1.684 acc 0.501 [0.8m]
[frozen_high] step   1500 lr 9.95e-04 train 1.539 val 1.643 acc 0.514 [1.0m]
[frozen_high] step   1750 lr 9.93e-04 train 1.454 val 1.615 acc 0.521 [1.2m]
[frozen_high] step   2000 lr 9.91e-04 train 1.421 val 1.592 acc 0.533 [1.3m]
[frozen_high] step   2250 lr 9.89e-04 train 1.440 val 1.592 acc 0.530 [1.5m]
[frozen_high] step   2500 lr 9.86e-04 train 1.413 val 1.562 acc 0.538 [1.7m]
[frozen_high] step   2750 lr 9.83e-04 train 1.402 val 1.549 acc 0.543 [1.8m]
[frozen_high] step   3000 lr 9.79e-04 train 1.372 val 1.554 acc 0.544 [2.0m]
[frozen_high] step   3250 lr 9.76e-04 train 1.369 val 1.539 acc 0.548 [2.2m]
[frozen_high] step   3500 lr 9.72e-04 train 1.355 val 1.537 acc 0.549 [2.4m]
[frozen_high] step   3750 lr 9.67e-04 train 1.374 val 1.517 acc 0.552 [2.5m]
[frozen_high] MATCHED reference val acc 0.5502 at step 3750 (acc 0.5523)
[frozen_high] step   4000 lr 9.63e-04 train 1.332 val 1.520 acc 0.554 [2.7m]
[frozen_high] step   4250 lr 9.58e-04 train 1.345 val 1.506 acc 0.559 [2.9m]
[frozen_high] step   4500 lr 9.53e-04 train 1.360 val 1.514 acc 0.556 [3.0m]
[frozen_high] step   4750 lr 9.47e-04 train 1.296 val 1.515 acc 0.555 [3.2m]
[frozen_high] step   5000 lr 9.42e-04 train 1.290 val 1.496 acc 0.559 [3.4m]
[frozen_high] step   5250 lr 9.36e-04 train 1.306 val 1.516 acc 0.558 [3.5m]
[frozen_high] step   5500 lr 9.29e-04 train 1.270 val 1.495 acc 0.562 [3.7m]
[frozen_high] step   5750 lr 9.23e-04 train 1.289 val 1.503 acc 0.560 [3.9m]
[frozen_high] step   6000 lr 9.16e-04 train 1.284 val 1.507 acc 0.560 [4.0m]
[frozen_high] step   6250 lr 9.09e-04 train 1.319 val 1.519 acc 0.560 [4.2m]
[frozen_high] step   6500 lr 9.02e-04 train 1.248 val 1.495 acc 0.563 [4.4m]
[frozen_high] step   6750 lr 8.95e-04 train 1.282 val 1.494 acc 0.565 [4.5m]
[frozen_high] step   7000 lr 8.87e-04 train 1.252 val 1.485 acc 0.567 [4.7m]
[frozen_high] step   7250 lr 8.79e-04 train 1.227 val 1.463 acc 0.573 [4.9m]
[frozen_high] step   7500 lr 8.71e-04 train 1.223 val 1.492 acc 0.564 [5.0m]
[frozen_high] step   7750 lr 8.62e-04 train 1.229 val 1.502 acc 0.566 [5.2m]
[frozen_high] step   8000 lr 8.54e-04 train 1.221 val 1.501 acc 0.565 [5.4m]
[frozen_high] step   8250 lr 8.45e-04 train 1.216 val 1.474 acc 0.570 [5.5m]
[frozen_high] step   8500 lr 8.36e-04 train 1.231 val 1.524 acc 0.561 [5.7m]
[frozen_high] step   8750 lr 8.27e-04 train 1.238 val 1.527 acc 0.564 [5.9m]
[frozen_high] step   9000 lr 8.17e-04 train 1.166 val 1.487 acc 0.571 [6.0m]
[frozen_high] step   9250 lr 8.08e-04 train 1.240 val 1.503 acc 0.569 [6.2m]
[frozen_high] step   9500 lr 7.98e-04 train 1.213 val 1.500 acc 0.566 [6.4m]
[frozen_high] step   9750 lr 7.88e-04 train 1.224 val 1.491 acc 0.572 [6.6m]
[frozen_high] step  10000 lr 7.78e-04 train 1.178 val 1.509 acc 0.568 [6.7m]
[frozen_high] step  10250 lr 7.67e-04 train 1.208 val 1.490 acc 0.572 [6.9m]
[frozen_high] step  10500 lr 7.57e-04 train 1.241 val 1.503 acc 0.569 [7.1m]
[frozen_high] step  10750 lr 7.46e-04 train 1.159 val 1.493 acc 0.571 [7.2m]
[frozen_high] step  11000 lr 7.36e-04 train 1.190 val 1.500 acc 0.572 [7.4m]
[frozen_high] step  11250 lr 7.25e-04 train 1.132 val 1.485 acc 0.574 [7.6m]
[frozen_high] step  11500 lr 7.14e-04 train 1.197 val 1.503 acc 0.569 [7.7m]
[frozen_high] step  11750 lr 7.03e-04 train 1.189 val 1.513 acc 0.569 [7.9m]
[frozen_high] step  12000 lr 6.92e-04 train 1.156 val 1.502 acc 0.568 [8.1m]
[frozen_high] step  12250 lr 6.80e-04 train 1.166 val 1.496 acc 0.572 [8.2m]
[frozen_high] step  12500 lr 6.69e-04 train 1.163 val 1.497 acc 0.574 [8.4m]
[frozen_high] step  12750 lr 6.58e-04 train 1.132 val 1.497 acc 0.572 [8.6m]
[frozen_high] step  13000 lr 6.46e-04 train 1.128 val 1.491 acc 0.575 [8.7m]
[frozen_high] step  13250 lr 6.35e-04 train 1.137 val 1.522 acc 0.571 [8.9m]
[frozen_high] step  13500 lr 6.23e-04 train 1.154 val 1.516 acc 0.570 [9.1m]
[frozen_high] step  13750 lr 6.11e-04 train 1.167 val 1.506 acc 0.573 [9.2m]
[frozen_high] step  14000 lr 6.00e-04 train 1.126 val 1.511 acc 0.574 [9.4m]
[frozen_high] step  14250 lr 5.88e-04 train 1.172 val 1.493 acc 0.576 [9.6m]
[frozen_high] step  14500 lr 5.76e-04 train 1.140 val 1.510 acc 0.571 [9.7m]
[frozen_high] step  14750 lr 5.64e-04 train 1.178 val 1.494 acc 0.575 [9.9m]
[frozen_high] step  15000 lr 5.52e-04 train 1.118 val 1.497 acc 0.572 [10.1m]
[frozen_high] step  15250 lr 5.41e-04 train 1.157 val 1.519 acc 0.572 [10.2m]
[frozen_high] step  15500 lr 5.29e-04 train 1.183 val 1.509 acc 0.576 [10.4m]
[frozen_high] step  15750 lr 5.17e-04 train 1.127 val 1.500 acc 0.576 [10.6m]
[frozen_high] step  16000 lr 5.05e-04 train 1.154 val 1.521 acc 0.571 [10.8m]
[frozen_high] step  16250 lr 4.93e-04 train 1.121 val 1.507 acc 0.576 [10.9m]
[frozen_high] step  16500 lr 4.82e-04 train 1.139 val 1.503 acc 0.576 [11.1m]
[frozen_high] step  16750 lr 4.70e-04 train 1.157 val 1.522 acc 0.575 [11.3m]
[frozen_high] step  17000 lr 4.58e-04 train 1.116 val 1.537 acc 0.572 [11.4m]
[frozen_high] step  17250 lr 4.47e-04 train 1.103 val 1.549 acc 0.568 [11.6m]
[frozen_high] step  17500 lr 4.35e-04 train 1.065 val 1.522 acc 0.576 [11.8m]
[frozen_high] step  17750 lr 4.24e-04 train 1.140 val 1.573 acc 0.568 [11.9m]
[frozen_high] step  18000 lr 4.13e-04 train 1.068 val 1.533 acc 0.573 [12.1m]
[frozen_high] step  18250 lr 4.02e-04 train 1.079 val 1.531 acc 0.574 [12.3m]
[frozen_high] step  18500 lr 3.90e-04 train 1.124 val 1.543 acc 0.572 [12.4m]
[frozen_high] step  18750 lr 3.79e-04 train 1.084 val 1.523 acc 0.575 [12.6m]
[frozen_high] step  19000 lr 3.69e-04 train 1.062 val 1.527 acc 0.575 [12.8m]
[frozen_high] step  19250 lr 3.58e-04 train 1.106 val 1.537 acc 0.576 [13.0m]
[frozen_high] step  19500 lr 3.47e-04 train 1.095 val 1.554 acc 0.571 [13.1m]
[frozen_high] step  19750 lr 3.37e-04 train 1.027 val 1.541 acc 0.576 [13.3m]
[frozen_high] step  20000 lr 3.26e-04 train 1.117 val 1.543 acc 0.574 [13.5m]
[frozen_high] step  20250 lr 3.16e-04 train 1.112 val 1.565 acc 0.570 [13.7m]
[frozen_high] step  20500 lr 3.06e-04 train 1.104 val 1.562 acc 0.571 [13.9m]
[frozen_high] step  20750 lr 2.96e-04 train 1.084 val 1.537 acc 0.574 [14.1m]
[frozen_high] step  21000 lr 2.87e-04 train 1.081 val 1.536 acc 0.576 [14.2m]
[frozen_high] step  21250 lr 2.77e-04 train 1.068 val 1.552 acc 0.573 [14.4m]
[frozen_high] step  21500 lr 2.68e-04 train 1.061 val 1.548 acc 0.573 [14.6m]
[frozen_high] step  21750 lr 2.59e-04 train 1.069 val 1.548 acc 0.574 [14.7m]
[frozen_high] step  22000 lr 2.50e-04 train 1.088 val 1.547 acc 0.575 [14.9m]
[frozen_high] step  22250 lr 2.41e-04 train 1.106 val 1.562 acc 0.571 [15.1m]
[frozen_high] step  22500 lr 2.33e-04 train 1.055 val 1.580 acc 0.571 [15.2m]
[frozen_high] step  22750 lr 2.24e-04 train 1.072 val 1.570 acc 0.573 [15.4m]
[frozen_high] step  23000 lr 2.16e-04 train 1.073 val 1.570 acc 0.572 [15.6m]
[frozen_high] step  23250 lr 2.09e-04 train 1.092 val 1.567 acc 0.573 [15.7m]
[frozen_high] step  23500 lr 2.01e-04 train 1.027 val 1.552 acc 0.576 [15.9m]
[frozen_high] step  23750 lr 1.94e-04 train 1.087 val 1.569 acc 0.571 [16.1m]
[frozen_high] step  24000 lr 1.86e-04 train 1.086 val 1.565 acc 0.575 [16.3m]
[frozen_high] step  24250 lr 1.80e-04 train 1.078 val 1.553 acc 0.572 [16.4m]
[frozen_high] step  24500 lr 1.73e-04 train 1.057 val 1.565 acc 0.572 [16.6m]
[frozen_high] step  24750 lr 1.67e-04 train 1.062 val 1.573 acc 0.573 [16.8m]
[frozen_high] step  25000 lr 1.61e-04 train 1.047 val 1.561 acc 0.575 [16.9m]
[frozen_high] step  25250 lr 1.55e-04 train 1.082 val 1.577 acc 0.573 [17.1m]
[frozen_high] step  25500 lr 1.49e-04 train 1.032 val 1.560 acc 0.576 [17.3m]
[frozen_high] step  25750 lr 1.44e-04 train 1.047 val 1.562 acc 0.576 [17.4m]
[frozen_high] step  26000 lr 1.39e-04 train 1.096 val 1.565 acc 0.576 [17.6m]
[frozen_high] step  26250 lr 1.34e-04 train 1.058 val 1.558 acc 0.575 [17.8m]
