[frozen_deep_s2] params=8.38M frozen=4.86M (58.0%) blocks=[1, 2, 3, 4, 5, 6, 7] vocab=65
[frozen_deep_s2] step      0 lr 0.00e+00 train 4.253 val 4.268 acc 0.010 [0.0m]
[frozen_deep_s2] step    250 lr 1.00e-03 train 2.318 val 2.294 acc 0.325 [0.2m]
[frozen_deep_s2] step    500 lr 1.00e-03 train 2.002 val 2.013 acc 0.408 [0.4m]
[frozen_deep_s2] step    750 lr 9.99e-04 train 1.782 val 1.851 acc 0.453 [0.5m]
[frozen_deep_s2] step   1000 lr 9.98e-04 train 1.702 val 1.724 acc 0.486 [0.7m]
[frozen_deep_s2] step   1250 lr 9.97e-04 train 1.553 val 1.668 acc 0.499 [0.8m]
[frozen_deep_s2] step   1500 lr 9.95e-04 train 1.515 val 1.618 acc 0.518 [1.0m]
[frozen_deep_s2] step   1750 lr 9.93e-04 train 1.425 val 1.581 acc 0.529 [1.2m]
[frozen_deep_s2] step   2000 lr 9.91e-04 train 1.392 val 1.565 acc 0.537 [1.4m]
[frozen_deep_s2] step   2250 lr 9.89e-04 train 1.398 val 1.555 acc 0.539 [1.5m]
[frozen_deep_s2] step   2500 lr 9.86e-04 train 1.371 val 1.527 acc 0.545 [1.7m]
[frozen_deep_s2] step   2750 lr 9.83e-04 train 1.378 val 1.512 acc 0.549 [1.9m]
[frozen_deep_s2] step   3000 lr 9.79e-04 train 1.338 val 1.510 acc 0.550 [2.0m]
[frozen_deep_s2] MATCHED reference val acc 0.5502 at step 3000 (acc 0.5503)
[frozen_deep_s2] step   3250 lr 9.76e-04 train 1.317 val 1.500 acc 0.556 [2.2m]
[frozen_deep_s2] step   3500 lr 9.72e-04 train 1.327 val 1.508 acc 0.554 [2.4m]
[frozen_deep_s2] step   3750 lr 9.67e-04 train 1.322 val 1.484 acc 0.557 [2.5m]
[frozen_deep_s2] step   4000 lr 9.63e-04 train 1.297 val 1.486 acc 0.560 [2.7m]
[frozen_deep_s2] step   4250 lr 9.58e-04 train 1.304 val 1.474 acc 0.563 [2.9m]
[frozen_deep_s2] step   4500 lr 9.53e-04 train 1.315 val 1.489 acc 0.562 [3.0m]
[frozen_deep_s2] step   4750 lr 9.47e-04 train 1.257 val 1.495 acc 0.559 [3.2m]
[frozen_deep_s2] step   5000 lr 9.42e-04 train 1.266 val 1.474 acc 0.563 [3.4m]
[frozen_deep_s2] step   5250 lr 9.36e-04 train 1.272 val 1.494 acc 0.563 [3.5m]
[frozen_deep_s2] step   5500 lr 9.29e-04 train 1.230 val 1.467 acc 0.564 [3.7m]
[frozen_deep_s2] step   5750 lr 9.23e-04 train 1.240 val 1.475 acc 0.565 [3.9m]
[frozen_deep_s2] step   6000 lr 9.16e-04 train 1.239 val 1.477 acc 0.565 [4.0m]
[frozen_deep_s2] step   6250 lr 9.09e-04 train 1.269 val 1.502 acc 0.566 [4.2m]
[frozen_deep_s2] step   6500 lr 9.02e-04 train 1.208 val 1.465 acc 0.569 [4.4m]
[frozen_deep_s2] step   6750 lr 8.95e-04 train 1.226 val 1.461 acc 0.570 [4.5m]
[frozen_deep_s2] step   7000 lr 8.87e-04 train 1.214 val 1.464 acc 0.572 [4.7m]
[frozen_deep_s2] step   7250 lr 8.79e-04 train 1.178 val 1.441 acc 0.578 [4.9m]
[frozen_deep_s2] step   7500 lr 8.71e-04 train 1.183 val 1.474 acc 0.572 [5.0m]
[frozen_deep_s2] step   7750 lr 8.62e-04 train 1.179 val 1.485 acc 0.571 [5.2m]
[frozen_deep_s2] step   8000 lr 8.54e-04 train 1.180 val 1.479 acc 0.572 [5.4m]
[frozen_deep_s2] step   8250 lr 8.45e-04 train 1.162 val 1.450 acc 0.575 [5.5m]
[frozen_deep_s2] step   8500 lr 8.36e-04 train 1.172 val 1.502 acc 0.568 [5.8m]
[frozen_deep_s2] step   8750 lr 8.27e-04 train 1.192 val 1.500 acc 0.568 [6.2m]
[frozen_deep_s2] step   9000 lr 8.17e-04 train 1.113 val 1.479 acc 0.573 [6.6m]
[frozen_deep_s2] step   9250 lr 8.08e-04 train 1.190 val 1.476 acc 0.575 [6.9m]
[frozen_deep_s2] step   9500 lr 7.98e-04 train 1.152 val 1.482 acc 0.573 [7.1m]
[frozen_deep_s2] step   9750 lr 7.88e-04 train 1.163 val 1.474 acc 0.575 [7.3m]
[frozen_deep_s2] step  10000 lr 7.78e-04 train 1.129 val 1.493 acc 0.575 [7.5m]
[frozen_deep_s2] step  10250 lr 7.67e-04 train 1.163 val 1.482 acc 0.575 [7.6m]
[frozen_deep_s2] step  10500 lr 7.57e-04 train 1.187 val 1.489 acc 0.572 [7.8m]
[frozen_deep_s2] step  10750 lr 7.46e-04 train 1.118 val 1.479 acc 0.576 [8.0m]
[frozen_deep_s2] step  11000 lr 7.36e-04 train 1.147 val 1.497 acc 0.574 [8.1m]
[frozen_deep_s2] step  11250 lr 7.25e-04 train 1.085 val 1.479 acc 0.577 [8.3m]
[frozen_deep_s2] step  11500 lr 7.14e-04 train 1.135 val 1.491 acc 0.576 [8.5m]
[frozen_deep_s2] step  11750 lr 7.03e-04 train 1.148 val 1.500 acc 0.575 [8.6m]
[frozen_deep_s2] step  12000 lr 6.92e-04 train 1.118 val 1.493 acc 0.573 [8.8m]
[frozen_deep_s2] step  12250 lr 6.80e-04 train 1.115 val 1.491 acc 0.577 [9.0m]
[frozen_deep_s2] step  12500 lr 6.69e-04 train 1.094 val 1.485 acc 0.576 [9.1m]
[frozen_deep_s2] step  12750 lr 6.58e-04 train 1.090 val 1.493 acc 0.575 [9.3m]
[frozen_deep_s2] step  13000 lr 6.46e-04 train 1.083 val 1.490 acc 0.578 [9.5m]
[frozen_deep_s2] step  13250 lr 6.35e-04 train 1.090 val 1.514 acc 0.573 [9.6m]
[frozen_deep_s2] step  13500 lr 6.23e-04 train 1.103 val 1.512 acc 0.575 [9.8m]
[frozen_deep_s2] step  13750 lr 6.11e-04 train 1.114 val 1.495 acc 0.575 [10.0m]
[frozen_deep_s2] step  14000 lr 6.00e-04 train 1.081 val 1.508 acc 0.576 [10.2m]
[frozen_deep_s2] step  14250 lr 5.88e-04 train 1.116 val 1.486 acc 0.577 [10.3m]
[frozen_deep_s2] step  14500 lr 5.76e-04 train 1.084 val 1.515 acc 0.573 [10.5m]
[frozen_deep_s2] step  14750 lr 5.64e-04 train 1.105 val 1.489 acc 0.579 [10.7m]
[frozen_deep_s2] step  15000 lr 5.52e-04 train 1.049 val 1.492 acc 0.575 [10.8m]
[frozen_deep_s2] step  15250 lr 5.41e-04 train 1.108 val 1.523 acc 0.573 [11.0m]
[frozen_deep_s2] step  15500 lr 5.29e-04 train 1.126 val 1.507 acc 0.576 [11.2m]
[frozen_deep_s2] step  15750 lr 5.17e-04 train 1.094 val 1.504 acc 0.578 [11.3m]
[frozen_deep_s2] step  16000 lr 5.05e-04 train 1.098 val 1.525 acc 0.575 [11.5m]
[frozen_deep_s2] step  16250 lr 4.93e-04 train 1.051 val 1.504 acc 0.577 [11.7m]
[frozen_deep_s2] step  16500 lr 4.82e-04 train 1.064 val 1.497 acc 0.580 [11.8m]
[frozen_deep_s2] step  16750 lr 4.70e-04 train 1.100 val 1.515 acc 0.576 [12.0m]
[frozen_deep_s2] step  17000 lr 4.58e-04 train 1.057 val 1.529 acc 0.575 [12.2m]
[frozen_deep_s2] step  17250 lr 4.47e-04 train 1.020 val 1.556 acc 0.571 [12.3m]
[frozen_deep_s2] step  17500 lr 4.35e-04 train 1.013 val 1.525 acc 0.576 [12.5m]
[frozen_deep_s2] step  17750 lr 4.24e-04 train 1.089 val 1.573 acc 0.572 [12.7m]
[frozen_deep_s2] step  18000 lr 4.13e-04 train 0.992 val 1.536 acc 0.576 [12.8m]
[frozen_deep_s2] step  18250 lr 4.02e-04 train 1.016 val 1.537 acc 0.576 [13.0m]
[frozen_deep_s2] step  18500 lr 3.90e-04 train 1.049 val 1.545 acc 0.575 [13.2m]
[frozen_deep_s2] step  18750 lr 3.79e-04 train 1.020 val 1.527 acc 0.577 [13.3m]
[frozen_deep_s2] step  19000 lr 3.69e-04 train 1.004 val 1.536 acc 0.578 [13.5m]
[frozen_deep_s2] step  19250 lr 3.58e-04 train 1.040 val 1.543 acc 0.579 [13.7m]
[frozen_deep_s2] step  19500 lr 3.47e-04 train 1.046 val 1.559 acc 0.574 [13.8m]
[frozen_deep_s2] step  19750 lr 3.37e-04 train 0.964 val 1.549 acc 0.578 [14.0m]
[frozen_deep_s2] step  20000 lr 3.26e-04 train 1.055 val 1.542 acc 0.577 [14.2m]
[frozen_deep_s2] step  20250 lr 3.16e-04 train 1.046 val 1.569 acc 0.572 [14.3m]
[frozen_deep_s2] step  20500 lr 3.06e-04 train 1.023 val 1.576 acc 0.575 [14.5m]
[frozen_deep_s2] step  20750 lr 2.96e-04 train 1.024 val 1.539 acc 0.576 [14.7m]
[frozen_deep_s2] step  21000 lr 2.87e-04 train 1.034 val 1.535 acc 0.577 [14.8m]
[frozen_deep_s2] step  21250 lr 2.77e-04 train 1.001 val 1.557 acc 0.575 [15.0m]
[frozen_deep_s2] step  21500 lr 2.68e-04 train 1.010 val 1.554 acc 0.577 [15.2m]
[frozen_deep_s2] step  21750 lr 2.59e-04 train 1.022 val 1.555 acc 0.574 [15.3m]
[frozen_deep_s2] step  22000 lr 2.50e-04 train 1.023 val 1.547 acc 0.579 [15.5m]
[frozen_deep_s2] step  22250 lr 2.41e-04 train 1.030 val 1.571 acc 0.573 [15.7m]
[frozen_deep_s2] step  22500 lr 2.33e-04 train 0.994 val 1.580 acc 0.574 [15.8m]
[frozen_deep_s2] step  22750 lr 2.24e-04 train 0.999 val 1.576 acc 0.576 [16.0m]
[frozen_deep_s2] step  23000 lr 2.16e-04 train 1.015 val 1.573 acc 0.574 [16.2m]
[frozen_deep_s2] step  23250 lr 2.09e-04 train 1.017 val 1.578 acc 0.574 [16.4m]
[frozen_deep_s2] step  23500 lr 2.01e-04 train 0.966 val 1.560 acc 0.578 [16.5m]
[frozen_deep_s2] step  23750 lr 1.94e-04 train 1.010 val 1.580 acc 0.575 [16.7m]
[frozen_deep_s2] step  24000 lr 1.86e-04 train 1.022 val 1.571 acc 0.576 [16.9m]
[frozen_deep_s2] step  24250 lr 1.80e-04 train 1.000 val 1.568 acc 0.576 [17.0m]
[frozen_deep_s2] step  24500 lr 1.73e-04 train 0.981 val 1.575 acc 0.575 [17.2m]
[frozen_deep_s2] step  24750 lr 1.67e-04 train 1.004 val 1.581 acc 0.575 [17.4m]
[frozen_deep_s2] step  25000 lr 1.61e-04 train 0.988 val 1.579 acc 0.575 [17.5m]
[frozen_deep_s2] step  25250 lr 1.55e-04 train 1.007 val 1.593 acc 0.575 [17.7m]
[frozen_deep_s2] step  25500 lr 1.49e-04 train 0.987 val 1.572 acc 0.575 [17.9m]
[frozen_deep_s2] step  25750 lr 1.44e-04 train 0.993 val 1.578 acc 0.579 [18.0m]
[frozen_deep_s2] step  26000 lr 1.39e-04 train 1.015 val 1.570 acc 0.578 [18.2m]
[frozen_deep_s2] step  26250 lr 1.34e-04 train 1.000 val 1.575 acc 0.576 [18.4m]
[frozen_deep_s2] step  26500 lr 1.30e-04 train 0.981 val 1.571 acc 0.578 [18.5m]
[frozen_deep_s2] step  26750 lr 1.26e-04 train 1.001 val 1.591 acc 0.573 [18.7m]
[frozen_deep_s2] step  27000 lr 1.22e-04 train 0.962 val 1.589 acc 0.578 [18.9m]
[frozen_deep_s2] step  27250 lr 1.19e-04 train 0.977 val 1.587 acc 0.577 [19.0m]
[frozen_deep_s2] step  27500 lr 1.15e-04 train 1.002 val 1.586 acc 0.578 [19.2m]
[frozen_deep_s2] step  27750 lr 1.13e-04 train 0.970 val 1.587 acc 0.577 [19.4m]
[frozen_deep_s2] step  28000 lr 1.10e-04 train 1.005 val 1.596 acc 0.576 [19.5m]
[frozen_deep_s2] step  28250 lr 1.08e-04 train 0.999 val 1.590 acc 0.574 [19.7m]
[frozen_deep_s2] step  28500 lr 1.06e-04 train 0.994 val 1.589 acc 0.576 [19.9m]
[frozen_deep_s2] step  28750 lr 1.04e-04 train 0.976 val 1.589 acc 0.576 [20.0m]
[frozen_deep_s2] step  29000 lr 1.02e-04 train 0.988 val 1.580 acc 0.578 [20.2m]
[frozen_deep_s2] step  29250 lr 1.01e-04 train 0.972 val 1.566 acc 0.579 [20.4m]
[frozen_deep_s2] step  29500 lr 1.01e-04 train 0.952 val 1.584 acc 0.577 [20.5m]
[frozen_deep_s2] step  29750 lr 1.00e-04 train 0.971 val 1.602 acc 0.575 [20.7m]
[frozen_deep_s2] step  30000 lr 1.00e-04 train 0.961 val 1.602 acc 0.573 [20.9m]
[frozen_deep_s2] DONE step=30000 val_acc=0.5730 best=0.5800 matched={'step': 3000, 'val_acc': 0.5503499348958333, 'val_loss': 1.5096042990684508}
