[frozen_mid_low] params=8.38M frozen=4.86M (58.0%) blocks=[0, 6, 7, 8, 9, 10, 11] vocab=65
[frozen_mid_low] step      0 lr 0.00e+00 train 4.230 val 4.228 acc 0.026 [0.0m]
[frozen_mid_low] step    250 lr 1.00e-03 train 2.309 val 2.266 acc 0.329 [0.2m]
[frozen_mid_low] step    500 lr 1.00e-03 train 2.005 val 2.013 acc 0.404 [0.4m]
[frozen_mid_low] step    750 lr 9.99e-04 train 1.789 val 1.842 acc 0.451 [0.5m]
[frozen_mid_low] step   1000 lr 9.98e-04 train 1.708 val 1.737 acc 0.485 [0.7m]
[frozen_mid_low] step   1250 lr 9.97e-04 train 1.568 val 1.687 acc 0.495 [0.8m]
[frozen_mid_low] step   1500 lr 9.95e-04 train 1.549 val 1.647 acc 0.511 [1.0m]
[frozen_mid_low] step   1750 lr 9.93e-04 train 1.450 val 1.604 acc 0.522 [1.2m]
[frozen_mid_low] step   2000 lr 9.91e-04 train 1.423 val 1.584 acc 0.529 [1.3m]
[frozen_mid_low] step   2250 lr 9.89e-04 train 1.434 val 1.578 acc 0.531 [1.5m]
[frozen_mid_low] step   2500 lr 9.86e-04 train 1.412 val 1.554 acc 0.538 [1.7m]
[frozen_mid_low] step   2750 lr 9.83e-04 train 1.416 val 1.531 acc 0.542 [1.8m]
[frozen_mid_low] step   3000 lr 9.79e-04 train 1.368 val 1.532 acc 0.545 [2.0m]
[frozen_mid_low] step   3250 lr 9.76e-04 train 1.359 val 1.528 acc 0.549 [2.2m]
[frozen_mid_low] step   3500 lr 9.72e-04 train 1.355 val 1.525 acc 0.550 [2.3m]
[frozen_mid_low] MATCHED reference val acc 0.5502 at step 3500 (acc 0.5503)
[frozen_mid_low] step   3750 lr 9.67e-04 train 1.359 val 1.509 acc 0.552 [2.5m]
[frozen_mid_low] step   4000 lr 9.63e-04 train 1.328 val 1.508 acc 0.554 [2.7m]
[frozen_mid_low] step   4250 lr 9.58e-04 train 1.344 val 1.495 acc 0.558 [2.9m]
[frozen_mid_low] step   4500 lr 9.53e-04 train 1.343 val 1.507 acc 0.557 [3.0m]
[frozen_mid_low] step   4750 lr 9.47e-04 train 1.301 val 1.511 acc 0.554 [3.2m]
[frozen_mid_low] step   5000 lr 9.42e-04 train 1.310 val 1.492 acc 0.559 [3.4m]
[frozen_mid_low] step   5250 lr 9.36e-04 train 1.307 val 1.511 acc 0.559 [3.5m]
[frozen_mid_low] step   5500 lr 9.29e-04 train 1.272 val 1.488 acc 0.562 [3.7m]
[frozen_mid_low] step   5750 lr 9.23e-04 train 1.285 val 1.493 acc 0.561 [3.9m]
[frozen_mid_low] step   6000 lr 9.16e-04 train 1.283 val 1.500 acc 0.560 [4.0m]
[frozen_mid_low] step   6250 lr 9.09e-04 train 1.307 val 1.512 acc 0.562 [4.2m]
[frozen_mid_low] step   6500 lr 9.02e-04 train 1.249 val 1.479 acc 0.565 [4.4m]
[frozen_mid_low] step   6750 lr 8.95e-04 train 1.271 val 1.481 acc 0.565 [4.5m]
[frozen_mid_low] step   7000 lr 8.87e-04 train 1.238 val 1.479 acc 0.566 [4.7m]
[frozen_mid_low] step   7250 lr 8.79e-04 train 1.208 val 1.453 acc 0.573 [4.9m]
[frozen_mid_low] step   7500 lr 8.71e-04 train 1.224 val 1.488 acc 0.566 [5.0m]
[frozen_mid_low] step   7750 lr 8.62e-04 train 1.222 val 1.490 acc 0.569 [5.2m]
[frozen_mid_low] step   8000 lr 8.54e-04 train 1.224 val 1.501 acc 0.564 [5.4m]
[frozen_mid_low] step   8250 lr 8.45e-04 train 1.203 val 1.466 acc 0.570 [5.5m]
[frozen_mid_low] step   8500 lr 8.36e-04 train 1.227 val 1.504 acc 0.563 [5.7m]
[frozen_mid_low] step   8750 lr 8.27e-04 train 1.234 val 1.507 acc 0.567 [5.9m]
[frozen_mid_low] step   9000 lr 8.17e-04 train 1.159 val 1.480 acc 0.573 [6.0m]
[frozen_mid_low] step   9250 lr 8.08e-04 train 1.227 val 1.488 acc 0.572 [6.2m]
[frozen_mid_low] step   9500 lr 7.98e-04 train 1.199 val 1.485 acc 0.570 [6.4m]
[frozen_mid_low] step   9750 lr 7.88e-04 train 1.201 val 1.483 acc 0.572 [6.5m]
[frozen_mid_low] step  10000 lr 7.78e-04 train 1.163 val 1.489 acc 0.571 [6.7m]
[frozen_mid_low] step  10250 lr 7.67e-04 train 1.199 val 1.485 acc 0.572 [6.9m]
[frozen_mid_low] step  10500 lr 7.57e-04 train 1.222 val 1.487 acc 0.572 [7.0m]
[frozen_mid_low] step  10750 lr 7.46e-04 train 1.156 val 1.480 acc 0.573 [7.2m]
[frozen_mid_low] step  11000 lr 7.36e-04 train 1.184 val 1.496 acc 0.571 [7.4m]
[frozen_mid_low] step  11250 lr 7.25e-04 train 1.140 val 1.473 acc 0.576 [7.5m]
[frozen_mid_low] step  11500 lr 7.14e-04 train 1.184 val 1.487 acc 0.571 [7.7m]
[frozen_mid_low] step  11750 lr 7.03e-04 train 1.192 val 1.487 acc 0.573 [7.9m]
[frozen_mid_low] step  12000 lr 6.92e-04 train 1.161 val 1.486 acc 0.571 [8.1m]
[frozen_mid_low] step  12250 lr 6.80e-04 train 1.153 val 1.477 acc 0.578 [8.2m]
[frozen_mid_low] step  12500 lr 6.69e-04 train 1.144 val 1.474 acc 0.576 [8.4m]
[frozen_mid_low] step  12750 lr 6.58e-04 train 1.123 val 1.483 acc 0.574 [8.6m]
[frozen_mid_low] step  13000 lr 6.46e-04 train 1.128 val 1.478 acc 0.579 [8.7m]
[frozen_mid_low] step  13250 lr 6.35e-04 train 1.143 val 1.497 acc 0.572 [8.9m]
[frozen_mid_low] step  13500 lr 6.23e-04 train 1.133 val 1.496 acc 0.572 [9.1m]
[frozen_mid_low] step  13750 lr 6.11e-04 train 1.163 val 1.486 acc 0.575 [9.2m]
[frozen_mid_low] step  14000 lr 6.00e-04 train 1.122 val 1.489 acc 0.575 [9.4m]
[frozen_mid_low] step  14250 lr 5.88e-04 train 1.160 val 1.473 acc 0.577 [9.6m]
[frozen_mid_low] step  14500 lr 5.76e-04 train 1.128 val 1.497 acc 0.573 [9.7m]
[frozen_mid_low] step  14750 lr 5.64e-04 train 1.151 val 1.474 acc 0.580 [9.9m]
[frozen_mid_low] step  15000 lr 5.52e-04 train 1.105 val 1.480 acc 0.575 [10.1m]
[frozen_mid_low] step  15250 lr 5.41e-04 train 1.162 val 1.505 acc 0.573 [10.2m]
[frozen_mid_low] step  15500 lr 5.29e-04 train 1.153 val 1.492 acc 0.579 [10.4m]
[frozen_mid_low] step  15750 lr 5.17e-04 train 1.116 val 1.485 acc 0.577 [10.6m]
[frozen_mid_low] step  16000 lr 5.05e-04 train 1.140 val 1.506 acc 0.573 [10.7m]
[frozen_mid_low] step  16250 lr 4.93e-04 train 1.108 val 1.484 acc 0.578 [10.9m]
[frozen_mid_low] step  16500 lr 4.82e-04 train 1.126 val 1.483 acc 0.578 [11.1m]
[frozen_mid_low] step  16750 lr 4.70e-04 train 1.160 val 1.503 acc 0.576 [11.2m]
[frozen_mid_low] step  17000 lr 4.58e-04 train 1.108 val 1.511 acc 0.575 [11.4m]
[frozen_mid_low] step  17250 lr 4.47e-04 train 1.091 val 1.534 acc 0.569 [11.6m]
[frozen_mid_low] step  17500 lr 4.35e-04 train 1.066 val 1.501 acc 0.577 [11.7m]
[frozen_mid_low] step  17750 lr 4.24e-04 train 1.136 val 1.549 acc 0.572 [11.9m]
[frozen_mid_low] step  18000 lr 4.13e-04 train 1.048 val 1.521 acc 0.576 [12.1m]
[frozen_mid_low] step  18250 lr 4.02e-04 train 1.064 val 1.508 acc 0.575 [12.3m]
[frozen_mid_low] step  18500 lr 3.90e-04 train 1.095 val 1.516 acc 0.575 [12.4m]
[frozen_mid_low] step  18750 lr 3.79e-04 train 1.077 val 1.511 acc 0.577 [12.6m]
[frozen_mid_low] step  19000 lr 3.69e-04 train 1.056 val 1.511 acc 0.577 [12.8m]
[frozen_mid_low] step  19250 lr 3.58e-04 train 1.095 val 1.515 acc 0.578 [12.9m]
[frozen_mid_low] step  19500 lr 3.47e-04 train 1.107 val 1.529 acc 0.573 [13.1m]
[frozen_mid_low] step  19750 lr 3.37e-04 train 1.023 val 1.516 acc 0.579 [13.3m]
[frozen_mid_low] step  20000 lr 3.26e-04 train 1.102 val 1.515 acc 0.576 [13.4m]
[frozen_mid_low] step  20250 lr 3.16e-04 train 1.089 val 1.539 acc 0.573 [13.6m]
[frozen_mid_low] step  20500 lr 3.06e-04 train 1.083 val 1.539 acc 0.574 [13.8m]
[frozen_mid_low] step  20750 lr 2.96e-04 train 1.068 val 1.516 acc 0.577 [13.9m]
[frozen_mid_low] step  21000 lr 2.87e-04 train 1.067 val 1.504 acc 0.579 [14.1m]
[frozen_mid_low] step  21250 lr 2.77e-04 train 1.043 val 1.529 acc 0.576 [14.3m]
[frozen_mid_low] step  21500 lr 2.68e-04 train 1.048 val 1.530 acc 0.575 [14.4m]
[frozen_mid_low] step  21750 lr 2.59e-04 train 1.070 val 1.529 acc 0.575 [14.6m]
[frozen_mid_low] step  22000 lr 2.50e-04 train 1.097 val 1.511 acc 0.578 [14.8m]
[frozen_mid_low] step  22250 lr 2.41e-04 train 1.099 val 1.540 acc 0.574 [14.9m]
[frozen_mid_low] step  22500 lr 2.33e-04 train 1.045 val 1.550 acc 0.572 [15.1m]
[frozen_mid_low] step  22750 lr 2.24e-04 train 1.050 val 1.546 acc 0.576 [15.3m]
[frozen_mid_low] step  23000 lr 2.16e-04 train 1.065 val 1.539 acc 0.574 [15.4m]
[frozen_mid_low] step  23250 lr 2.09e-04 train 1.078 val 1.542 acc 0.574 [15.6m]
[frozen_mid_low] step  23500 lr 2.01e-04 train 1.028 val 1.532 acc 0.579 [15.8m]
[frozen_mid_low] step  23750 lr 1.94e-04 train 1.075 val 1.544 acc 0.575 [15.9m]
[frozen_mid_low] step  24000 lr 1.86e-04 train 1.075 val 1.540 acc 0.576 [16.1m]
[frozen_mid_low] step  24250 lr 1.80e-04 train 1.053 val 1.534 acc 0.575 [16.3m]
[frozen_mid_low] step  24500 lr 1.73e-04 train 1.037 val 1.534 acc 0.578 [16.5m]
[frozen_mid_low] step  24750 lr 1.67e-04 train 1.060 val 1.545 acc 0.577 [16.6m]
[frozen_mid_low] step  25000 lr 1.61e-04 train 1.030 val 1.540 acc 0.577 [16.8m]
[frozen_mid_low] step  25250 lr 1.55e-04 train 1.062 val 1.552 acc 0.576 [17.0m]
[frozen_mid_low] step  25500 lr 1.49e-04 train 1.034 val 1.549 acc 0.576 [17.1m]
[frozen_mid_low] step  25750 lr 1.44e-04 train 1.040 val 1.540 acc 0.578 [17.3m]
[frozen_mid_low] step  26000 lr 1.39e-04 train 1.070 val 1.542 acc 0.578 [17.5m]
[frozen_mid_low] step  26250 lr 1.34e-04 train 1.040 val 1.540 acc 0.577 [17.6m]
[frozen_mid_low] step  26500 lr 1.30e-04 train 1.030 val 1.537 acc 0.580 [17.8m]
[frozen_mid_low] step  26750 lr 1.26e-04 train 1.059 val 1.556 acc 0.574 [18.0m]
[frozen_mid_low] step  27000 lr 1.22e-04 train 1.030 val 1.552 acc 0.576 [18.1m]
[frozen_mid_low] step  27250 lr 1.19e-04 train 1.024 val 1.551 acc 0.578 [18.3m]
[frozen_mid_low] step  27500 lr 1.15e-04 train 1.047 val 1.554 acc 0.579 [18.5m]
[frozen_mid_low] step  27750 lr 1.13e-04 train 1.031 val 1.549 acc 0.578 [18.6m]
[frozen_mid_low] step  28000 lr 1.10e-04 train 1.073 val 1.561 acc 0.575 [18.8m]
[frozen_mid_low] step  28250 lr 1.08e-04 train 1.036 val 1.546 acc 0.575 [19.0m]
[frozen_mid_low] step  28500 lr 1.06e-04 train 1.051 val 1.559 acc 0.577 [19.1m]
[frozen_mid_low] step  28750 lr 1.04e-04 train 1.036 val 1.556 acc 0.577 [19.3m]
[frozen_mid_low] step  29000 lr 1.02e-04 train 1.028 val 1.550 acc 0.578 [19.5m]
[frozen_mid_low] step  29250 lr 1.01e-04 train 1.030 val 1.536 acc 0.579 [19.6m]
[frozen_mid_low] step  29500 lr 1.01e-04 train 1.018 val 1.552 acc 0.576 [19.8m]
[frozen_mid_low] step  29750 lr 1.00e-04 train 1.022 val 1.562 acc 0.576 [20.0m]
[frozen_mid_low] step  30000 lr 1.00e-04 train 1.021 val 1.564 acc 0.573 [20.2m]
[frozen_mid_low] DONE step=30000 val_acc=0.5732 best=0.5798 matched={'step': 3500, 'val_acc': 0.5502685546875, 'val_loss': 1.5254012942314148}
