final k=0.5 s=0: R2=0.9752 R_L3=1.041
final k=0.5 s=1: R2=0.9831 R_L3=1.047
final k=0.5 s=2: R2=0.9861 R_L3=1.046
final k=1 s=0: R2=0.9817 R_L3=1.055
final k=1 s=1: R2=0.9849 R_L3=1.055
final k=1 s=2: R2=0.9843 R_L3=1.055
final k=2 s=0: R2=0.9824 R_L3=1.111
final k=2 s=1: R2=0.9893 R_L3=1.108
final k=2 s=2: R2=0.9820 R_L3=1.109
final k=5 s=0: R2=0.9840 R_L3=1.410
final k=5 s=1: R2=0.9891 R_L3=1.436
final k=5 s=2: R2=0.9823 R_L3=1.412
final k=10 s=0: R2=0.9743 R_L3=1.739
final k=10 s=1: R2=0.9822 R_L3=2.048
final k=10 s=2: R2=0.9762 R_L3=1.683
best_val k=0.5 s=0: R2=0.9755 R_L3=1.043
best_val k=0.5 s=1: R2=0.9833 R_L3=1.047
best_val k=0.5 s=2: R2=0.9859 R_L3=1.047
best_val k=1 s=0: R2=0.9817 R_L3=1.057
best_val k=1 s=1: R2=0.9850 R_L3=1.055
best_val k=1 s=2: R2=0.9844 R_L3=1.056
best_val k=2 s=0: R2=0.9825 R_L3=1.111
best_val k=2 s=1: R2=0.9894 R_L3=1.108
best_val k=2 s=2: R2=0.9821 R_L3=1.109
best_val k=5 s=0: R2=0.9841 R_L3=1.410
best_val k=5 s=1: R2=0.9892 R_L3=1.436
best_val k=5 s=2: R2=0.9824 R_L3=1.412
best_val k=10 s=0: R2=0.9741 R_L3=1.730
best_val k=10 s=1: R2=0.9822 R_L3=2.048
best_val k=10 s=2: R2=0.9762 R_L3=1.682
saved results/analysis_n10k.json
