params=8.38M vocab=65
step      0 lr 0.00e+00 train 4.230 val 4.228 acc 0.026 [0.0m]
step    250 lr 1.00e-03 train 2.299 val 2.282 acc 0.322 [0.2m]
step    500 lr 1.00e-03 train 1.923 val 1.955 acc 0.419 [0.4m]
step    750 lr 9.99e-04 train 1.707 val 1.795 acc 0.467 [0.6m]
step   1000 lr 9.98e-04 train 1.620 val 1.681 acc 0.502 [0.8m]
step   1250 lr 9.97e-04 train 1.482 val 1.621 acc 0.515 [0.9m]
step   1500 lr 9.95e-04 train 1.436 val 1.570 acc 0.533 [1.1m]
step   1750 lr 9.93e-04 train 1.351 val 1.555 acc 0.540 [1.3m]
step   2000 lr 9.91e-04 train 1.321 val 1.529 acc 0.546 [1.5m]
step   2250 lr 9.89e-04 train 1.323 val 1.517 acc 0.547 [1.7m]
step   2500 lr 9.86e-04 train 1.299 val 1.504 acc 0.552 [1.9m]
step   2750 lr 9.83e-04 train 1.289 val 1.492 acc 0.559 [2.1m]
step   3000 lr 9.79e-04 train 1.258 val 1.503 acc 0.558 [2.3m]
step   3250 lr 9.76e-04 train 1.231 val 1.494 acc 0.563 [2.5m]
step   3500 lr 9.72e-04 train 1.215 val 1.499 acc 0.562 [2.6m]
step   3750 lr 9.67e-04 train 1.223 val 1.470 acc 0.566 [2.8m]
step   4000 lr 9.63e-04 train 1.183 val 1.479 acc 0.568 [3.0m]
step   4250 lr 9.58e-04 train 1.193 val 1.479 acc 0.570 [3.2m]
step   4500 lr 9.53e-04 train 1.200 val 1.503 acc 0.568 [3.4m]
step   4750 lr 9.47e-04 train 1.130 val 1.498 acc 0.566 [3.6m]
step   5000 lr 9.42e-04 train 1.137 val 1.492 acc 0.569 [3.8m]
step   5250 lr 9.36e-04 train 1.146 val 1.525 acc 0.567 [4.0m]
step   5500 lr 9.29e-04 train 1.108 val 1.506 acc 0.571 [4.2m]
step   5750 lr 9.23e-04 train 1.110 val 1.518 acc 0.568 [4.4m]
step   6000 lr 9.16e-04 train 1.100 val 1.533 acc 0.567 [4.6m]
step   6250 lr 9.09e-04 train 1.117 val 1.558 acc 0.567 [4.7m]
step   6500 lr 9.02e-04 train 1.052 val 1.524 acc 0.571 [4.9m]
step   6750 lr 8.95e-04 train 1.066 val 1.532 acc 0.569 [5.1m]
step   7000 lr 8.87e-04 train 1.047 val 1.552 acc 0.568 [5.3m]
step   7250 lr 8.79e-04 train 1.025 val 1.535 acc 0.573 [5.5m]
step   7500 lr 8.71e-04 train 1.027 val 1.561 acc 0.569 [5.7m]
step   7750 lr 8.62e-04 train 0.989 val 1.593 acc 0.567 [5.9m]
step   8000 lr 8.54e-04 train 0.986 val 1.597 acc 0.567 [6.1m]
step   8250 lr 8.45e-04 train 0.976 val 1.570 acc 0.568 [6.3m]
step   8500 lr 8.36e-04 train 1.002 val 1.641 acc 0.560 [6.5m]
step   8750 lr 8.27e-04 train 0.975 val 1.647 acc 0.562 [6.6m]
step   9000 lr 8.17e-04 train 0.910 val 1.631 acc 0.566 [6.8m]
step   9250 lr 8.08e-04 train 0.947 val 1.649 acc 0.566 [7.0m]
step   9500 lr 7.98e-04 train 0.925 val 1.650 acc 0.565 [7.2m]
step   9750 lr 7.88e-04 train 0.938 val 1.650 acc 0.565 [7.4m]
step  10000 lr 7.78e-04 train 0.926 val 1.677 acc 0.565 [7.6m]
step  10250 lr 7.67e-04 train 0.921 val 1.688 acc 0.565 [7.8m]
step  10500 lr 7.57e-04 train 0.924 val 1.707 acc 0.562 [8.0m]
step  10750 lr 7.46e-04 train 0.857 val 1.699 acc 0.564 [8.2m]
step  11000 lr 7.36e-04 train 0.876 val 1.731 acc 0.562 [8.4m]
step  11250 lr 7.25e-04 train 0.848 val 1.717 acc 0.565 [8.5m]
step  11500 lr 7.14e-04 train 0.869 val 1.740 acc 0.561 [8.7m]
step  11750 lr 7.03e-04 train 0.879 val 1.757 acc 0.562 [8.9m]
step  12000 lr 6.92e-04 train 0.850 val 1.755 acc 0.561 [9.1m]
step  12250 lr 6.80e-04 train 0.831 val 1.760 acc 0.562 [9.3m]
step  12500 lr 6.69e-04 train 0.794 val 1.770 acc 0.561 [9.5m]
step  12750 lr 6.58e-04 train 0.819 val 1.774 acc 0.563 [9.7m]
step  13000 lr 6.46e-04 train 0.796 val 1.791 acc 0.564 [9.9m]
step  13250 lr 6.35e-04 train 0.804 val 1.820 acc 0.558 [10.1m]
step  13500 lr 6.23e-04 train 0.780 val 1.840 acc 0.556 [10.3m]
step  13750 lr 6.11e-04 train 0.809 val 1.825 acc 0.561 [10.4m]
step  14000 lr 6.00e-04 train 0.777 val 1.850 acc 0.559 [10.6m]
step  14250 lr 5.88e-04 train 0.797 val 1.825 acc 0.562 [10.8m]
step  14500 lr 5.76e-04 train 0.772 val 1.884 acc 0.556 [11.0m]
step  14750 lr 5.64e-04 train 0.788 val 1.857 acc 0.562 [11.2m]
step  15000 lr 5.52e-04 train 0.740 val 1.851 acc 0.557 [11.4m]
step  15250 lr 5.41e-04 train 0.779 val 1.930 acc 0.555 [11.6m]
step  15500 lr 5.29e-04 train 0.787 val 1.905 acc 0.558 [11.8m]
step  15750 lr 5.17e-04 train 0.738 val 1.919 acc 0.558 [12.0m]
step  16000 lr 5.05e-04 train 0.755 val 1.959 acc 0.555 [12.2m]
step  16250 lr 4.93e-04 train 0.715 val 1.916 acc 0.560 [12.3m]
step  16500 lr 4.82e-04 train 0.706 val 1.926 acc 0.560 [12.5m]
step  16750 lr 4.70e-04 train 0.711 val 1.979 acc 0.556 [12.7m]
step  17000 lr 4.58e-04 train 0.701 val 1.996 acc 0.555 [12.9m]
step  17250 lr 4.47e-04 train 0.681 val 2.043 acc 0.549 [13.1m]
step  17500 lr 4.35e-04 train 0.660 val 2.002 acc 0.556 [13.3m]
step  17750 lr 4.24e-04 train 0.684 val 2.071 acc 0.551 [13.5m]
step  18000 lr 4.13e-04 train 0.645 val 2.026 acc 0.555 [13.7m]
step  18250 lr 4.02e-04 train 0.658 val 2.042 acc 0.556 [13.9m]
step  18500 lr 3.90e-04 train 0.656 val 2.044 acc 0.554 [14.1m]
step  18750 lr 3.79e-04 train 0.650 val 2.043 acc 0.558 [14.2m]
step  19000 lr 3.69e-04 train 0.636 val 2.043 acc 0.557 [14.4m]
step  19250 lr 3.58e-04 train 0.670 val 2.065 acc 0.557 [14.6m]
step  19500 lr 3.47e-04 train 0.635 val 2.102 acc 0.551 [14.8m]
step  19750 lr 3.37e-04 train 0.600 val 2.079 acc 0.557 [15.0m]
step  20000 lr 3.26e-04 train 0.633 val 2.081 acc 0.556 [15.2m]
step  20250 lr 3.16e-04 train 0.631 val 2.131 acc 0.550 [15.4m]
step  20500 lr 3.06e-04 train 0.614 val 2.140 acc 0.552 [15.6m]
step  20750 lr 2.96e-04 train 0.623 val 2.107 acc 0.556 [15.8m]
step  21000 lr 2.87e-04 train 0.641 val 2.111 acc 0.557 [16.0m]
step  21250 lr 2.77e-04 train 0.615 val 2.144 acc 0.555 [16.1m]
step  21500 lr 2.68e-04 train 0.601 val 2.145 acc 0.556 [16.3m]
