Warning: You are sending unauthenticated requests to the HF Hub. Please set a HF_TOKEN to enable higher rate limits and faster downloads.
Loading weights:   0%|          | 0/148 [00:00<?, ?it/s]Loading weights: 100%|██████████| 148/148 [00:00<00:00, 6534.97it/s]
device: cuda
SST-2: 500 pos / 500 neg sentences
family |v| (matched): {'diffmean': 11.0, 'logreg': 11.0, 'pca': 11.0}
cos to SST2-DiffMean: {'diffmean': 1.0, 'logreg': 0.398, 'pca': 0.302} | cos(SST2-DM, hand-DM)= 0.493
clean D_M=27.32 mean|h|=112.24
clean eval loss = 3.731

==== family: diffmean (|v|=11.00) ====
  ep0 step  25 a= 1.9 LM=3.981 near=0.148
  ep1 step  50 a= 4.4 LM=4.091 near=0.170
  ep1 step  75 a= 7.2 LM=4.361 near=0.506
  ep2 step 100 a= 1.4 LM=4.022 near=0.099
  ep3 step 125 a= 6.4 LM=4.280 near=0.364
  ep3 step 150 a= 7.2 LM=4.237 near=0.636
  ep4 step 175 a= 2.8 LM=4.173 near=0.235
  ep5 step 200 a= 5.5 LM=4.192 near=0.481
  ep5 step 225 a= 1.3 LM=3.878 near=0.245
  a= 1.0 ΔLM raw=+0.076 learned=-0.087 rec=  214%  D_M 27.6/31.0
  a= 2.0 ΔLM raw=+0.318 learned=-0.071 rec=  122%  D_M 28.4/33.5
  a= 4.0 ΔLM raw=+1.306 learned=+0.023 rec=   98%  D_M 31.5/42.6
  a= 6.0 ΔLM raw=+2.432 learned=+0.190 rec=   92%  D_M 36.0/53.9
  a= 8.0 ΔLM raw=+3.408 learned=+0.471 rec=   86%  D_M 41.4/65.2

==== family: logreg (|v|=11.00) ====
  ep0 step  25 a= 1.9 LM=3.810 near=0.083
  ep1 step  50 a= 4.4 LM=4.048 near=0.205
  ep1 step  75 a= 7.2 LM=4.284 near=0.369
  ep2 step 100 a= 1.4 LM=3.999 near=0.116
  ep3 step 125 a= 6.4 LM=4.225 near=0.408
  ep3 step 150 a= 7.2 LM=4.249 near=0.414
  ep4 step 175 a= 2.8 LM=4.112 near=0.170
  ep5 step 200 a= 5.5 LM=4.165 near=0.412
  ep5 step 225 a= 1.3 LM=3.831 near=0.267
  a= 1.0 ΔLM raw=+0.054 learned=-0.080 rec=  247%  D_M 28.2/33.1
  a= 2.0 ΔLM raw=+0.199 learned=-0.061 rec=  131%  D_M 30.7/37.4
  a= 4.0 ΔLM raw=+0.807 learned=+0.037 rec=   95%  D_M 38.9/50.4
  a= 6.0 ΔLM raw=+1.769 learned=+0.191 rec=   89%  D_M 49.7/65.3
  a= 8.0 ΔLM raw=+2.626 learned=+0.420 rec=   84%  D_M 61.6/80.1

==== family: pca (|v|=11.00) ====
  ep0 step  25 a= 1.9 LM=3.772 near=0.073
  ep1 step  50 a= 4.4 LM=3.849 near=0.129
  ep1 step  75 a= 7.2 LM=3.884 near=0.146
  ep2 step 100 a= 1.4 LM=3.915 near=0.049
  ep3 step 125 a= 6.4 LM=3.896 near=0.118
  ep3 step 150 a= 7.2 LM=3.805 near=0.133
  ep4 step 175 a= 2.8 LM=4.044 near=0.079
  ep5 step 200 a= 5.5 LM=3.913 near=0.194
  ep5 step 225 a= 1.3 LM=3.794 near=0.065
  a= 1.0 ΔLM raw=+0.021 learned=-0.101 rec=  581%  D_M 27.3/32.1
  a= 2.0 ΔLM raw=+0.095 learned=-0.104 rec=  210%  D_M 27.3/33.6
  a= 4.0 ΔLM raw=+0.533 learned=-0.098 rec=  118%  D_M 27.3/37.7
  a= 6.0 ΔLM raw=+1.449 learned=-0.074 rec=  105%  D_M 27.3/42.5
  a= 8.0 ΔLM raw=+2.274 learned=-0.016 rec=  101%  D_M 27.3/47.5

saved figure + results
