Warning: You are sending unauthenticated requests to the HF Hub. Please set a HF_TOKEN to enable higher rate limits and faster downloads.
Loading weights:   0%|          | 0/148 [00:00<?, ?it/s]Loading weights: 100%|██████████| 148/148 [00:00<00:00, 37177.76it/s]
device: cuda layer: 6
|POS|=20  |NEG|=20
clean eval loss = 3.731  clean D_M=27.23

=== boot 0 — seed=0 |v|=11.08 cos(v,v_full)=1.0000 — training ===
  ep0 step  25 a= 1.9 LM=3.864 near=0.137
  ep1 step  50 a= 4.4 LM=4.066 near=0.282
  ep1 step  75 a= 7.2 LM=4.436 near=0.616
  ep2 step 100 a= 1.4 LM=3.991 near=0.150
  ep3 step 125 a= 6.4 LM=4.257 near=0.769
  ep3 step 150 a= 7.2 LM=4.305 near=0.454
  ep4 step 175 a= 2.8 LM=4.162 near=0.297
  ep5 step 200 a= 5.5 LM=4.214 near=0.413
  ep5 step 225 a= 1.3 LM=3.855 near=0.309
boot 0 raw ΔLM: ['+0.076', '+0.325', '+1.222', '+2.111', '+2.778']
boot 0 recovery: ['191%', '116%', '95%', '89%', '84%']

=== boot 1 — seed=1 |v|=14.43 cos(v,v_full)=0.7857 — training ===
  ep0 step  25 a= 3.7 LM=4.677 near=0.179
  ep1 step  50 a= 3.9 LM=4.358 near=0.285
  ep1 step  75 a= 2.3 LM=3.776 near=0.197
  ep2 step 100 a= 1.1 LM=3.766 near=0.321
  ep3 step 125 a= 0.7 LM=4.256 near=0.415
  ep3 step 150 a= 7.1 LM=4.238 near=0.970
  ep4 step 175 a= 1.9 LM=4.256 near=0.355
  ep5 step 200 a= 2.8 LM=4.023 near=0.475
  ep5 step 225 a= 6.8 LM=4.247 near=1.017
boot 1 raw ΔLM: ['+0.106', '+0.479', '+1.627', '+2.645', '+3.483']
boot 1 recovery: ['109%', '100%', '92%', '86%', '79%']

=== boot 2 — seed=2 |v|=13.20 cos(v,v_full)=0.7857 — training ===
  ep0 step  25 a= 0.8 LM=4.098 near=0.014
  ep1 step  50 a= 0.6 LM=3.856 near=0.079
  ep1 step  75 a= 5.5 LM=4.344 near=0.535
  ep2 step 100 a= 3.7 LM=3.894 near=0.511
  ep3 step 125 a= 3.0 LM=4.066 near=0.220
  ep3 step 150 a= 3.6 LM=4.322 near=0.430
  ep4 step 175 a= 6.2 LM=4.278 near=0.487
  ep5 step 200 a= 2.8 LM=4.158 near=0.545
  ep5 step 225 a= 7.8 LM=4.743 near=1.143
boot 2 raw ΔLM: ['+0.100', '+0.414', '+1.438', '+2.418', '+3.123']
boot 2 recovery: ['170%', '112%', '95%', '88%', '80%']

=== boot 3 — seed=3 |v|=18.23 cos(v,v_full)=0.5638 — training ===
  ep0 step  25 a= 4.9 LM=4.697 near=0.145
  ep1 step  50 a= 3.1 LM=4.194 near=0.170
  ep1 step  75 a= 7.4 LM=4.612 near=1.312
  ep2 step 100 a= 5.9 LM=4.402 near=0.965
  ep3 step 125 a= 7.9 LM=4.883 near=1.191
  ep3 step 150 a= 2.9 LM=3.992 near=0.205
  ep4 step 175 a= 2.2 LM=3.973 near=0.237
  ep5 step 200 a= 5.2 LM=3.971 near=0.658
  ep5 step 225 a= 5.5 LM=4.147 near=0.772
boot 3 raw ΔLM: ['+0.104', '+0.458', '+1.552', '+2.441', '+3.146']
boot 3 recovery: ['174%', '115%', '97%', '89%', '80%']

=== boot 4 — seed=4 |v|=19.74 cos(v,v_full)=0.5944 — training ===
  ep0 step  25 a= 1.5 LM=4.096 near=0.079
  ep1 step  50 a= 4.3 LM=4.336 near=0.257
  ep1 step  75 a= 6.6 LM=4.657 near=0.759
  ep2 step 100 a= 6.5 LM=4.043 near=0.758
  ep3 step 125 a= 4.6 LM=4.147 near=0.710
  ep3 step 150 a= 3.4 LM=3.949 near=0.293
  ep4 step 175 a= 1.1 LM=3.856 near=0.105
  ep5 step 200 a= 5.4 LM=4.132 near=0.644
  ep5 step 225 a= 2.7 LM=3.867 near=0.235
boot 4 raw ΔLM: ['+0.161', '+0.703', '+2.090', '+2.832', '+3.301']
boot 4 recovery: ['162%', '111%', '100%', '95%', '86%']

=== boot 5 — seed=5 |v|=14.57 cos(v,v_full)=0.7385 — training ===
  ep0 step  25 a= 3.8 LM=4.478 near=0.110
  ep1 step  50 a= 7.6 LM=4.828 near=0.526
  ep1 step  75 a= 2.9 LM=4.513 near=0.273
  ep2 step 100 a= 2.8 LM=4.028 near=0.316
  ep3 step 125 a= 3.8 LM=4.338 near=0.500
  ep3 step 150 a= 4.2 LM=4.173 near=0.580
  ep4 step 175 a= 3.5 LM=3.874 near=0.574
  ep5 step 200 a= 3.0 LM=4.057 near=0.499
  ep5 step 225 a= 5.4 LM=4.287 near=0.879
boot 5 raw ΔLM: ['+0.101', '+0.434', '+1.563', '+2.573', '+3.440']
boot 5 recovery: ['164%', '110%', '95%', '87%', '79%']

=== aggregate over 5 JOINT resamples (b=0 reference) ===
cos(v_boot, v_full): mean=0.6936 min=0.5638
alpha= 1.0  recovery=155.6±26.3%  [109,174]  (b=0 ref 190.8%)
alpha= 2.0  recovery=109.8±5.6%  [100,115]  (b=0 ref 115.8%)
alpha= 4.0  recovery=95.7±3.2%  [92,100]  (b=0 ref 95.3%)
alpha= 6.0  recovery=88.8±3.5%  [86,95]  (b=0 ref 89.4%)
alpha= 8.0  recovery=80.9±2.9%  [79,86]  (b=0 ref 84.3%)
saved figure + results
