123 original + 127 new = 250 tokens (0 dropped for having no curve at or below edge 0.1)
feature tie-check over 123 shared tokens: largest absolute difference 0.00e+00
/workspace/marsv_agent_haoyang/dir21_beyond_successor_jsd/experiments/xmodel_analysis.py:33: RuntimeWarning: All-NaN slice encountered
  return np.nanmedian(v[(i % N_ANCHOR) % 2 == 0]), np.nanmedian(v[(i % N_ANCHOR) % 2 == 1])
[old  n= 80 test= 43 ridge] shape             rho +0.820 +- 0.037 (ceiling 0.927 -> +0.884); null -0.034 +- 0.103 (2sd band 0.206), permutation p 0.020
[old  n= 80 test= 43 krr  ] shape             rho +0.812 +- 0.040 (ceiling 0.927 -> +0.876); null -0.033 +- 0.101 (2sd band 0.202), permutation p 0.020
[old  n= 80 test= 43 ridge] width             rho +0.627 +- 0.062 (ceiling 0.857 -> +0.731); null -0.003 +- 0.103 (2sd band 0.206), permutation p 0.020
[old  n= 80 test= 43 krr  ] width             rho +0.642 +- 0.058 (ceiling 0.857 -> +0.749); null +0.004 +- 0.099 (2sd band 0.198), permutation p 0.020
[old  n= 80 test= 43 ridge] width_given_shape rho +0.089 +- 0.139 (ceiling 0.630 -> +0.141); null +0.013 +- 0.089 (2sd band 0.178), permutation p 0.176
[old  n= 80 test= 43 krr  ] width_given_shape rho +0.145 +- 0.134 (ceiling 0.630 -> +0.229); null +0.013 +- 0.090 (2sd band 0.180), permutation p 0.118
[old  n= 80 test= 43 ridge] shape_given_width rho +0.318 +- 0.100 (ceiling 0.739 -> +0.430); null -0.017 +- 0.079 (2sd band 0.159), permutation p 0.020
[old  n= 80 test= 43 krr  ] shape_given_width rho +0.338 +- 0.101 (ceiling 0.739 -> +0.457); null -0.018 +- 0.087 (2sd band 0.174), permutation p 0.020
[new  n= 80 test= 47 ridge] shape             rho +0.557 +- 0.075 (ceiling 0.895 -> +0.622); null -0.016 +- 0.099 (2sd band 0.198), permutation p 0.020
[new  n= 80 test= 47 krr  ] shape             rho +0.574 +- 0.074 (ceiling 0.895 -> +0.641); null -0.017 +- 0.092 (2sd band 0.184), permutation p 0.020
[new  n= 80 test= 47 ridge] width             rho +0.409 +- 0.106 (ceiling 0.774 -> +0.528); null +0.003 +- 0.096 (2sd band 0.193), permutation p 0.020
[new  n= 80 test= 47 krr  ] width             rho +0.410 +- 0.112 (ceiling 0.774 -> +0.530); null +0.005 +- 0.088 (2sd band 0.176), permutation p 0.020
[new  n= 80 test= 47 ridge] width_given_shape rho +0.264 +- 0.105 (ceiling 0.708 -> +0.373); null +0.022 +- 0.078 (2sd band 0.156), permutation p 0.020
[new  n= 80 test= 47 krr  ] width_given_shape rho +0.286 +- 0.110 (ceiling 0.708 -> +0.404); null +0.025 +- 0.082 (2sd band 0.163), permutation p 0.020
[new  n= 80 test= 47 ridge] shape_given_width rho +0.434 +- 0.092 (ceiling 0.839 -> +0.517); null -0.000 +- 0.089 (2sd band 0.178), permutation p 0.020
[new  n= 80 test= 47 krr  ] shape_given_width rho +0.452 +- 0.086 (ceiling 0.839 -> +0.539); null +0.004 +- 0.086 (2sd band 0.173), permutation p 0.020
[all  n= 80 test=170 ridge] shape             rho +0.752 +- 0.023 (ceiling 0.923 -> +0.816); null +0.004 +- 0.042 (2sd band 0.083), permutation p 0.020
[all  n= 80 test=170 krr  ] shape             rho +0.749 +- 0.026 (ceiling 0.923 -> +0.812); null +0.006 +- 0.044 (2sd band 0.087), permutation p 0.020
[all  n= 80 test=170 ridge] width             rho +0.573 +- 0.038 (ceiling 0.825 -> +0.695); null +0.003 +- 0.046 (2sd band 0.092), permutation p 0.020
[all  n= 80 test=170 krr  ] width             rho +0.578 +- 0.039 (ceiling 0.825 -> +0.701); null +0.003 +- 0.048 (2sd band 0.096), permutation p 0.020
[all  n= 80 test=170 ridge] width_given_shape rho +0.216 +- 0.055 (ceiling 0.698 -> +0.310); null +0.004 +- 0.052 (2sd band 0.104), permutation p 0.020
[all  n= 80 test=170 krr  ] width_given_shape rho +0.248 +- 0.065 (ceiling 0.698 -> +0.356); null +0.000 +- 0.052 (2sd band 0.103), permutation p 0.020
[all  n= 80 test=170 ridge] shape_given_width rho +0.416 +- 0.049 (ceiling 0.823 -> +0.505); null +0.007 +- 0.042 (2sd band 0.084), permutation p 0.020
[all  n= 80 test=170 krr  ] shape_given_width rho +0.436 +- 0.042 (ceiling 0.823 -> +0.529); null +0.007 +- 0.044 (2sd band 0.088), permutation p 0.020
[all  n=125 test=125 ridge] shape             rho +0.778 +- 0.031 (ceiling 0.923 -> +0.844); null +0.009 +- 0.052 (2sd band 0.103), permutation p 0.020
[all  n=125 test=125 krr  ] shape             rho +0.776 +- 0.031 (ceiling 0.923 -> +0.842); null +0.010 +- 0.053 (2sd band 0.107), permutation p 0.020
[all  n=125 test=125 ridge] width             rho +0.589 +- 0.056 (ceiling 0.825 -> +0.714); null +0.004 +- 0.060 (2sd band 0.119), permutation p 0.020
[all  n=125 test=125 krr  ] width             rho +0.604 +- 0.051 (ceiling 0.825 -> +0.733); null +0.002 +- 0.063 (2sd band 0.125), permutation p 0.020
[all  n=125 test=125 ridge] width_given_shape rho +0.228 +- 0.063 (ceiling 0.698 -> +0.326); null +0.003 +- 0.069 (2sd band 0.138), permutation p 0.020
[all  n=125 test=125 krr  ] width_given_shape rho +0.265 +- 0.068 (ceiling 0.698 -> +0.380); null -0.003 +- 0.067 (2sd band 0.133), permutation p 0.020
[all  n=125 test=125 ridge] shape_given_width rho +0.446 +- 0.059 (ceiling 0.823 -> +0.541); null +0.011 +- 0.051 (2sd band 0.103), permutation p 0.020
[all  n=125 test=125 krr  ] shape_given_width rho +0.459 +- 0.051 (ceiling 0.823 -> +0.558); null +0.011 +- 0.052 (2sd band 0.104), permutation p 0.020
[within-sample control n=125 test=125 ridge] shape             rho +0.731 +- 0.037; null +0.006 +- 0.053 (2sd band 0.106), p 0.020
[within-sample control n=125 test=125 krr  ] shape             rho +0.733 +- 0.037; null +0.007 +- 0.054 (2sd band 0.109), p 0.020
[within-sample control n=125 test=125 ridge] width             rho +0.545 +- 0.058; null +0.002 +- 0.056 (2sd band 0.113), p 0.020
[within-sample control n=125 test=125 krr  ] width             rho +0.558 +- 0.053; null -0.001 +- 0.059 (2sd band 0.119), p 0.020
[within-sample control n=125 test=125 ridge] width_given_shape rho +0.224 +- 0.064; null +0.002 +- 0.068 (2sd band 0.136), p 0.020
[within-sample control n=125 test=125 krr  ] width_given_shape rho +0.255 +- 0.061; null -0.003 +- 0.065 (2sd band 0.129), p 0.020
[within-sample control n=125 test=125 ridge] shape_given_width rho +0.386 +- 0.068; null +0.010 +- 0.057 (2sd band 0.114), p 0.020
[within-sample control n=125 test=125 krr  ] shape_given_width rho +0.393 +- 0.061; null +0.009 +- 0.057 (2sd band 0.113), p 0.020

tie-check vs pattern 46 at block6, n_train=80: largest |rho diff| 0.0000 over 8 probes
price check [old  n_test= 43 ridge] null sd 0.0888 vs predicted 0.0872
price check [old  n_test= 43 krr  ] null sd 0.0901 vs predicted 0.0872
price check [new  n_test= 47 ridge] null sd 0.0779 vs predicted 0.0834
price check [new  n_test= 47 krr  ] null sd 0.0817 vs predicted 0.0834
price check [all  n_test=170 ridge] null sd 0.0522 vs predicted 0.0439
price check [all  n_test=170 krr  ] null sd 0.0517 vs predicted 0.0439
price check [all  n_test=125 ridge] null sd 0.0691 vs predicted 0.0512
price check [all  n_test=125 krr  ] null sd 0.0667 vs predicted 0.0512

wrote /workspace/marsv_agent_haoyang/dir21_beyond_successor_jsd/results/pool.json
