  clf step 5000: train=0.00042 val=0.00575 acc=0.964 (6s)
  clf step 10000: train=0.00006 val=0.00525 acc=0.966125 (13s)
  clf step 15000: train=0.00003 val=0.00544 acc=0.96675 (18s)
  clf step 20000: train=0.00000 val=0.00548 acc=0.966 (23s)
  clf step 25000: train=0.00000 val=0.00546 acc=0.9655 (28s)
  clf step 30000: train=0.00000 val=0.00547 acc=0.96575 (33s)
[clf] test_loss=0.006114 test_acc=0.9615 val_min=0.005169@7500 val_final=0.005466
[verify] clf and reg share bit-identical init in layers 1-3
  reg step 5000: train=0.00127 val=0.00138 acc=None (5s)
  reg step 10000: train=0.00111 val=0.00126 acc=None (10s)
  reg step 15000: train=0.00102 val=0.00120 acc=None (15s)
  reg step 20000: train=0.00096 val=0.00116 acc=None (21s)
  reg step 25000: train=0.00093 val=0.00114 acc=None (26s)
  reg step 30000: train=0.00092 val=0.00113 acc=None (31s)
[reg] test_loss=0.001124 test_acc=None val_min=0.001131@29800 val_final=0.001131
{
 "clf": {
  "test_loss": 0.006113843994140625,
  "test_acc": 0.9615,
  "final_train_loss": 1.5297222882509231e-07,
  "val_min_loss": 0.005169415664672852,
  "val_min_step": 7500,
  "val_final_loss": 0.005466400527954101,
  "overfits": true,
  "seconds": 33.29199814796448
 },
 "reg": {
  "test_loss": 0.0011243253746811225,
  "test_acc": null,
  "final_train_loss": 0.0009177573690609056,
  "val_min_loss": 0.0011305566904496174,
  "val_min_step": 29800,
  "val_final_loss": 0.0011308142214405293,
  "overfits": true,
  "seconds": 31.42898988723755
 },
 "baselines": {
  "reg_mean_target": 0.029072215780615807,
  "reg_pool_corrupted": 0.01292342133820057
 },
 "config": {
  "seed": 0,
  "steps": 30000,
  "batch": 200,
  "sigma": 0.3,
  "opt": "AdamW(1e-3, wd=0.01)",
  "sched": "CosineAnnealingLR(eta_min=1e-6)"
 }
}
