Warning: You are sending unauthenticated requests to the HF Hub. Please set a HF_TOKEN to enable higher rate limits and faster downloads.
[transformers] `torch_dtype` is deprecated! Use `dtype` instead!
Loading weights:   0%|          | 0/436 [00:00<?, ?it/s]Loading weights: 100%|██████████| 436/436 [00:00<00:00, 9452.78it/s]
'The capital of France' [464, 3139, 286, 4881]
shard 0: 2048 tokens in 136.5s
shard 2048: 2048 tokens in 136.1s
shard 4096: 2048 tokens in 136.5s
shard 6144: 2048 tokens in 136.2s
shard 8192: 2048 tokens in 136.2s
shard 10240: 2048 tokens in 136.3s
shard 12288: 2048 tokens in 136.5s
shard 14336: 2048 tokens in 136.1s
shard 16384: 2048 tokens in 136.1s
shard 18432: 2048 tokens in 136.6s
shard 20480: 2048 tokens in 136.2s
shard 22528: 2048 tokens in 136.2s
shard 24576: 2048 tokens in 140.7s
shard 26624: 2048 tokens in 136.6s
shard 28672: 2048 tokens in 136.2s
shard 30720: 2048 tokens in 136.1s
shard 32768: 2048 tokens in 136.6s
shard 34816: 2048 tokens in 136.1s
shard 36864: 2048 tokens in 136.1s
shard 38912: 2048 tokens in 136.5s
shard 40960: 2048 tokens in 136.1s
shard 43008: 2048 tokens in 136.1s
shard 45056: 2048 tokens in 136.1s
shard 47104: 2048 tokens in 136.5s
shard 49152: 1104 tokens in 73.2s
